Archive member included because of file (symbol)

/opt/altera/13.0sp1/nios2eds/bin/gnu/H-i686-pc-linux-gnu/bin/../lib/gcc/nios2-elf/4.1.2/mno-hw-mul/libgcc.a(_addsub_df.o)
                              obj/default/IOTasks.o (__adddf3)
/opt/altera/13.0sp1/nios2eds/bin/gnu/H-i686-pc-linux-gnu/bin/../lib/gcc/nios2-elf/4.1.2/mno-hw-mul/libgcc.a(_div_df.o)
                              obj/default/IOTasks.o (__divdf3)
/opt/altera/13.0sp1/nios2eds/bin/gnu/H-i686-pc-linux-gnu/bin/../lib/gcc/nios2-elf/4.1.2/mno-hw-mul/libgcc.a(_si_to_df.o)
                              obj/default/IOTasks.o (__floatsidf)
/opt/altera/13.0sp1/nios2eds/bin/gnu/H-i686-pc-linux-gnu/bin/../lib/gcc/nios2-elf/4.1.2/mno-hw-mul/libgcc.a(_df_to_si.o)
                              obj/default/IOTasks.o (__fixdfsi)
/opt/altera/13.0sp1/nios2eds/bin/gnu/H-i686-pc-linux-gnu/bin/../lib/gcc/nios2-elf/4.1.2/mno-hw-mul/libgcc.a(_thenan_df.o)
                              /opt/altera/13.0sp1/nios2eds/bin/gnu/H-i686-pc-linux-gnu/bin/../lib/gcc/nios2-elf/4.1.2/mno-hw-mul/libgcc.a(_addsub_df.o) (__thenan_df)
/opt/altera/13.0sp1/nios2eds/bin/gnu/H-i686-pc-linux-gnu/bin/../lib/gcc/nios2-elf/4.1.2/mno-hw-mul/libgcc.a(lib2-divmod.o)
                              obj/default/IOTasks.o (__divsi3)
/opt/altera/13.0sp1/nios2eds/bin/gnu/H-i686-pc-linux-gnu/bin/../lib/gcc/nios2-elf/4.1.2/mno-hw-mul/libgcc.a(lib2-mul.o)
                              obj/default/IOTasks.o (__mulsi3)
/opt/altera/13.0sp1/nios2eds/bin/gnu/H-i686-pc-linux-gnu/bin/../lib/gcc/nios2-elf/4.1.2/mno-hw-mul/libgcc.a(_clzsi2.o)
                              /opt/altera/13.0sp1/nios2eds/bin/gnu/H-i686-pc-linux-gnu/bin/../lib/gcc/nios2-elf/4.1.2/mno-hw-mul/libgcc.a(_si_to_df.o) (__clzsi2)
/opt/altera/13.0sp1/nios2eds/bin/gnu/H-i686-pc-linux-gnu/bin/../lib/gcc/nios2-elf/4.1.2/mno-hw-mul/libgcc.a(_pack_df.o)
                              /opt/altera/13.0sp1/nios2eds/bin/gnu/H-i686-pc-linux-gnu/bin/../lib/gcc/nios2-elf/4.1.2/mno-hw-mul/libgcc.a(_addsub_df.o) (__pack_d)
/opt/altera/13.0sp1/nios2eds/bin/gnu/H-i686-pc-linux-gnu/bin/../lib/gcc/nios2-elf/4.1.2/mno-hw-mul/libgcc.a(_unpack_df.o)
                              /opt/altera/13.0sp1/nios2eds/bin/gnu/H-i686-pc-linux-gnu/bin/../lib/gcc/nios2-elf/4.1.2/mno-hw-mul/libgcc.a(_addsub_df.o) (__unpack_d)
/opt/altera/13.0sp1/nios2eds/bin/gnu/H-i686-pc-linux-gnu/bin/../lib/gcc/nios2-elf/4.1.2/mno-hw-mul/libgcc.a(_clz.o)
                              /opt/altera/13.0sp1/nios2eds/bin/gnu/H-i686-pc-linux-gnu/bin/../lib/gcc/nios2-elf/4.1.2/mno-hw-mul/libgcc.a(_clzsi2.o) (__clz_tab)
/opt/altera/13.0sp1/nios2eds/bin/gnu/H-i686-pc-linux-gnu/bin/../lib/gcc/nios2-elf/4.1.2/../../../../nios2-elf/lib/mno-hw-mul/libc.a(lib_a-printf.o)
                              obj/default/IOTasks.o (printf)
/opt/altera/13.0sp1/nios2eds/bin/gnu/H-i686-pc-linux-gnu/bin/../lib/gcc/nios2-elf/4.1.2/../../../../nios2-elf/lib/mno-hw-mul/libc.a(lib_a-puts.o)
                              obj/default/IOTasks.o (puts)
/opt/altera/13.0sp1/nios2eds/bin/gnu/H-i686-pc-linux-gnu/bin/../lib/gcc/nios2-elf/4.1.2/../../../../nios2-elf/lib/mno-hw-mul/libc.a(lib_a-strlen.o)
                              /opt/altera/13.0sp1/nios2eds/bin/gnu/H-i686-pc-linux-gnu/bin/../lib/gcc/nios2-elf/4.1.2/../../../../nios2-elf/lib/mno-hw-mul/libc.a(lib_a-puts.o) (strlen)
/opt/altera/13.0sp1/nios2eds/bin/gnu/H-i686-pc-linux-gnu/bin/../lib/gcc/nios2-elf/4.1.2/../../../../nios2-elf/lib/mno-hw-mul/libc.a(lib_a-vfprintf.o)
                              /opt/altera/13.0sp1/nios2eds/bin/gnu/H-i686-pc-linux-gnu/bin/../lib/gcc/nios2-elf/4.1.2/../../../../nios2-elf/lib/mno-hw-mul/libc.a(lib_a-printf.o) (___vfprintf_internal_r)
/opt/altera/13.0sp1/nios2eds/bin/gnu/H-i686-pc-linux-gnu/bin/../lib/gcc/nios2-elf/4.1.2/../../../../nios2-elf/lib/mno-hw-mul/libc.a(lib_a-wsetup.o)
                              /opt/altera/13.0sp1/nios2eds/bin/gnu/H-i686-pc-linux-gnu/bin/../lib/gcc/nios2-elf/4.1.2/../../../../nios2-elf/lib/mno-hw-mul/libc.a(lib_a-vfprintf.o) (__swsetup_r)
/opt/altera/13.0sp1/nios2eds/bin/gnu/H-i686-pc-linux-gnu/bin/../lib/gcc/nios2-elf/4.1.2/../../../../nios2-elf/lib/mno-hw-mul/libc.a(lib_a-dtoa.o)
                              /opt/altera/13.0sp1/nios2eds/bin/gnu/H-i686-pc-linux-gnu/bin/../lib/gcc/nios2-elf/4.1.2/../../../../nios2-elf/lib/mno-hw-mul/libc.a(lib_a-vfprintf.o) (_dtoa_r)
/opt/altera/13.0sp1/nios2eds/bin/gnu/H-i686-pc-linux-gnu/bin/../lib/gcc/nios2-elf/4.1.2/../../../../nios2-elf/lib/mno-hw-mul/libc.a(lib_a-fflush.o)
                              /opt/altera/13.0sp1/nios2eds/bin/gnu/H-i686-pc-linux-gnu/bin/../lib/gcc/nios2-elf/4.1.2/../../../../nios2-elf/lib/mno-hw-mul/libc.a(lib_a-vfprintf.o) (_fflush_r)
/opt/altera/13.0sp1/nios2eds/bin/gnu/H-i686-pc-linux-gnu/bin/../lib/gcc/nios2-elf/4.1.2/../../../../nios2-elf/lib/mno-hw-mul/libc.a(lib_a-findfp.o)
[...]
Memory Configuration

Name             Origin             Length             Attributes
onchip_memory    0x00000000         0x00006400
sram             0x00100000         0x00080000
reset            0x01000000         0x00000020
sdram            0x01000020         0x007fffe0
*default*        0x00000000         0xffffffff

Linker script and memory map

LOAD ../bsp//obj/HAL/src/crt0.o
LOAD obj/default/IOTasks.o
LOAD /opt/altera/13.0sp1/nios2eds/bin/gnu/H-i686-pc-linux-gnu/bin/../lib/gcc/nios2-elf/4.1.2/../../../../nios2-elf/lib/mno-hw-mul/libstdc++.a
LOAD /opt/altera/13.0sp1/nios2eds/bin/gnu/H-i686-pc-linux-gnu/bin/../lib/gcc/nios2-elf/4.1.2/../../../../nios2-elf/lib/mno-hw-mul/libm.a
LOAD /opt/altera/13.0sp1/nios2eds/bin/gnu/H-i686-pc-linux-gnu/bin/../lib/gcc/nios2-elf/4.1.2/mno-hw-mul/libgcc.a
START GROUP
LOAD /opt/altera/13.0sp1/nios2eds/bin/gnu/H-i686-pc-linux-gnu/bin/../lib/gcc/nios2-elf/4.1.2/../../../../nios2-elf/lib/mno-hw-mul/libc.a
LOAD /opt/altera/13.0sp1/nios2eds/bin/gnu/H-i686-pc-linux-gnu/bin/../lib/gcc/nios2-elf/4.1.2/mno-hw-mul/libgcc.a
LOAD ../bsp//libucosii_bsp.a
END GROUP
LOAD /opt/altera/13.0sp1/nios2eds/bin/gnu/H-i686-pc-linux-gnu/bin/../lib/gcc/nios2-elf/4.1.2/mno-hw-mul/libgcc.a
                0x00000000                __alt_mem_onchip_memory = 0x0
                0x00100000                __alt_mem_sram = 0x100000
                0x01000000                __alt_mem_sdram = 0x1000000

.entry          0x01000000       0x20
 *(.entry)
 .entry         0x01000000       0x20 ../bsp//obj/HAL/src/crt0.o
                0x01000000                __reset

.exceptions     0x01000020      0x124 load address 0x00100000
                0x01000020                PROVIDE (__ram_exceptions_start, ABSOLUTE (.))
                0x01000020                . = ALIGN (0x20)
 *(.irq)
 *(.exceptions.entry.label)
 .exceptions.entry.label
                0x01000020        0x0 ../bsp//libucosii_bsp.a(alt_irq_entry.o)
                0x01000020                alt_irq_entry
 .exceptions.entry.label
                0x01000020        0x0 ../bsp//libucosii_bsp.a(alt_exception_entry.o)
                0x01000020                alt_exception
 *(.exceptions.entry.user)
 *(.exceptions.entry)
 .exceptions.entry
                0x01000020       0x54 ../bsp//libucosii_bsp.a(alt_exception_entry.o)
 *(.exceptions.irqtest.user)
 *(.exceptions.irqtest)
 .exceptions.irqtest
                0x01000074       0x10 ../bsp//libucosii_bsp.a(alt_irq_entry.o)
 *(.exceptions.irqhandler.user)
 *(.exceptions.irqhandler)
 .exceptions.irqhandler
                0x01000084        0x4 ../bsp//libucosii_bsp.a(alt_irq_entry.o)
 *(.exceptions.irqreturn.user)
 *(.exceptions.irqreturn)
 .exceptions.irqreturn
                0x01000088        0x4 ../bsp//libucosii_bsp.a(alt_irq_entry.o)
 *(.exceptions.notirq.label)
 .exceptions.notirq.label
                0x0100008c        0x0 ../bsp//libucosii_bsp.a(alt_irq_entry.o)
 *(.exceptions.notirq.user)
 *(.exceptions.notirq)
 .exceptions.notirq
                0x0100008c        0x8 ../bsp//libucosii_bsp.a(alt_exception_entry.o)
 *(.exceptions.soft.user)
 *(.exceptions.soft)
 *(.exceptions.unknown.user)
 *(.exceptions.unknown)
 .exceptions.unknown
                0x01000094        0x4 ../bsp//libucosii_bsp.a(alt_exception_entry.o)
 *(.exceptions.exit.label)
 .exceptions.exit.label
                0x01000098        0x0 ../bsp//libucosii_bsp.a(alt_irq_entry.o)
 .exceptions.exit.label
                0x01000098        0x0 ../bsp//libucosii_bsp.a(alt_exception_entry.o)
 *(.exceptions.exit.user)
 *(.exceptions.exit)
 .exceptions.exit
                0x01000098       0x54 ../bsp//libucosii_bsp.a(alt_exception_entry.o)
 *(.exceptions)
 .exceptions    0x010000ec       0x58 ../bsp//libucosii_bsp.a(alt_irq_handler.o)
                0x010000ec                alt_irq_handler
                0x01000144                PROVIDE (__ram_exceptions_end, ABSOLUTE (.))
                0x00100000                PROVIDE (__flash_exceptions_start, LOADADDR (.exceptions))

.text           0x00100124    0x11f0c
                0x00100124                PROVIDE (stext, ABSOLUTE (.))
 *(.interp)
 *(.hash)
 *(.dynsym)
 *(.dynstr)
 *(.gnu.version)
 *(.gnu.version_d)
 *(.gnu.version_r)
 *(.rel.init)
 *(.rela.init)
 *(.rel.text .rel.text.* .rel.gnu.linkonce.t.*)
 *(.rela.text .rela.text.* .rela.gnu.linkonce.t.*)
 *(.rel.fini)
 *(.rela.fini)
 *(.rel.rodata .rel.rodata.* .rel.gnu.linkonce.r.*)
 *(.rela.rodata .rela.rodata.* .rela.gnu.linkonce.r.*)
 *(.rel.data .rel.data.* .rel.gnu.linkonce.d.*)
 *(.rela.data .rela.data.* .rela.gnu.linkonce.d.*)
 *(.rel.tdata .rel.tdata.* .rel.gnu.linkonce.td.*)
 *(.rela.tdata .rela.tdata.* .rela.gnu.linkonce.td.*)
 *(.rel.tbss .rel.tbss.* .rel.gnu.linkonce.tb.*)
 *(.rela.tbss .rela.tbss.* .rela.gnu.linkonce.tb.*)
 *(.rel.ctors)
 *(.rela.ctors)
 *(.rel.dtors)
 *(.rela.dtors)
 *(.rel.got)
 *(.rela.got)
 *(.rel.sdata .rel.sdata.* .rel.gnu.linkonce.s.*)
 *(.rela.sdata .rela.sdata.* .rela.gnu.linkonce.s.*)
 *(.rel.sbss .rel.sbss.* .rel.gnu.linkonce.sb.*)
 *(.rela.sbss .rela.sbss.* .rela.gnu.linkonce.sb.*)
 *(.rel.sdata2 .rel.sdata2.* .rel.gnu.linkonce.s2.*)
 *(.rela.sdata2 .rela.sdata2.* .rela.gnu.linkonce.s2.*)
 *(.rel.sbss2 .rel.sbss2.* .rel.gnu.linkonce.sb2.*)
 *(.rela.sbss2 .rela.sbss2.* .rela.gnu.linkonce.sb2.*)
 *(.rel.bss .rel.bss.* .rel.gnu.linkonce.b.*)
 *(.rela.bss .rela.bss.* .rela.gnu.linkonce.b.*)
 *(.rel.plt)
 *(.rela.plt)
 *(.rel.dyn)
 *(.init)
 *(.plt)
 *(.text .stub .text.* .gnu.linkonce.t.*)
 .text          0x00100124       0x3c ../bsp//obj/HAL/src/crt0.o
                0x00100124                _start
 .text          0x00100160      0xdfc obj/default/IOTasks.o
                0x00100160                VehicleCallback
                0x00100194                ControlCallback
                0x001001c8                ButtonIOCallback
                0x001001fc                SwitchIOCallback
                0x00100230                buttons_pressed
                0x00100258                switches_pressed
                0x0010027c                alarm_handler
                0x001002ac                int2seven
                0x001002e8                show_velocity_on_sevenseg
                0x001003d8                show_target_velocity
                0x001003f8                show_position
                0x00100418                VehicleTask
                0x0010079c                ControlTask
                0x0010081c                ButtonIO
                0x001009d0                SwitchIO
                0x00100bb4                StartTask
                0x00100ee0                main
 .text          0x00100f5c      0x504 /opt/altera/13.0sp1/nios2eds/bin/gnu/H-i686-pc-linux-gnu/bin/../lib/gcc/nios2-elf/4.1.2/mno-hw-mul/libgcc.a(_addsub_df.o)
                0x0010136c                __subdf3
                0x001013ec                __adddf3
 .text          0x00101460      0x258 /opt/altera/13.0sp1/nios2eds/bin/gnu/H-i686-pc-linux-gnu/bin/../lib/gcc/nios2-elf/4.1.2/mno-hw-mul/libgcc.a(_div_df.o)
                0x00101460                __divdf3
 .text          0x001016b8       0xf8 /opt/altera/13.0sp1/nios2eds/bin/gnu/H-i686-pc-linux-gnu/bin/../lib/gcc/nios2-elf/4.1.2/mno-hw-mul/libgcc.a(_si_to_df.o)
                0x001016b8                __floatsidf
 .text          0x001017b0       0xd8 /opt/altera/13.0sp1/nios2eds/bin/gnu/H-i686-pc-linux-gnu/bin/../lib/gcc/nios2-elf/4.1.2/mno-hw-mul/libgcc.a(_df_to_si.o)
                0x001017b0                __fixdfsi
 .text          0x00101888        0x0 /opt/altera/13.0sp1/nios2eds/bin/gnu/H-i686-pc-linux-gnu/bin/../lib/gcc/nios2-elf/4.1.2/mno-hw-mul/libgcc.a(_thenan_df.o)
 .text          0x00101888      0x14c /opt/altera/13.0sp1/nios2eds/bin/gnu/H-i686-pc-linux-gnu/bin/../lib/gcc/nios2-elf/4.1.2/mno-hw-mul/libgcc.a(lib2-divmod.o)
                0x00101904                __divsi3
                0x00101964                __modsi3
                0x001019c4                __udivsi3
                0x001019cc                __umodsi3
 .text          0x001019d4       0x38 /opt/altera/13.0sp1/nios2eds/bin/gnu/H-i686-pc-linux-gnu/bin/../lib/gcc/nios2-elf/4.1.2/mno-hw-mul/libgcc.a(lib2-mul.o)
                0x001019d4                __mulsi3
 .text          0x00101a0c       0x80 /opt/altera/13.0sp1/nios2eds/bin/gnu/H-i686-pc-linux-gnu/bin/../lib/gcc/nios2-elf/4.1.2/mno-hw-mul/libgcc.a(_clzsi2.o)
                0x00101a0c                __clzsi2
 .text          0x00101a8c      0x314 /opt/altera/13.0sp1/nios2eds/bin/gnu/H-i686-pc-linux-gnu/bin/../lib/gcc/nios2-elf/4.1.2/mno-hw-mul/libgcc.a(_pack_df.o)
                0x00101a8c                __pack_d
 .text          0x00101da0      0x138 /opt/altera/13.0sp1/nios2eds/bin/gnu/H-i686-pc-linux-gnu/bin/../lib/gcc/nios2-elf/4.1.2/mno-hw-mul/libgcc.a(_unpack_df.o)
                0x00101da0                __unpack_d
 .text          0x00101ed8        0x0 /opt/altera/13.0sp1/nios2eds/bin/gnu/H-i686-pc-linux-gnu/bin/../lib/gcc/nios2-elf/4.1.2/mno-hw-mul/libgcc.a(_clz.o)
 .text          0x00101ed8       0x78 /opt/altera/13.0sp1/nios2eds/bin/gnu/H-i686-pc-linux-gnu/bin/../lib/gcc/nios2-elf/4.1.2/../../../../nios2-elf/lib/mno-hw-mul/libc.a(lib_a-printf.o)
                0x00101ed8                printf
                0x00101f1c                _printf_r
 .text          0x00101f50       0xb4 /opt/altera/13.0sp1/nios2eds/bin/gnu/H-i686-pc-linux-gnu/bin/../lib/gcc/nios2-elf/4.1.2/../../../../nios2-elf/lib/mno-hw-mul/libc.a(lib_a-puts.o)
                0x00101f50                _puts_r
                0x00101ff0                puts
 .text          0x00102004       0x74 /opt/altera/13.0sp1/nios2eds/bin/gnu/H-i686-pc-linux-gnu/bin/../lib/gcc/nios2-elf/4.1.2/../../../../nios2-elf/lib/mno-hw-mul/libc.a(lib_a-strlen.o)
                0x00102004                strlen
 .text          0x00102078     0x1f40 /opt/altera/13.0sp1/nios2eds/bin/gnu/H-i686-pc-linux-gnu/bin/../lib/gcc/nios2-elf/4.1.2/../../../../nios2-elf/lib/mno-hw-mul/libc.a(lib_a-vfprintf.o)
                0x001020d0                ___vfprintf_internal_r
                0x00103f94                __vfprintf_internal
 .text          0x00103fb8      0x13c /opt/altera/13.0sp1/nios2eds/bin/gnu/H-i686-pc-linux-gnu/bin/../lib/gcc/nios2-elf/4.1.2/../../../../nios2-elf/lib/mno-hw-mul/libc.a(lib_a-wsetup.o)
                0x00103fb8                __swsetup_r
 .text          0x001040f4     0x17f8 /opt/altera/13.0sp1/nios2eds/bin/gnu/H-i686-pc-linux-gnu/bin/../lib/gcc/nios2-elf/4.1.2/../../../../nios2-elf/lib/mno-hw-mul/libc.a(lib_a-dtoa.o)
                0x00104338                _dtoa_r
 .text          0x001058ec      0x230 /opt/altera/13.0sp1/nios2eds/bin/gnu/H-i686-pc-linux-gnu/bin/../lib/gcc/nios2-elf/4.1.2/../../../../nios2-elf/lib/mno-hw-mul/libc.a(lib_a-fflush.o)
                0x001058ec                _fflush_r
                0x00105ae8                fflush
 .text          0x00105b1c      0x2f4 /opt/altera/13.0sp1/nios2eds/bin/gnu/H-i686-pc-linux-gnu/bin/../lib/gcc/nios2-elf/4.1.2/../../../../nios2-elf/lib/mno-hw-mul/libc.a(lib_a-findfp.o)
                0x00105b74                __sfp_lock_acquire
                0x00105b78                __sfp_lock_release
                0x00105b7c                __sinit_lock_acquire
                0x00105b80                __sinit_lock_release
                0x00105b84                __sinit
                0x00105c38                __fp_unlock_all
                0x00105c50                __fp_lock_all
                0x00105c68                _cleanup_r
                0x00105c74                _cleanup
                0x00105c84                __sfmoreglue
                0x00105d20                __sfp
 .text          0x00105e10      0x440 /opt/altera/13.0sp1/nios2eds/bin/gnu/H-i686-pc-linux-gnu/bin/../lib/gcc/nios2-elf/4.1.2/../../../../nios2-elf/lib/mno-hw-mul/libc.a(lib_a-freer.o)
                0x00105e10                _malloc_trim_r
                0x00105f3c                _free_r
 .text          0x00106250      0x49c /opt/altera/13.0sp1/nios2eds/bin/gnu/H-i686-pc-linux-gnu/bin/../lib/gcc/nios2-elf/4.1.2/../../../../nios2-elf/lib/mno-hw-mul/libc.a(lib_a-fvwrite.o)
                0x00106250                __sfvwrite_r
 .text          0x001066ec      0x180 /opt/altera/13.0sp1/nios2eds/bin/gnu/H-i686-pc-linux-gnu/bin/../lib/gcc/nios2-elf/4.1.2/../../../../nios2-elf/lib/mno-hw-mul/libc.a(lib_a-fwalk.o)
                0x001066ec                _fwalk_reent
                0x001067b4                _fwalk
 .text          0x0010686c        0x0 /opt/altera/13.0sp1/nios2eds/bin/gnu/H-i686-pc-linux-gnu/bin/../lib/gcc/nios2-elf/4.1.2/../../../../nios2-elf/lib/mno-hw-mul/libc.a(lib_a-impure.o)
 .text          0x0010686c       0xc4 /opt/altera/13.0sp1/nios2eds/bin/gnu/H-i686-pc-linux-gnu/bin/../lib/gcc/nios2-elf/4.1.2/../../../../nios2-elf/lib/mno-hw-mul/libc.a(lib_a-locale.o)
                0x0010686c                __locale_charset
                0x00106874                _localeconv_r
                0x00106880                localeconv
                0x00106890                _setlocale_r
                0x00106914                setlocale
 .text          0x00106930      0x194 /opt/altera/13.0sp1/nios2eds/bin/gnu/H-i686-pc-linux-gnu/bin/../lib/gcc/nios2-elf/4.1.2/../../../../nios2-elf/lib/mno-hw-mul/libc.a(lib_a-makebuf.o)
                0x00106930                __smakebuf_r
 .text          0x00106ac4      0x740 /opt/altera/13.0sp1/nios2eds/bin/gnu/H-i686-pc-linux-gnu/bin/../lib/gcc/nios2-elf/4.1.2/../../../../nios2-elf/lib/mno-hw-mul/libc.a(lib_a-mallocr.o)
                0x00106ac4                _malloc_r
 .text          0x00107204       0xe4 /opt/altera/13.0sp1/nios2eds/bin/gnu/H-i686-pc-linux-gnu/bin/../lib/gcc/nios2-elf/4.1.2/../../../../nios2-elf/lib/mno-hw-mul/libc.a(lib_a-memchr.o)
                0x00107204                memchr
 .text          0x001072e8       0xa0 /opt/altera/13.0sp1/nios2eds/bin/gnu/H-i686-pc-linux-gnu/bin/../lib/gcc/nios2-elf/4.1.2/../../../../nios2-elf/lib/mno-hw-mul/libc.a(lib_a-memcpy.o)
                0x001072e8                memcpy
 .text          0x00107388       0xe0 /opt/altera/13.0sp1/nios2eds/bin/gnu/H-i686-pc-linux-gnu/bin/../lib/gcc/nios2-elf/4.1.2/../../../../nios2-elf/lib/mno-hw-mul/libc.a(lib_a-memmove.o)
                0x00107388                memmove
 .text          0x00107468       0x98 /opt/altera/13.0sp1/nios2eds/bin/gnu/H-i686-pc-linux-gnu/bin/../lib/gcc/nios2-elf/4.1.2/../../../../nios2-elf/lib/mno-hw-mul/libc.a(lib_a-memset.o)
                0x00107468                memset
 .text          0x00107500     0x108c /opt/altera/13.0sp1/nios2eds/bin/gnu/H-i686-pc-linux-gnu/bin/../lib/gcc/nios2-elf/4.1.2/../../../../nios2-elf/lib/mno-hw-mul/libc.a(lib_a-mprec.o)
                0x00107500                _Bfree
                0x00107528                __hi0bits
                0x00107598                __lo0bits
                0x0010765c                __mcmp
                0x001076bc                __ulp
                0x0010773c                __b2d
                0x0010785c                __ratio
                0x0010790c                _mprec_log10
                0x001079a0                __copybits
                0x001079f8                __any_on
                0x00107a80                _Balloc
                0x00107b3c                __d2b
                0x00107cb8                __mdiff
                0x00107e44                __lshift
                0x00107f90                __multiply
                0x001081e4                __i2b
                0x00108220                __multadd
                0x0010834c                __pow5mult
                0x0010846c                __s2b
 .text          0x0010858c      0x5f4 /opt/altera/13.0sp1/nios2eds/bin/gnu/H-i686-pc-linux-gnu/bin/../lib/gcc/nios2-elf/4.1.2/../../../../nios2-elf/lib/mno-hw-mul/libc.a(lib_a-reallocr.o)
                0x0010858c                _realloc_r
 .text          0x00108b80       0x40 /opt/altera/13.0sp1/nios2eds/bin/gnu/H-i686-pc-linux-gnu/bin/../lib/gcc/nios2-elf/4.1.2/../../../../nios2-elf/lib/mno-hw-mul/libc.a(lib_a-s_isinfd.o)
                0x00108b80                __isinfd
 .text          0x00108bc0       0x30 /opt/altera/13.0sp1/nios2eds/bin/gnu/H-i686-pc-linux-gnu/bin/../lib/gcc/nios2-elf/4.1.2/../../../../nios2-elf/lib/mno-hw-mul/libc.a(lib_a-s_isnand.o)
                0x00108bc0                __isnand
 .text          0x00108bf0       0x70 /opt/altera/13.0sp1/nios2eds/bin/gnu/H-i686-pc-linux-gnu/bin/../lib/gcc/nios2-elf/4.1.2/../../../../nios2-elf/lib/mno-hw-mul/libc.a(lib_a-sbrkr.o)
                0x00108bf0                _sbrk_r
 .text          0x00108c60      0x14c /opt/altera/13.0sp1/nios2eds/bin/gnu/H-i686-pc-linux-gnu/bin/../lib/gcc/nios2-elf/4.1.2/../../../../nios2-elf/lib/mno-hw-mul/libc.a(lib_a-stdio.o)
                0x00108c60                __sclose
                0x00108c68                __sseek
                0x00108cd0                __swrite
                0x00108d4c                __sread
 .text          0x00108dac       0xbc /opt/altera/13.0sp1/nios2eds/bin/gnu/H-i686-pc-linux-gnu/bin/../lib/gcc/nios2-elf/4.1.2/../../../../nios2-elf/lib/mno-hw-mul/libc.a(lib_a-strcmp.o)
                0x00108dac                strcmp
 .text          0x00108e68       0x78 /opt/altera/13.0sp1/nios2eds/bin/gnu/H-i686-pc-linux-gnu/bin/../lib/gcc/nios2-elf/4.1.2/../../../../nios2-elf/lib/mno-hw-mul/libc.a(lib_a-writer.o)
                0x00108e68                _write_r
 .text          0x00108ee0       0xc8 /opt/altera/13.0sp1/nios2eds/bin/gnu/H-i686-pc-linux-gnu/bin/../lib/gcc/nios2-elf/4.1.2/../../../../nios2-elf/lib/mno-hw-mul/libc.a(lib_a-callocr.o)
                0x00108ee0                _calloc_r
 .text          0x00108fa8       0x70 /opt/altera/13.0sp1/nios2eds/bin/gnu/H-i686-pc-linux-gnu/bin/../lib/gcc/nios2-elf/4.1.2/../../../../nios2-elf/lib/mno-hw-mul/libc.a(lib_a-closer.o)
                0x00108fa8                _close_r
 .text          0x00109018      0x124 /opt/altera/13.0sp1/nios2eds/bin/gnu/H-i686-pc-linux-gnu/bin/../lib/gcc/nios2-elf/4.1.2/../../../../nios2-elf/lib/mno-hw-mul/libc.a(lib_a-fclose.o)
                0x00109018                _fclose_r
                0x00109128                fclose
 .text          0x0010913c       0x74 /opt/altera/13.0sp1/nios2eds/bin/gnu/H-i686-pc-linux-gnu/bin/../lib/gcc/nios2-elf/4.1.2/../../../../nios2-elf/lib/mno-hw-mul/libc.a(lib_a-fstatr.o)
                0x0010913c                _fstat_r
 .text          0x001091b0        0x0 /opt/altera/13.0sp1/nios2eds/bin/gnu/H-i686-pc-linux-gnu/bin/../lib/gcc/nios2-elf/4.1.2/../../../../nios2-elf/lib/mno-hw-mul/libc.a(lib_a-int_errno.o)
 .text          0x001091b0       0x70 /opt/altera/13.0sp1/nios2eds/bin/gnu/H-i686-pc-linux-gnu/bin/../lib/gcc/nios2-elf/4.1.2/../../../../nios2-elf/lib/mno-hw-mul/libc.a(lib_a-isattyr.o)
                0x001091b0                _isatty_r
 .text          0x00109220       0x78 /opt/altera/13.0sp1/nios2eds/bin/gnu/H-i686-pc-linux-gnu/bin/../lib/gcc/nios2-elf/4.1.2/../../../../nios2-elf/lib/mno-hw-mul/libc.a(lib_a-lseekr.o)
                0x00109220                _lseek_r
 .text          0x00109298       0x78 /opt/altera/13.0sp1/nios2eds/bin/gnu/H-i686-pc-linux-gnu/bin/../lib/gcc/nios2-elf/4.1.2/../../../../nios2-elf/lib/mno-hw-mul/libc.a(lib_a-readr.o)
                0x00109298                _read_r
 .text          0x00109310      0x66c /opt/altera/13.0sp1/nios2eds/bin/gnu/H-i686-pc-linux-gnu/bin/../lib/gcc/nios2-elf/4.1.2/mno-hw-mul/libgcc.a(_udivdi3.o)
                0x00109310                __udivdi3
 .text          0x0010997c      0x660 /opt/altera/13.0sp1/nios2eds/bin/gnu/H-i686-pc-linux-gnu/bin/../lib/gcc/nios2-elf/4.1.2/mno-hw-mul/libgcc.a(_umoddi3.o)
                0x0010997c                __umoddi3
 .text          0x00109fdc      0x3c4 /opt/altera/13.0sp1/nios2eds/bin/gnu/H-i686-pc-linux-gnu/bin/../lib/gcc/nios2-elf/4.1.2/mno-hw-mul/libgcc.a(_mul_df.o)
                0x00109fdc                __muldf3
 .text          0x0010a3a0       0x88 /opt/altera/13.0sp1/nios2eds/bin/gnu/H-i686-pc-linux-gnu/bin/../lib/gcc/nios2-elf/4.1.2/mno-hw-mul/libgcc.a(_eq_df.o)
                0x0010a3a0                __eqdf2
 .text          0x0010a428       0x88 /opt/altera/13.0sp1/nios2eds/bin/gnu/H-i686-pc-linux-gnu/bin/../lib/gcc/nios2-elf/4.1.2/mno-hw-mul/libgcc.a(_ne_df.o)
                0x0010a428                __nedf2
 .text          0x0010a4b0       0x88 /opt/altera/13.0sp1/nios2eds/bin/gnu/H-i686-pc-linux-gnu/bin/../lib/gcc/nios2-elf/4.1.2/mno-hw-mul/libgcc.a(_gt_df.o)
                0x0010a4b0                __gtdf2
 .text          0x0010a538       0x88 /opt/altera/13.0sp1/nios2eds/bin/gnu/H-i686-pc-linux-gnu/bin/../lib/gcc/nios2-elf/4.1.2/mno-hw-mul/libgcc.a(_ge_df.o)
                0x0010a538                __gedf2
 .text          0x0010a5c0       0x88 /opt/altera/13.0sp1/nios2eds/bin/gnu/H-i686-pc-linux-gnu/bin/../lib/gcc/nios2-elf/4.1.2/mno-hw-mul/libgcc.a(_lt_df.o)
                0x0010a5c0                __ltdf2
 .text          0x0010a648      0x194 /opt/altera/13.0sp1/nios2eds/bin/gnu/H-i686-pc-linux-gnu/bin/../lib/gcc/nios2-elf/4.1.2/mno-hw-mul/libgcc.a(_usi_to_df.o)
                0x0010a648                __floatunsidf
 .text          0x0010a7dc      0x124 /opt/altera/13.0sp1/nios2eds/bin/gnu/H-i686-pc-linux-gnu/bin/../lib/gcc/nios2-elf/4.1.2/mno-hw-mul/libgcc.a(_muldi3.o)
                0x0010a7dc                __muldi3
 .text          0x0010a900       0xc8 /opt/altera/13.0sp1/nios2eds/bin/gnu/H-i686-pc-linux-gnu/bin/../lib/gcc/nios2-elf/4.1.2/mno-hw-mul/libgcc.a(_fpcmp_parts_df.o)
                0x0010a900                __fpcmp_parts_d
 .text          0x0010a9c8       0x90 ../bsp//libucosii_bsp.a(alt_alarm_start.o)
                0x0010a9c8                alt_alarm_start
 .text          0x0010aa58       0xbc ../bsp//libucosii_bsp.a(alt_close.o)
                0x0010aa78                close
 .text          0x0010ab14        0x8 ../bsp//libucosii_bsp.a(alt_dev.o)
 .text          0x0010ab1c        0x0 ../bsp//libucosii_bsp.a(alt_errno.o)
 .text          0x0010ab1c       0x9c ../bsp//libucosii_bsp.a(alt_fstat.o)
                0x0010ab1c                fstat
 .text          0x0010abb8       0x94 ../bsp//libucosii_bsp.a(alt_isatty.o)
                0x0010abb8                isatty
 .text          0x0010ac4c       0x8c ../bsp//libucosii_bsp.a(alt_load.o)
                0x0010ac6c                alt_load
 .text          0x0010acd8       0xb8 ../bsp//libucosii_bsp.a(alt_lseek.o)
                0x0010acd8                lseek
 .text          0x0010ad90       0xa8 ../bsp//libucosii_bsp.a(alt_main.o)
                0x0010ad90                alt_main
 .text          0x0010ae38       0xd8 ../bsp//libucosii_bsp.a(alt_read.o)
                0x0010ae58                read
 .text          0x0010af10       0x5c ../bsp//libucosii_bsp.a(alt_release_fd.o)
                0x0010af10                alt_release_fd
 .text          0x0010af6c       0x50 ../bsp//libucosii_bsp.a(alt_sbrk.o)
                0x0010af6c                sbrk
 .text          0x0010afbc       0xe0 ../bsp//libucosii_bsp.a(alt_tick.o)
                0x0010afbc                alt_alarm_stop
                0x0010aff0                alt_tick
 .text          0x0010b09c       0xd4 ../bsp//libucosii_bsp.a(alt_write.o)
                0x0010b0bc                write
 .text          0x0010b170       0xa8 ../bsp//libucosii_bsp.a(alt_env_lock.o)
                0x0010b170                __env_unlock
                0x0010b198                __env_lock
 .text          0x0010b218      0x110 ../bsp//libucosii_bsp.a(alt_malloc_lock.o)
                0x0010b218                __malloc_unlock
                0x0010b274                __malloc_lock
 .text          0x0010b328     0x1118 ../bsp//libucosii_bsp.a(os_core.o)
                0x0010b328                OSVersion
                0x0010b330                OS_Dummy
                0x0010b334                OS_EventTaskWait
                0x0010b3b8                OS_EventTaskWaitMulti
                0x0010b458                OS_EventTaskRemove
                0x0010b4a4                OS_EventTaskRemoveMulti
                0x0010b500                OS_EventTaskRdy
                0x0010b5f4                OS_EventWaitListInit
                0x0010b610                OS_MemClr
                0x0010b62c                OS_MemCopy
                0x0010b650                OS_StrCopy
                0x0010b67c                OS_StrLen
                0x0010b69c                OS_TaskStatStkChk
                0x0010b720                OS_Sched
                0x0010b7d8                OSStart
                0x0010b844                OSInit
                0x0010ba24                OSEventNameGet
                0x0010badc                OSEventPendMulti
                0x0010be34                OSIntEnter
                0x0010be70                OSSchedLock
                0x0010beb4                OSSchedUnlock
                0x0010bf08                OSStatInit
                0x0010bf6c                OSTimeTick
                0x0010c078                OS_TaskIdle
                0x0010c0a8                OS_TaskStat
                0x0010c12c                OS_TCBInit
                0x0010c2b0                OSIntExit
                0x0010c384                OSEventNameSet
 .text          0x0010c440        0x4 ../bsp//libucosii_bsp.a(os_dbg.o)
                0x0010c440                OSDebugInit
 .text          0x0010c444      0xc5c ../bsp//libucosii_bsp.a(os_flag.o)
                0x0010c4fc                OS_FlagUnlink
                0x0010c5c8                OS_FlagInit
                0x0010c638                OSFlagQuery
                0x0010c694                OSFlagAccept
                0x0010c804                OSFlagCreate
                0x0010c88c                OSFlagDel
                0x0010c9ec                OSFlagNameGet
                0x0010caac                OSFlagNameSet
                0x0010cb80                OSFlagPend
                0x0010ce80                OSFlagPendGetFlagsRdy
                0x0010ceac                OSFlagPost
 .text          0x0010d0a0      0x67c ../bsp//libucosii_bsp.a(os_mbox.o)
                0x0010d0a0                OSMboxQuery
                0x0010d11c                OSMboxAccept
                0x0010d154                OSMboxCreate
                0x0010d1e0                OSMboxDel
                0x0010d328                OSMboxPend
                0x0010d4b8                OSMboxPendAbort
                0x0010d59c                OSMboxPost
                0x0010d638                OSMboxPostOpt
 .text          0x0010d71c      0x3b8 ../bsp//libucosii_bsp.a(os_mem.o)
                0x0010d71c                OS_MemInit
                0x0010d784                OSMemQuery
                0x0010d7e8                OSMemCreate
                0x0010d8b8                OSMemGet
                0x0010d924                OSMemNameGet
                0x0010d9c0                OSMemNameSet
                0x0010da7c                OSMemPut
 .text          0x0010dad4      0x9c4 ../bsp//libucosii_bsp.a(os_q.o)
                0x0010dad4                OS_QInit
                0x0010db24                OSQQuery
                0x0010dbbc                OSQAccept
                0x0010dc58                OSQCreate
                0x0010dd58                OSQDel
                0x0010dedc                OSQFlush
                0x0010df2c                OSQPend
                0x0010e0ec                OSQPendAbort
                0x0010e1d4                OSQPost
                0x0010e290                OSQPostFront
                0x0010e354                OSQPostOpt
 .text          0x0010e498      0x5e0 ../bsp//libucosii_bsp.a(os_sem.o)
                0x0010e498                OSSemSet
                0x0010e4fc                OSSemAccept
                0x0010e540                OSSemCreate
                0x0010e5cc                OSSemDel
                0x0010e720                OSSemPend
                0x0010e888                OSSemPendAbort
                0x0010e974                OSSemPost
                0x0010ea10                OSSemQuery
 .text          0x0010ea78      0xe74 ../bsp//libucosii_bsp.a(os_task.o)
                0x0010ea78                OS_TaskStkClr
                0x0010eaa8                OSTaskQuery
                0x0010eb70                OSTaskChangePrio
                0x0010ee0c                OSTaskCreate
                0x0010ef18                OSTaskCreateExt
                0x0010f090                OSTaskDel
                0x0010f2dc                OSTaskDelReq
                0x0010f390                OSTaskNameGet
                0x0010f498                OSTaskNameSet
                0x0010f5b4                OSTaskResume
                0x0010f6b8                OSTaskStkChk
                0x0010f7a8                OSTaskSuspend
 .text          0x0010f8ec      0x378 ../bsp//libucosii_bsp.a(os_time.o)
                0x0010f8ec                OSTimeSet
                0x0010f910                OSTimeDly
                0x0010f9a8                OSTimeDlyHMSM
                0x0010fb48                OSTimeDlyResume
                0x0010fc40                OSTimeGet
 .text          0x0010fc64      0xb94 ../bsp//libucosii_bsp.a(os_tmr.o)
                0x0010fdd0                OSTmr_Init
                0x0011002c                OSTmrStop
                0x00110188                OSTmrStart
                0x0011028c                OSTmrStateGet
                0x00110334                OSTmrRemainGet
                0x0011044c                OSTmrDel
                0x00110548                OSTmrSignal
                0x00110570                OSTmrNameGet
                0x0011065c                OSTmrCreate
 .text          0x001107f8       0x9c ../bsp//libucosii_bsp.a(alt_sys_init.o)
                0x00110804                alt_sys_init
                0x00110874                alt_irq_init
 .text          0x00110894       0x3c ../bsp//libucosii_bsp.a(altera_avalon_jtag_uart_fd.o)
                0x00110894                altera_avalon_jtag_uart_ioctl_fd
                0x001108a0                altera_avalon_jtag_uart_close_fd
                0x001108b0                altera_avalon_jtag_uart_write_fd
                0x001108c0                altera_avalon_jtag_uart_read_fd
 .text          0x001108d0      0x2f4 ../bsp//libucosii_bsp.a(altera_avalon_jtag_uart_init.o)
                0x001108d0                altera_avalon_jtag_uart_close
                0x00110990                altera_avalon_jtag_uart_init
 .text          0x00110bc4       0x7c ../bsp//libucosii_bsp.a(altera_avalon_jtag_uart_ioctl.o)
                0x00110bc4                altera_avalon_jtag_uart_ioctl
 .text          0x00110c40      0x1ac ../bsp//libucosii_bsp.a(altera_avalon_jtag_uart_read.o)
                0x00110c40                altera_avalon_jtag_uart_read
 .text          0x00110dec      0x1b8 ../bsp//libucosii_bsp.a(altera_avalon_jtag_uart_write.o)
                0x00110dec                altera_avalon_jtag_uart_write
 .text          0x00110fa4       0x8c ../bsp//libucosii_bsp.a(altera_avalon_timer_sc.o)
                0x00110fa4                alt_avalon_timer_sc_init
 .text          0x00111030      0x250 ../bsp//libucosii_bsp.a(altera_up_avalon_character_lcd.o)
                0x00111030                get_DDRAM_addr
                0x00111048                alt_up_character_lcd_string
                0x00111064                alt_up_character_lcd_write
                0x00111088                alt_up_character_lcd_write_fd
                0x001110a8                alt_up_character_lcd_init
                0x001110b8                alt_up_character_lcd_send_cmd
                0x001110c8                alt_up_character_lcd_cursor_blink_on
                0x001110d0                alt_up_character_lcd_cursor_off
                0x001110d8                alt_up_character_lcd_erase_pos
                0x0011113c                alt_up_character_lcd_shift_display
                0x001111ac                alt_up_character_lcd_shift_cursor
                0x0011121c                alt_up_character_lcd_set_cursor_pos
                0x00111274                alt_up_character_lcd_open_dev
 .text          0x00111280        0x4 ../bsp//libucosii_bsp.a(alt_dcache_flush_all.o)
                0x00111280                alt_dcache_flush_all
 .text          0x00111284       0x70 ../bsp//libucosii_bsp.a(alt_dev_llist_insert.o)
                0x00111284                alt_dev_llist_insert
 .text          0x001112f4       0x40 ../bsp//libucosii_bsp.a(alt_do_ctors.o)
                0x001112f4                _do_ctors
 .text          0x00111334       0x40 ../bsp//libucosii_bsp.a(alt_do_dtors.o)
                0x00111334                _do_dtors
 .text          0x00111374       0x70 ../bsp//libucosii_bsp.a(alt_find_dev.o)
                0x00111374                alt_find_dev
 .text          0x001113e4        0x4 ../bsp//libucosii_bsp.a(alt_icache_flush_all.o)
                0x001113e4                alt_icache_flush_all
 .text          0x001113e8       0x9c ../bsp//libucosii_bsp.a(alt_iic.o)
                0x001113e8                alt_ic_irq_enabled
                0x00111400                alt_ic_irq_enable
                0x00111440                alt_ic_irq_disable
                0x00111480                alt_ic_isr_register
 .text          0x00111484       0x6c ../bsp//libucosii_bsp.a(alt_iic_isr_register.o)
                0x00111484                alt_iic_isr_register
 .text          0x001114f0      0x114 ../bsp//libucosii_bsp.a(alt_io_redirect.o)
                0x00111578                alt_io_redirect
 .text          0x00111604        0x0 ../bsp//libucosii_bsp.a(alt_irq_entry.o)
 .text          0x00111604        0x0 ../bsp//libucosii_bsp.a(alt_irq_handler.o)
 .text          0x00111604        0x0 ../bsp//libucosii_bsp.a(alt_irq_vars.o)
 .text          0x00111604      0x17c ../bsp//libucosii_bsp.a(alt_open.o)
                0x00111604                open
 .text          0x00111780        0x8 ../bsp//libucosii_bsp.a(altera_nios2_qsys_irq.o)
                0x00111780                altera_nios2_qsys_irq_init
 .text          0x00111788       0xd0 ../bsp//libucosii_bsp.a(os_cpu_a.o)
                0x00111788                OSCtxSw
                0x00111788                OSIntCtxSw
                0x00111814                OSStartHighRdy
                0x00111834                OSStartTsk
 .text          0x00111858      0x228 ../bsp//libucosii_bsp.a(os_cpu_c.o)
                0x00111858                OSTaskCreateHook
                0x0011185c                OSTaskDelHook
                0x00111860                OSTaskSwHook
                0x00111864                OSTaskStatHook
                0x00111868                OSInitHookBegin
                0x00111870                OSInitHookEnd
                0x00111874                OSTaskIdleHook
                0x00111878                OSTCBInitHook
                0x0011187c                OSTimeTickHook
                0x001118d4                OSTaskStkInit
 .text          0x00111a80        0x0 ../bsp//libucosii_bsp.a(alt_exception_entry.o)
 .text          0x00111a80       0x9c ../bsp//libucosii_bsp.a(alt_find_file.o)
                0x00111a80                alt_find_file
 .text          0x00111b1c       0xa4 ../bsp//libucosii_bsp.a(alt_get_fd.o)
                0x00111b1c                alt_get_fd
 .text          0x00111bc0       0x14 /opt/altera/13.0sp1/nios2eds/bin/gnu/H-i686-pc-linux-gnu/bin/../lib/gcc/nios2-elf/4.1.2/../../../../nios2-elf/lib/mno-hw-mul/libc.a(lib_a-atexit.o)
                0x00111bc0                atexit
 .text          0x00111bd4       0x38 /opt/altera/13.0sp1/nios2eds/bin/gnu/H-i686-pc-linux-gnu/bin/../lib/gcc/nios2-elf/4.1.2/../../../../nios2-elf/lib/mno-hw-mul/libc.a(lib_a-exit.o)
                0x00111bd4                exit
 .text          0x00111c0c       0x74 /opt/altera/13.0sp1/nios2eds/bin/gnu/H-i686-pc-linux-gnu/bin/../lib/gcc/nios2-elf/4.1.2/../../../../nios2-elf/lib/mno-hw-mul/libc.a(lib_a-memcmp.o)
                0x00111c0c                memcmp
 .text          0x00111c80      0x134 /opt/altera/13.0sp1/nios2eds/bin/gnu/H-i686-pc-linux-gnu/bin/../lib/gcc/nios2-elf/4.1.2/../../../../nios2-elf/lib/mno-hw-mul/libc.a(lib_a-__atexit.o)
                0x00111c80                __register_exitproc
 .text          0x00111db4      0x1b4 /opt/altera/13.0sp1/nios2eds/bin/gnu/H-i686-pc-linux-gnu/bin/../lib/gcc/nios2-elf/4.1.2/../../../../nios2-elf/lib/mno-hw-mul/libc.a(lib_a-__call_atexit.o)
                0x00111db8                __call_exitprocs
 .text          0x00111f68       0xa4 /opt/altera/13.0sp1/nios2eds/bin/gnu/H-i686-pc-linux-gnu/bin/../lib/gcc/nios2-elf/4.1.2/mno-hw-mul/libgcc.a(_fixunsdfsi.o)
                0x00111f68                __fixunsdfsi
 .text          0x0011200c       0x20 ../bsp//libucosii_bsp.a(alt_exit.o)
                0x0011200c                _exit
 *(.gnu.warning.*)
 *(.fini)
                0x0011202c                PROVIDE (__etext, ABSOLUTE (.))
                0x0011202c                PROVIDE (_etext, ABSOLUTE (.))
                0x0011202c                PROVIDE (etext, ABSOLUTE (.))
 *(.eh_frame_hdr)
                0x0011202c                . = ALIGN (0x4)
                0x0011202c                PROVIDE (__preinit_array_start, ABSOLUTE (.))
 *(.preinit_array)
                0x0011202c                PROVIDE (__preinit_array_end, ABSOLUTE (.))
                0x0011202c                PROVIDE (__init_array_start, ABSOLUTE (.))
 *(.init_array)
                0x0011202c                PROVIDE (__init_array_end, ABSOLUTE (.))
                0x0011202c                PROVIDE (__fini_array_start, ABSOLUTE (.))
 *(.fini_array)
                0x0011202c                PROVIDE (__fini_array_end, ABSOLUTE (.))
 *(.eh_frame)
 *(.gcc_except_table)
 *(.dynamic)
                0x0011202c                PROVIDE (__CTOR_LIST__, ABSOLUTE (.))
 *(.ctors)
 *(SORT(.ctors.*))
 .ctors.65535   0x0011202c        0x4 /opt/altera/13.0sp1/nios2eds/bin/gnu/H-i686-pc-linux-gnu/bin/../lib/gcc/nios2-elf/4.1.2/../../../../nios2-elf/lib/mno-hw-mul/libc.a(lib_a-__call_atexit.o)
                0x00112030                PROVIDE (__CTOR_END__, ABSOLUTE (.))
                0x00112030                PROVIDE (__DTOR_LIST__, ABSOLUTE (.))
 *(.dtors)
 *(SORT(.dtors.*))
                0x00112030                PROVIDE (__DTOR_END__, ABSOLUTE (.))
 *(.jcr)
                0x00112030                . = ALIGN (0x4)

.rodata         0x00112030      0x6e4
                0x00112030                PROVIDE (__ram_rodata_start, ABSOLUTE (.))
                0x00112030                . = ALIGN (0x4)
 *(.rodata .rodata.* .gnu.linkonce.r.*)
 .rodata        0x00112030      0x24c obj/default/IOTasks.o
 .rodata        0x0011227c       0x14 /opt/altera/13.0sp1/nios2eds/bin/gnu/H-i686-pc-linux-gnu/bin/../lib/gcc/nios2-elf/4.1.2/mno-hw-mul/libgcc.a(_thenan_df.o)
                0x0011227c                __thenan_df
 .rodata        0x00112290      0x100 /opt/altera/13.0sp1/nios2eds/bin/gnu/H-i686-pc-linux-gnu/bin/../lib/gcc/nios2-elf/4.1.2/mno-hw-mul/libgcc.a(_clz.o)
                0x00112290                __clz_tab
 .rodata.str1.4
                0x00112390        0x2 /opt/altera/13.0sp1/nios2eds/bin/gnu/H-i686-pc-linux-gnu/bin/../lib/gcc/nios2-elf/4.1.2/../../../../nios2-elf/lib/mno-hw-mul/libc.a(lib_a-puts.o)
                                  0x4 (size before relaxing)
 *fill*         0x00112392        0x2 00
 .rodata.str1.4
                0x00112394       0x5e /opt/altera/13.0sp1/nios2eds/bin/gnu/H-i686-pc-linux-gnu/bin/../lib/gcc/nios2-elf/4.1.2/../../../../nios2-elf/lib/mno-hw-mul/libc.a(lib_a-vfprintf.o)
                                 0x60 (size before relaxing)
 .rodata        0x001123f2       0x20 /opt/altera/13.0sp1/nios2eds/bin/gnu/H-i686-pc-linux-gnu/bin/../lib/gcc/nios2-elf/4.1.2/../../../../nios2-elf/lib/mno-hw-mul/libc.a(lib_a-vfprintf.o)
 *fill*         0x00112412        0x2 00
 .rodata.str1.4
                0x00112414       0x10 /opt/altera/13.0sp1/nios2eds/bin/gnu/H-i686-pc-linux-gnu/bin/../lib/gcc/nios2-elf/4.1.2/../../../../nios2-elf/lib/mno-hw-mul/libc.a(lib_a-dtoa.o)
                                 0x14 (size before relaxing)
 .rodata.str1.4
                0x00112424        0x2 /opt/altera/13.0sp1/nios2eds/bin/gnu/H-i686-pc-linux-gnu/bin/../lib/gcc/nios2-elf/4.1.2/../../../../nios2-elf/lib/mno-hw-mul/libc.a(lib_a-impure.o)
                                  0x4 (size before relaxing)
 *fill*         0x00112426        0x2 00
 .rodata.str1.4
                0x00112428        0xf /opt/altera/13.0sp1/nios2eds/bin/gnu/H-i686-pc-linux-gnu/bin/../lib/gcc/nios2-elf/4.1.2/../../../../nios2-elf/lib/mno-hw-mul/libc.a(lib_a-locale.o)
                                 0x18 (size before relaxing)
 *fill*         0x00112437        0x1 00
 .rodata        0x00112438       0x30 /opt/altera/13.0sp1/nios2eds/bin/gnu/H-i686-pc-linux-gnu/bin/../lib/gcc/nios2-elf/4.1.2/../../../../nios2-elf/lib/mno-hw-mul/libc.a(lib_a-locale.o)
 .rodata        0x00112468      0x124 /opt/altera/13.0sp1/nios2eds/bin/gnu/H-i686-pc-linux-gnu/bin/../lib/gcc/nios2-elf/4.1.2/../../../../nios2-elf/lib/mno-hw-mul/libc.a(lib_a-mprec.o)
                0x00112468                __mprec_tens
                0x00112530                __mprec_bigtens
                0x00112558                __mprec_tinytens
 .rodata.str1.4
                0x0011258c        0xa ../bsp//libucosii_bsp.a(alt_dev.o)
                                  0xc (size before relaxing)
 *fill*         0x00112596        0x2 00
 .rodata.str1.4
                0x00112598       0x11 ../bsp//libucosii_bsp.a(alt_main.o)
                                 0x14 (size before relaxing)
 *fill*         0x001125a9        0x3 00
 .rodata.str1.4
                0x001125ac       0x1e ../bsp//libucosii_bsp.a(os_core.o)
                                 0x20 (size before relaxing)
 .rodata        0x001125ca      0x100 ../bsp//libucosii_bsp.a(os_core.o)
                0x001125ca                OSUnMapTbl
 *fill*         0x001126ca        0x2 00
 .rodata.str1.4
                0x001126cc       0x35 ../bsp//libucosii_bsp.a(os_tmr.o)
                                 0x38 (size before relaxing)
 *fill*         0x00112701        0x3 00
 .rodata.str1.4
                0x00112704       0x10 ../bsp//libucosii_bsp.a(alt_sys_init.o)
                                 0x24 (size before relaxing)
 .rodata.str1.4
                0x00000000        0x4 ../bsp//libucosii_bsp.a(os_cpu_c.o)
 *(.rodata1)
                0x00112714                . = ALIGN (0x4)
                0x00112714                PROVIDE (__ram_rodata_end, ABSOLUTE (.))
                0x00112030                PROVIDE (__flash_rodata_start, LOADADDR (.rodata))

.rwdata         0x00112714     0x1b3c load address 0x00114250
                0x00112714                PROVIDE (__ram_rwdata_start, ABSOLUTE (.))
                0x00112714                . = ALIGN (0x4)
 *(.got.plt)
 *(.got)
 *(.data1)
 *(.data .data.* .gnu.linkonce.d.*)
 .data          0x00112714        0x0 ../bsp//obj/HAL/src/crt0.o
 .data          0x00112714       0x2c obj/default/IOTasks.o
 .data          0x00112740        0x0 /opt/altera/13.0sp1/nios2eds/bin/gnu/H-i686-pc-linux-gnu/bin/../lib/gcc/nios2-elf/4.1.2/mno-hw-mul/libgcc.a(_addsub_df.o)
 .data          0x00112740        0x0 /opt/altera/13.0sp1/nios2eds/bin/gnu/H-i686-pc-linux-gnu/bin/../lib/gcc/nios2-elf/4.1.2/mno-hw-mul/libgcc.a(_div_df.o)
 .data          0x00112740        0x0 /opt/altera/13.0sp1/nios2eds/bin/gnu/H-i686-pc-linux-gnu/bin/../lib/gcc/nios2-elf/4.1.2/mno-hw-mul/libgcc.a(_si_to_df.o)
 .data          0x00112740        0x0 /opt/altera/13.0sp1/nios2eds/bin/gnu/H-i686-pc-linux-gnu/bin/../lib/gcc/nios2-elf/4.1.2/mno-hw-mul/libgcc.a(_df_to_si.o)
 .data          0x00112740        0x0 /opt/altera/13.0sp1/nios2eds/bin/gnu/H-i686-pc-linux-gnu/bin/../lib/gcc/nios2-elf/4.1.2/mno-hw-mul/libgcc.a(_thenan_df.o)
 .data          0x00112740        0x0 /opt/altera/13.0sp1/nios2eds/bin/gnu/H-i686-pc-linux-gnu/bin/../lib/gcc/nios2-elf/4.1.2/mno-hw-mul/libgcc.a(lib2-divmod.o)
 .data          0x00112740        0x0 /opt/altera/13.0sp1/nios2eds/bin/gnu/H-i686-pc-linux-gnu/bin/../lib/gcc/nios2-elf/4.1.2/mno-hw-mul/libgcc.a(lib2-mul.o)
 .data          0x00112740        0x0 /opt/altera/13.0sp1/nios2eds/bin/gnu/H-i686-pc-linux-gnu/bin/../lib/gcc/nios2-elf/4.1.2/mno-hw-mul/libgcc.a(_clzsi2.o)
 .data          0x00112740        0x0 /opt/altera/13.0sp1/nios2eds/bin/gnu/H-i686-pc-linux-gnu/bin/../lib/gcc/nios2-elf/4.1.2/mno-hw-mul/libgcc.a(_pack_df.o)
 .data          0x00112740        0x0 /opt/altera/13.0sp1/nios2eds/bin/gnu/H-i686-pc-linux-gnu/bin/../lib/gcc/nios2-elf/4.1.2/mno-hw-mul/libgcc.a(_unpack_df.o)
 .data          0x00112740        0x0 /opt/altera/13.0sp1/nios2eds/bin/gnu/H-i686-pc-linux-gnu/bin/../lib/gcc/nios2-elf/4.1.2/mno-hw-mul/libgcc.a(_clz.o)
 .data          0x00112740        0x0 /opt/altera/13.0sp1/nios2eds/bin/gnu/H-i686-pc-linux-gnu/bin/../lib/gcc/nios2-elf/4.1.2/../../../../nios2-elf/lib/mno-hw-mul/libc.a(lib_a-printf.o)
 .data          0x00112740        0x0 /opt/altera/13.0sp1/nios2eds/bin/gnu/H-i686-pc-linux-gnu/bin/../lib/gcc/nios2-elf/4.1.2/../../../../nios2-elf/lib/mno-hw-mul/libc.a(lib_a-puts.o)
 .data          0x00112740        0x0 /opt/altera/13.0sp1/nios2eds/bin/gnu/H-i686-pc-linux-gnu/bin/../lib/gcc/nios2-elf/4.1.2/../../../../nios2-elf/lib/mno-hw-mul/libc.a(lib_a-strlen.o)
 .data          0x00112740        0x0 /opt/altera/13.0sp1/nios2eds/bin/gnu/H-i686-pc-linux-gnu/bin/../lib/gcc/nios2-elf/4.1.2/../../../../nios2-elf/lib/mno-hw-mul/libc.a(lib_a-vfprintf.o)
 .data          0x00112740        0x0 /opt/altera/13.0sp1/nios2eds/bin/gnu/H-i686-pc-linux-gnu/bin/../lib/gcc/nios2-elf/4.1.2/../../../../nios2-elf/lib/mno-hw-mul/libc.a(lib_a-wsetup.o)
 .data          0x00112740        0x0 /opt/altera/13.0sp1/nios2eds/bin/gnu/H-i686-pc-linux-gnu/bin/../lib/gcc/nios2-elf/4.1.2/../../../../nios2-elf/lib/mno-hw-mul/libc.a(lib_a-dtoa.o)
 .data          0x00112740        0x0 /opt/altera/13.0sp1/nios2eds/bin/gnu/H-i686-pc-linux-gnu/bin/../lib/gcc/nios2-elf/4.1.2/../../../../nios2-elf/lib/mno-hw-mul/libc.a(lib_a-fflush.o)
 .data          0x00112740        0x0 /opt/altera/13.0sp1/nios2eds/bin/gnu/H-i686-pc-linux-gnu/bin/../lib/gcc/nios2-elf/4.1.2/../../../../nios2-elf/lib/mno-hw-mul/libc.a(lib_a-findfp.o)
 .data          0x00112740        0x0 /opt/altera/13.0sp1/nios2eds/bin/gnu/H-i686-pc-linux-gnu/bin/../lib/gcc/nios2-elf/4.1.2/../../../../nios2-elf/lib/mno-hw-mul/libc.a(lib_a-freer.o)
 .data          0x00112740        0x0 /opt/altera/13.0sp1/nios2eds/bin/gnu/H-i686-pc-linux-gnu/bin/../lib/gcc/nios2-elf/4.1.2/../../../../nios2-elf/lib/mno-hw-mul/libc.a(lib_a-fvwrite.o)
 .data          0x00112740        0x0 /opt/altera/13.0sp1/nios2eds/bin/gnu/H-i686-pc-linux-gnu/bin/../lib/gcc/nios2-elf/4.1.2/../../../../nios2-elf/lib/mno-hw-mul/libc.a(lib_a-fwalk.o)
 .data          0x00112740      0x400 /opt/altera/13.0sp1/nios2eds/bin/gnu/H-i686-pc-linux-gnu/bin/../lib/gcc/nios2-elf/4.1.2/../../../../nios2-elf/lib/mno-hw-mul/libc.a(lib_a-impure.o)
 .data          0x00112b40        0xc /opt/altera/13.0sp1/nios2eds/bin/gnu/H-i686-pc-linux-gnu/bin/../lib/gcc/nios2-elf/4.1.2/../../../../nios2-elf/lib/mno-hw-mul/libc.a(lib_a-locale.o)
                0x00112b40                __lc_ctype
 .data          0x00112b4c        0x0 /opt/altera/13.0sp1/nios2eds/bin/gnu/H-i686-pc-linux-gnu/bin/../lib/gcc/nios2-elf/4.1.2/../../../../nios2-elf/lib/mno-hw-mul/libc.a(lib_a-makebuf.o)
 .data          0x00112b4c      0x408 /opt/altera/13.0sp1/nios2eds/bin/gnu/H-i686-pc-linux-gnu/bin/../lib/gcc/nios2-elf/4.1.2/../../../../nios2-elf/lib/mno-hw-mul/libc.a(lib_a-mallocr.o)
                0x00112b4c                __malloc_av_
 .data          0x00112f54        0x0 /opt/altera/13.0sp1/nios2eds/bin/gnu/H-i686-pc-linux-gnu/bin/../lib/gcc/nios2-elf/4.1.2/../../../../nios2-elf/lib/mno-hw-mul/libc.a(lib_a-memchr.o)
 .data          0x00112f54        0x0 /opt/altera/13.0sp1/nios2eds/bin/gnu/H-i686-pc-linux-gnu/bin/../lib/gcc/nios2-elf/4.1.2/../../../../nios2-elf/lib/mno-hw-mul/libc.a(lib_a-memcpy.o)
 .data          0x00112f54        0x0 /opt/altera/13.0sp1/nios2eds/bin/gnu/H-i686-pc-linux-gnu/bin/../lib/gcc/nios2-elf/4.1.2/../../../../nios2-elf/lib/mno-hw-mul/libc.a(lib_a-memmove.o)
 .data          0x00112f54        0x0 /opt/altera/13.0sp1/nios2eds/bin/gnu/H-i686-pc-linux-gnu/bin/../lib/gcc/nios2-elf/4.1.2/../../../../nios2-elf/lib/mno-hw-mul/libc.a(lib_a-memset.o)
 .data          0x00112f54        0x0 /opt/altera/13.0sp1/nios2eds/bin/gnu/H-i686-pc-linux-gnu/bin/../lib/gcc/nios2-elf/4.1.2/../../../../nios2-elf/lib/mno-hw-mul/libc.a(lib_a-mprec.o)
 .data          0x00112f54        0x0 /opt/altera/13.0sp1/nios2eds/bin/gnu/H-i686-pc-linux-gnu/bin/../lib/gcc/nios2-elf/4.1.2/../../../../nios2-elf/lib/mno-hw-mul/libc.a(lib_a-reallocr.o)
 .data          0x00112f54        0x0 /opt/altera/13.0sp1/nios2eds/bin/gnu/H-i686-pc-linux-gnu/bin/../lib/gcc/nios2-elf/4.1.2/../../../../nios2-elf/lib/mno-hw-mul/libc.a(lib_a-s_isinfd.o)
 .data          0x00112f54        0x0 /opt/altera/13.0sp1/nios2eds/bin/gnu/H-i686-pc-linux-gnu/bin/../lib/gcc/nios2-elf/4.1.2/../../../../nios2-elf/lib/mno-hw-mul/libc.a(lib_a-s_isnand.o)
 .data          0x00112f54        0x0 /opt/altera/13.0sp1/nios2eds/bin/gnu/H-i686-pc-linux-gnu/bin/../lib/gcc/nios2-elf/4.1.2/../../../../nios2-elf/lib/mno-hw-mul/libc.a(lib_a-sbrkr.o)
 .data          0x00112f54        0x0 /opt/altera/13.0sp1/nios2eds/bin/gnu/H-i686-pc-linux-gnu/bin/../lib/gcc/nios2-elf/4.1.2/../../../../nios2-elf/lib/mno-hw-mul/libc.a(lib_a-stdio.o)
 .data          0x00112f54        0x0 /opt/altera/13.0sp1/nios2eds/bin/gnu/H-i686-pc-linux-gnu/bin/../lib/gcc/nios2-elf/4.1.2/../../../../nios2-elf/lib/mno-hw-mul/libc.a(lib_a-strcmp.o)
 .data          0x00112f54        0x0 /opt/altera/13.0sp1/nios2eds/bin/gnu/H-i686-pc-linux-gnu/bin/../lib/gcc/nios2-elf/4.1.2/../../../../nios2-elf/lib/mno-hw-mul/libc.a(lib_a-writer.o)
 .data          0x00112f54        0x0 /opt/altera/13.0sp1/nios2eds/bin/gnu/H-i686-pc-linux-gnu/bin/../lib/gcc/nios2-elf/4.1.2/../../../../nios2-elf/lib/mno-hw-mul/libc.a(lib_a-callocr.o)
 .data          0x00112f54        0x0 /opt/altera/13.0sp1/nios2eds/bin/gnu/H-i686-pc-linux-gnu/bin/../lib/gcc/nios2-elf/4.1.2/../../../../nios2-elf/lib/mno-hw-mul/libc.a(lib_a-closer.o)
 .data          0x00112f54        0x0 /opt/altera/13.0sp1/nios2eds/bin/gnu/H-i686-pc-linux-gnu/bin/../lib/gcc/nios2-elf/4.1.2/../../../../nios2-elf/lib/mno-hw-mul/libc.a(lib_a-fclose.o)
 .data          0x00112f54        0x0 /opt/altera/13.0sp1/nios2eds/bin/gnu/H-i686-pc-linux-gnu/bin/../lib/gcc/nios2-elf/4.1.2/../../../../nios2-elf/lib/mno-hw-mul/libc.a(lib_a-fstatr.o)
 .data          0x00112f54        0x0 /opt/altera/13.0sp1/nios2eds/bin/gnu/H-i686-pc-linux-gnu/bin/../lib/gcc/nios2-elf/4.1.2/../../../../nios2-elf/lib/mno-hw-mul/libc.a(lib_a-int_errno.o)
 .data          0x00112f54        0x0 /opt/altera/13.0sp1/nios2eds/bin/gnu/H-i686-pc-linux-gnu/bin/../lib/gcc/nios2-elf/4.1.2/../../../../nios2-elf/lib/mno-hw-mul/libc.a(lib_a-isattyr.o)
 .data          0x00112f54        0x0 /opt/altera/13.0sp1/nios2eds/bin/gnu/H-i686-pc-linux-gnu/bin/../lib/gcc/nios2-elf/4.1.2/../../../../nios2-elf/lib/mno-hw-mul/libc.a(lib_a-lseekr.o)
 .data          0x00112f54        0x0 /opt/altera/13.0sp1/nios2eds/bin/gnu/H-i686-pc-linux-gnu/bin/../lib/gcc/nios2-elf/4.1.2/../../../../nios2-elf/lib/mno-hw-mul/libc.a(lib_a-readr.o)
 .data          0x00112f54        0x0 /opt/altera/13.0sp1/nios2eds/bin/gnu/H-i686-pc-linux-gnu/bin/../lib/gcc/nios2-elf/4.1.2/mno-hw-mul/libgcc.a(_udivdi3.o)
 .data          0x00112f54        0x0 /opt/altera/13.0sp1/nios2eds/bin/gnu/H-i686-pc-linux-gnu/bin/../lib/gcc/nios2-elf/4.1.2/mno-hw-mul/libgcc.a(_umoddi3.o)
 .data          0x00112f54        0x0 /opt/altera/13.0sp1/nios2eds/bin/gnu/H-i686-pc-linux-gnu/bin/../lib/gcc/nios2-elf/4.1.2/mno-hw-mul/libgcc.a(_mul_df.o)
 .data          0x00112f54        0x0 /opt/altera/13.0sp1/nios2eds/bin/gnu/H-i686-pc-linux-gnu/bin/../lib/gcc/nios2-elf/4.1.2/mno-hw-mul/libgcc.a(_eq_df.o)
 .data          0x00112f54        0x0 /opt/altera/13.0sp1/nios2eds/bin/gnu/H-i686-pc-linux-gnu/bin/../lib/gcc/nios2-elf/4.1.2/mno-hw-mul/libgcc.a(_ne_df.o)
 .data          0x00112f54        0x0 /opt/altera/13.0sp1/nios2eds/bin/gnu/H-i686-pc-linux-gnu/bin/../lib/gcc/nios2-elf/4.1.2/mno-hw-mul/libgcc.a(_gt_df.o)
 .data          0x00112f54        0x0 /opt/altera/13.0sp1/nios2eds/bin/gnu/H-i686-pc-linux-gnu/bin/../lib/gcc/nios2-elf/4.1.2/mno-hw-mul/libgcc.a(_ge_df.o)
 .data          0x00112f54        0x0 /opt/altera/13.0sp1/nios2eds/bin/gnu/H-i686-pc-linux-gnu/bin/../lib/gcc/nios2-elf/4.1.2/mno-hw-mul/libgcc.a(_lt_df.o)
 .data          0x00112f54        0x0 /opt/altera/13.0sp1/nios2eds/bin/gnu/H-i686-pc-linux-gnu/bin/../lib/gcc/nios2-elf/4.1.2/mno-hw-mul/libgcc.a(_usi_to_df.o)
 .data          0x00112f54        0x0 /opt/altera/13.0sp1/nios2eds/bin/gnu/H-i686-pc-linux-gnu/bin/../lib/gcc/nios2-elf/4.1.2/mno-hw-mul/libgcc.a(_muldi3.o)
 .data          0x00112f54        0x0 /opt/altera/13.0sp1/nios2eds/bin/gnu/H-i686-pc-linux-gnu/bin/../lib/gcc/nios2-elf/4.1.2/mno-hw-mul/libgcc.a(_fpcmp_parts_df.o)
 .data          0x00112f54        0x0 ../bsp//libucosii_bsp.a(alt_alarm_start.o)
 .data          0x00112f54        0x0 ../bsp//libucosii_bsp.a(alt_close.o)
 .data          0x00112f54      0x1a8 ../bsp//libucosii_bsp.a(alt_dev.o)
                0x00112f54                alt_dev_null
                0x00112f7c                alt_fd_list
 .data          0x001130fc        0x0 ../bsp//libucosii_bsp.a(alt_errno.o)
 .data          0x001130fc        0x0 ../bsp//libucosii_bsp.a(alt_fstat.o)
 .data          0x001130fc        0x0 ../bsp//libucosii_bsp.a(alt_isatty.o)
 .data          0x001130fc        0x0 ../bsp//libucosii_bsp.a(alt_load.o)
 .data          0x001130fc        0x0 ../bsp//libucosii_bsp.a(alt_lseek.o)
 .data          0x001130fc        0x0 ../bsp//libucosii_bsp.a(alt_main.o)
 .data          0x001130fc        0x0 ../bsp//libucosii_bsp.a(alt_read.o)
 .data          0x001130fc        0x0 ../bsp//libucosii_bsp.a(alt_release_fd.o)
 .data          0x001130fc        0x0 ../bsp//libucosii_bsp.a(alt_sbrk.o)
 .data          0x001130fc        0x0 ../bsp//libucosii_bsp.a(alt_tick.o)
 .data          0x001130fc        0x0 ../bsp//libucosii_bsp.a(alt_write.o)
 .data          0x001130fc        0x0 ../bsp//libucosii_bsp.a(alt_env_lock.o)
 .data          0x001130fc        0x0 ../bsp//libucosii_bsp.a(alt_malloc_lock.o)
 .data          0x001130fc        0x0 ../bsp//libucosii_bsp.a(os_core.o)
 .data          0x001130fc        0x0 ../bsp//libucosii_bsp.a(os_dbg.o)
 .data          0x001130fc        0x0 ../bsp//libucosii_bsp.a(os_flag.o)
 .data          0x001130fc        0x0 ../bsp//libucosii_bsp.a(os_mbox.o)
 .data          0x001130fc        0x0 ../bsp//libucosii_bsp.a(os_mem.o)
 .data          0x001130fc        0x0 ../bsp//libucosii_bsp.a(os_q.o)
 .data          0x001130fc        0x0 ../bsp//libucosii_bsp.a(os_sem.o)
 .data          0x001130fc        0x0 ../bsp//libucosii_bsp.a(os_task.o)
 .data          0x001130fc        0x0 ../bsp//libucosii_bsp.a(os_time.o)
 .data          0x001130fc        0x0 ../bsp//libucosii_bsp.a(os_tmr.o)
 .data          0x001130fc     0x1098 ../bsp//libucosii_bsp.a(alt_sys_init.o)
 .data          0x00114194        0x0 ../bsp//libucosii_bsp.a(altera_avalon_jtag_uart_fd.o)
 .data          0x00114194        0x0 ../bsp//libucosii_bsp.a(altera_avalon_jtag_uart_init.o)
 .data          0x00114194        0x0 ../bsp//libucosii_bsp.a(altera_avalon_jtag_uart_ioctl.o)
 .data          0x00114194        0x0 ../bsp//libucosii_bsp.a(altera_avalon_jtag_uart_read.o)
 .data          0x00114194        0x0 ../bsp//libucosii_bsp.a(altera_avalon_jtag_uart_write.o)
 .data          0x00114194        0x0 ../bsp//libucosii_bsp.a(altera_avalon_timer_sc.o)
 .data          0x00114194        0x0 ../bsp//libucosii_bsp.a(altera_up_avalon_character_lcd.o)
 .data          0x00114194        0x0 ../bsp//libucosii_bsp.a(alt_dcache_flush_all.o)
 .data          0x00114194        0x0 ../bsp//libucosii_bsp.a(alt_dev_llist_insert.o)
 .data          0x00114194        0x0 ../bsp//libucosii_bsp.a(alt_do_ctors.o)
 .data          0x00114194        0x0 ../bsp//libucosii_bsp.a(alt_do_dtors.o)
 .data          0x00114194        0x0 ../bsp//libucosii_bsp.a(alt_find_dev.o)
 .data          0x00114194        0x0 ../bsp//libucosii_bsp.a(alt_icache_flush_all.o)
 .data          0x00114194        0x0 ../bsp//libucosii_bsp.a(alt_iic.o)
 .data          0x00114194        0x0 ../bsp//libucosii_bsp.a(alt_iic_isr_register.o)
 .data          0x00114194        0x0 ../bsp//libucosii_bsp.a(alt_io_redirect.o)
 .data          0x00114194        0x0 ../bsp//libucosii_bsp.a(alt_irq_entry.o)
 .data          0x00114194        0x0 ../bsp//libucosii_bsp.a(alt_irq_handler.o)
 .data          0x00114194        0x0 ../bsp//libucosii_bsp.a(alt_irq_vars.o)
 .data          0x00114194        0x0 ../bsp//libucosii_bsp.a(alt_open.o)
 .data          0x00114194        0x0 ../bsp//libucosii_bsp.a(altera_nios2_qsys_irq.o)
 .data          0x00114194        0x0 ../bsp//libucosii_bsp.a(os_cpu_a.o)
 .data          0x00114194        0x0 ../bsp//libucosii_bsp.a(os_cpu_c.o)
 .data          0x00114194        0x0 ../bsp//libucosii_bsp.a(alt_exception_entry.o)
 .data          0x00114194        0x0 ../bsp//libucosii_bsp.a(alt_find_file.o)
 .data          0x00114194        0x0 ../bsp//libucosii_bsp.a(alt_get_fd.o)
 .data          0x00114194        0x0 /opt/altera/13.0sp1/nios2eds/bin/gnu/H-i686-pc-linux-gnu/bin/../lib/gcc/nios2-elf/4.1.2/../../../../nios2-elf/lib/mno-hw-mul/libc.a(lib_a-atexit.o)
 .data          0x00114194        0x0 /opt/altera/13.0sp1/nios2eds/bin/gnu/H-i686-pc-linux-gnu/bin/../lib/gcc/nios2-elf/4.1.2/../../../../nios2-elf/lib/mno-hw-mul/libc.a(lib_a-exit.o)
 .data          0x00114194        0x0 /opt/altera/13.0sp1/nios2eds/bin/gnu/H-i686-pc-linux-gnu/bin/../lib/gcc/nios2-elf/4.1.2/../../../../nios2-elf/lib/mno-hw-mul/libc.a(lib_a-memcmp.o)
 .data          0x00114194        0x0 /opt/altera/13.0sp1/nios2eds/bin/gnu/H-i686-pc-linux-gnu/bin/../lib/gcc/nios2-elf/4.1.2/../../../../nios2-elf/lib/mno-hw-mul/libc.a(lib_a-__atexit.o)
 .data          0x00114194        0x0 /opt/altera/13.0sp1/nios2eds/bin/gnu/H-i686-pc-linux-gnu/bin/../lib/gcc/nios2-elf/4.1.2/../../../../nios2-elf/lib/mno-hw-mul/libc.a(lib_a-__call_atexit.o)
 .data          0x00114194        0x0 /opt/altera/13.0sp1/nios2eds/bin/gnu/H-i686-pc-linux-gnu/bin/../lib/gcc/nios2-elf/4.1.2/mno-hw-mul/libgcc.a(_fixunsdfsi.o)
 .data          0x00114194        0x0 ../bsp//libucosii_bsp.a(alt_exit.o)
                0x0011c194                _gp = ABSOLUTE ((. + 0x8000))
                0x0011c194                PROVIDE (gp, _gp)
 *(.rwdata .rwdata.*)
 *(.sdata .sdata.* .gnu.linkonce.s.*)
 .sdata         0x00114194        0x8 /opt/altera/13.0sp1/nios2eds/bin/gnu/H-i686-pc-linux-gnu/bin/../lib/gcc/nios2-elf/4.1.2/../../../../nios2-elf/lib/mno-hw-mul/libc.a(lib_a-impure.o)
                0x00114194                _impure_ptr
                0x00114198                _global_impure_ptr
 .sdata         0x0011419c        0x8 /opt/altera/13.0sp1/nios2eds/bin/gnu/H-i686-pc-linux-gnu/bin/../lib/gcc/nios2-elf/4.1.2/../../../../nios2-elf/lib/mno-hw-mul/libc.a(lib_a-locale.o)
                0x0011419c                __mb_cur_max
 .sdata         0x001141a4        0x8 /opt/altera/13.0sp1/nios2eds/bin/gnu/H-i686-pc-linux-gnu/bin/../lib/gcc/nios2-elf/4.1.2/../../../../nios2-elf/lib/mno-hw-mul/libc.a(lib_a-mallocr.o)
                0x001141a4                __malloc_trim_threshold
                0x001141a8                __malloc_sbrk_base
 .sdata         0x001141ac       0x14 ../bsp//libucosii_bsp.a(alt_dev.o)
                0x001141ac                alt_fs_list
                0x001141b4                alt_dev_list
                0x001141bc                alt_max_fd
 .sdata         0x001141c0        0x4 ../bsp//libucosii_bsp.a(alt_errno.o)
                0x001141c0                alt_errno
 .sdata         0x001141c4        0x4 ../bsp//libucosii_bsp.a(alt_sbrk.o)
 .sdata         0x001141c8        0x8 ../bsp//libucosii_bsp.a(alt_tick.o)
                0x001141c8                alt_alarm_list
 .sdata         0x001141d0        0x4 ../bsp//libucosii_bsp.a(alt_env_lock.o)
 .sdata         0x001141d4        0x4 ../bsp//libucosii_bsp.a(alt_malloc_lock.o)
 .sdata         0x001141d8       0x74 ../bsp//libucosii_bsp.a(os_dbg.o)
                0x001141d8                OSDebugEn
                0x001141dc                OSEndiannessTest
                0x001141e0                OSEventEn
                0x001141e2                OSEventMax
                0x001141e4                OSEventNameSize
                0x001141e6                OSEventSize
                0x001141e8                OSEventTblSize
                0x001141ea                OSEventMultiEn
                0x001141ec                OSFlagEn
                0x001141ee                OSFlagGrpSize
                0x001141f0                OSFlagNodeSize
                0x001141f2                OSFlagWidth
                0x001141f4                OSFlagMax
                0x001141f6                OSFlagNameSize
                0x001141f8                OSLowestPrio
                0x001141fa                OSMboxEn
                0x001141fc                OSMemEn
                0x001141fe                OSMemMax
                0x00114200                OSMemNameSize
                0x00114202                OSMemSize
                0x00114204                OSMemTblSize
                0x00114206                OSMutexEn
                0x00114208                OSPtrSize
                0x0011420a                OSQEn
                0x0011420c                OSQMax
                0x0011420e                OSQSize
                0x00114210                OSRdyTblSize
                0x00114212                OSSemEn
                0x00114214                OSStkWidth
                0x00114216                OSTaskCreateEn
                0x00114218                OSTaskCreateExtEn
                0x0011421a                OSTaskDelEn
                0x0011421c                OSTaskIdleStkSize
                0x0011421e                OSTaskProfileEn
                0x00114220                OSTaskMax
                0x00114222                OSTaskNameSize
                0x00114224                OSTaskStatEn
                0x00114226                OSTaskStatStkSize
                0x00114228                OSTaskStatStkChkEn
                0x0011422a                OSTaskSwHookEn
                0x0011422c                OSTCBPrioTblMax
                0x0011422e                OSTCBSize
                0x00114230                OSTicksPerSec
                0x00114232                OSTimeTickHookEn
                0x00114234                OSVersionNbr
                0x00114236                OSTmrEn
                0x00114238                OSTmrCfgMax
                0x0011423a                OSTmrCfgNameSize
                0x0011423c                OSTmrCfgWheelSize
                0x0011423e                OSTmrCfgTicksPerSec
                0x00114240                OSTmrSize
                0x00114242                OSTmrTblSize
                0x00114244                OSTmrWheelSize
                0x00114246                OSTmrWheelTblSize
                0x00114248                OSDataSize
 .sdata         0x0011424c        0x4 ../bsp//libucosii_bsp.a(alt_irq_vars.o)
                0x0011424c                alt_priority_mask
 *(.sdata2 .sdata2.* .gnu.linkonce.s2.*)
                0x00114250                . = ALIGN (0x4)
                0x00114250                _edata = ABSOLUTE (.)
                0x00114250                PROVIDE (edata, ABSOLUTE (.))
                0x00114250                PROVIDE (__ram_rwdata_end, ABSOLUTE (.))
                0x00114250                PROVIDE (__flash_rwdata_start, LOADADDR (.rwdata))

.bss            0x00115d8c     0xe134
                0x00115d8c                __bss_start = ABSOLUTE (.)
                0x00115d8c                PROVIDE (__sbss_start, ABSOLUTE (.))
                0x00115d8c                PROVIDE (___sbss_start, ABSOLUTE (.))
 *(.dynsbss)
 *(.sbss .sbss.* .gnu.linkonce.sb.*)
 .sbss          0x00115d8c        0x8 obj/default/IOTasks.o
                0x00115d8c                led_green
                0x00115d90                led_red
 .sbss          0x00115d94       0x34 obj/default/IOTasks.o
                0x00115d94                Mbox_Throttle
                0x00115d98                SwitchIOSem
                0x00115d9c                Mbox_Velocity
                0x00115da0                ControlSem
                0x00115da4                ControlTmr
                0x00115da8                VehicleTmr
                0x00115dac                Mbox_Engine
                0x00115db0                delay
                0x00115db4                SwitchIOTmr
                0x00115db8                VehicleSem
                0x00115dbc                ButtonIOTmr
                0x00115dc0                ButtonIOSem
                0x00115dc4                Mbox_Brake
 .sbss          0x00115dc8        0xc /opt/altera/13.0sp1/nios2eds/bin/gnu/H-i686-pc-linux-gnu/bin/../lib/gcc/nios2-elf/4.1.2/../../../../nios2-elf/lib/mno-hw-mul/libc.a(lib_a-locale.o)
                0x00115dc8                __nlocale_changed
                0x00115dcc                __mlocale_changed
                0x00115dd0                _PathLocale
 .sbss          0x00115dd4        0xc /opt/altera/13.0sp1/nios2eds/bin/gnu/H-i686-pc-linux-gnu/bin/../lib/gcc/nios2-elf/4.1.2/../../../../nios2-elf/lib/mno-hw-mul/libc.a(lib_a-mallocr.o)
                0x00115dd4                __malloc_top_pad
                0x00115dd8                __malloc_max_sbrked_mem
                0x00115ddc                __malloc_max_total_mem
 .sbss          0x00115de0        0x4 /opt/altera/13.0sp1/nios2eds/bin/gnu/H-i686-pc-linux-gnu/bin/../lib/gcc/nios2-elf/4.1.2/../../../../nios2-elf/lib/mno-hw-mul/libc.a(lib_a-int_errno.o)
                0x00115de0                errno
 .sbss          0x00115de4        0x4 ../bsp//libucosii_bsp.a(alt_dev.o)
                0x00115de4                alt_fd_list_lock
 .sbss          0x00115de8        0xc ../bsp//libucosii_bsp.a(alt_main.o)
                0x00115de8                alt_argc
                0x00115dec                alt_argv
                0x00115df0                alt_envp
 .sbss          0x00115df4        0x8 ../bsp//libucosii_bsp.a(alt_tick.o)
                0x00115df4                _alt_tick_rate
                0x00115df8                _alt_nticks
 .sbss          0x00115dfc        0x8 ../bsp//libucosii_bsp.a(alt_env_lock.o)
                0x00115e00                alt_envsem
 .sbss          0x00115e04        0x8 ../bsp//libucosii_bsp.a(alt_malloc_lock.o)
                0x00115e08                alt_heapsem
 .sbss          0x00115e0c       0x68 ../bsp//libucosii_bsp.a(os_core.o)
                0x00115e0c                OSTmrFreeList
                0x00115e10                OSLockNesting
                0x00115e14                OSTmrSemSignal
                0x00115e18                OSRunning
                0x00115e1c                OSIdleCtr
                0x00115e20                OSTmrUsed
                0x00115e22                OSPrioHighRdy
                0x00115e23                OSPrioCur
                0x00115e24                OSTCBList
                0x00115e28                OSTickStepState
                0x00115e2c                OSCtxSwCtr
                0x00115e30                OSTmrFree
                0x00115e34                OSIdleCtrMax
                0x00115e38                OSTCBFreeList
                0x00115e3c                OSCPUUsage
                0x00115e3d                OSTaskCtr
                0x00115e40                OSMemFreeList
                0x00115e44                OSTCBHighRdy
                0x00115e48                OSQFreeList
                0x00115e4c                OSRdyGrp
                0x00115e4d                OSRdyTbl
                0x00115e50                OSEventFreeList
                0x00115e54                OSIntNesting
                0x00115e58                OSTCBCur
                0x00115e5c                OSTmrTime
                0x00115e60                OSTime
                0x00115e64                OSTmrSem
                0x00115e68                OSFlagFreeList
                0x00115e6c                OSStatRdy
                0x00115e70                OSIdleCtrRun
 .sbss          0x00115e74        0x4 ../bsp//libucosii_bsp.a(alt_irq_vars.o)
                0x00115e74                alt_irq_active
 .sbss          0x00115e78        0x2 ../bsp//libucosii_bsp.a(os_cpu_c.o)
 *(.sbss2 .sbss2.* .gnu.linkonce.sb2.*)
 *(.scommon)
                0x00115e7a                PROVIDE (__sbss_end, ABSOLUTE (.))
                0x00115e7a                PROVIDE (___sbss_end, ABSOLUTE (.))
 *(.dynbss)
 *(.bss .bss.* .gnu.linkonce.b.*)
 .bss           0x00115e7a        0x0 ../bsp//obj/HAL/src/crt0.o
 *fill*         0x00115e7a        0x2 00
 .bss           0x00115e7c       0x18 obj/default/IOTasks.o
 .bss           0x00115e94        0x0 /opt/altera/13.0sp1/nios2eds/bin/gnu/H-i686-pc-linux-gnu/bin/../lib/gcc/nios2-elf/4.1.2/mno-hw-mul/libgcc.a(_addsub_df.o)
 .bss           0x00115e94        0x0 /opt/altera/13.0sp1/nios2eds/bin/gnu/H-i686-pc-linux-gnu/bin/../lib/gcc/nios2-elf/4.1.2/mno-hw-mul/libgcc.a(_div_df.o)
 .bss           0x00115e94        0x0 /opt/altera/13.0sp1/nios2eds/bin/gnu/H-i686-pc-linux-gnu/bin/../lib/gcc/nios2-elf/4.1.2/mno-hw-mul/libgcc.a(_si_to_df.o)
 .bss           0x00115e94        0x0 /opt/altera/13.0sp1/nios2eds/bin/gnu/H-i686-pc-linux-gnu/bin/../lib/gcc/nios2-elf/4.1.2/mno-hw-mul/libgcc.a(_df_to_si.o)
 .bss           0x00115e94        0x0 /opt/altera/13.0sp1/nios2eds/bin/gnu/H-i686-pc-linux-gnu/bin/../lib/gcc/nios2-elf/4.1.2/mno-hw-mul/libgcc.a(_thenan_df.o)
 .bss           0x00115e94        0x0 /opt/altera/13.0sp1/nios2eds/bin/gnu/H-i686-pc-linux-gnu/bin/../lib/gcc/nios2-elf/4.1.2/mno-hw-mul/libgcc.a(lib2-divmod.o)
 .bss           0x00115e94        0x0 /opt/altera/13.0sp1/nios2eds/bin/gnu/H-i686-pc-linux-gnu/bin/../lib/gcc/nios2-elf/4.1.2/mno-hw-mul/libgcc.a(lib2-mul.o)
 .bss           0x00115e94        0x0 /opt/altera/13.0sp1/nios2eds/bin/gnu/H-i686-pc-linux-gnu/bin/../lib/gcc/nios2-elf/4.1.2/mno-hw-mul/libgcc.a(_clzsi2.o)
 .bss           0x00115e94        0x0 /opt/altera/13.0sp1/nios2eds/bin/gnu/H-i686-pc-linux-gnu/bin/../lib/gcc/nios2-elf/4.1.2/mno-hw-mul/libgcc.a(_pack_df.o)
 .bss           0x00115e94        0x0 /opt/altera/13.0sp1/nios2eds/bin/gnu/H-i686-pc-linux-gnu/bin/../lib/gcc/nios2-elf/4.1.2/mno-hw-mul/libgcc.a(_unpack_df.o)
 .bss           0x00115e94        0x0 /opt/altera/13.0sp1/nios2eds/bin/gnu/H-i686-pc-linux-gnu/bin/../lib/gcc/nios2-elf/4.1.2/mno-hw-mul/libgcc.a(_clz.o)
 .bss           0x00115e94        0x0 /opt/altera/13.0sp1/nios2eds/bin/gnu/H-i686-pc-linux-gnu/bin/../lib/gcc/nios2-elf/4.1.2/../../../../nios2-elf/lib/mno-hw-mul/libc.a(lib_a-printf.o)
 .bss           0x00115e94        0x0 /opt/altera/13.0sp1/nios2eds/bin/gnu/H-i686-pc-linux-gnu/bin/../lib/gcc/nios2-elf/4.1.2/../../../../nios2-elf/lib/mno-hw-mul/libc.a(lib_a-puts.o)
 .bss           0x00115e94        0x0 /opt/altera/13.0sp1/nios2eds/bin/gnu/H-i686-pc-linux-gnu/bin/../lib/gcc/nios2-elf/4.1.2/../../../../nios2-elf/lib/mno-hw-mul/libc.a(lib_a-strlen.o)
 .bss           0x00115e94        0x0 /opt/altera/13.0sp1/nios2eds/bin/gnu/H-i686-pc-linux-gnu/bin/../lib/gcc/nios2-elf/4.1.2/../../../../nios2-elf/lib/mno-hw-mul/libc.a(lib_a-vfprintf.o)
 .bss           0x00115e94        0x0 /opt/altera/13.0sp1/nios2eds/bin/gnu/H-i686-pc-linux-gnu/bin/../lib/gcc/nios2-elf/4.1.2/../../../../nios2-elf/lib/mno-hw-mul/libc.a(lib_a-wsetup.o)
 .bss           0x00115e94        0x0 /opt/altera/13.0sp1/nios2eds/bin/gnu/H-i686-pc-linux-gnu/bin/../lib/gcc/nios2-elf/4.1.2/../../../../nios2-elf/lib/mno-hw-mul/libc.a(lib_a-dtoa.o)
 .bss           0x00115e94        0x0 /opt/altera/13.0sp1/nios2eds/bin/gnu/H-i686-pc-linux-gnu/bin/../lib/gcc/nios2-elf/4.1.2/../../../../nios2-elf/lib/mno-hw-mul/libc.a(lib_a-fflush.o)
 .bss           0x00115e94        0x0 /opt/altera/13.0sp1/nios2eds/bin/gnu/H-i686-pc-linux-gnu/bin/../lib/gcc/nios2-elf/4.1.2/../../../../nios2-elf/lib/mno-hw-mul/libc.a(lib_a-findfp.o)
 .bss           0x00115e94        0x0 /opt/altera/13.0sp1/nios2eds/bin/gnu/H-i686-pc-linux-gnu/bin/../lib/gcc/nios2-elf/4.1.2/../../../../nios2-elf/lib/mno-hw-mul/libc.a(lib_a-freer.o)
 .bss           0x00115e94        0x0 /opt/altera/13.0sp1/nios2eds/bin/gnu/H-i686-pc-linux-gnu/bin/../lib/gcc/nios2-elf/4.1.2/../../../../nios2-elf/lib/mno-hw-mul/libc.a(lib_a-fvwrite.o)
 .bss           0x00115e94        0x0 /opt/altera/13.0sp1/nios2eds/bin/gnu/H-i686-pc-linux-gnu/bin/../lib/gcc/nios2-elf/4.1.2/../../../../nios2-elf/lib/mno-hw-mul/libc.a(lib_a-fwalk.o)
 .bss           0x00115e94        0x0 /opt/altera/13.0sp1/nios2eds/bin/gnu/H-i686-pc-linux-gnu/bin/../lib/gcc/nios2-elf/4.1.2/../../../../nios2-elf/lib/mno-hw-mul/libc.a(lib_a-impure.o)
 .bss           0x00115e94        0x0 /opt/altera/13.0sp1/nios2eds/bin/gnu/H-i686-pc-linux-gnu/bin/../lib/gcc/nios2-elf/4.1.2/../../../../nios2-elf/lib/mno-hw-mul/libc.a(lib_a-locale.o)
 .bss           0x00115e94        0x0 /opt/altera/13.0sp1/nios2eds/bin/gnu/H-i686-pc-linux-gnu/bin/../lib/gcc/nios2-elf/4.1.2/../../../../nios2-elf/lib/mno-hw-mul/libc.a(lib_a-makebuf.o)
 .bss           0x00115e94       0x28 /opt/altera/13.0sp1/nios2eds/bin/gnu/H-i686-pc-linux-gnu/bin/../lib/gcc/nios2-elf/4.1.2/../../../../nios2-elf/lib/mno-hw-mul/libc.a(lib_a-mallocr.o)
                0x00115e94                __malloc_current_mallinfo
 .bss           0x00115ebc        0x0 /opt/altera/13.0sp1/nios2eds/bin/gnu/H-i686-pc-linux-gnu/bin/../lib/gcc/nios2-elf/4.1.2/../../../../nios2-elf/lib/mno-hw-mul/libc.a(lib_a-memchr.o)
 .bss           0x00115ebc        0x0 /opt/altera/13.0sp1/nios2eds/bin/gnu/H-i686-pc-linux-gnu/bin/../lib/gcc/nios2-elf/4.1.2/../../../../nios2-elf/lib/mno-hw-mul/libc.a(lib_a-memcpy.o)
 .bss           0x00115ebc        0x0 /opt/altera/13.0sp1/nios2eds/bin/gnu/H-i686-pc-linux-gnu/bin/../lib/gcc/nios2-elf/4.1.2/../../../../nios2-elf/lib/mno-hw-mul/libc.a(lib_a-memmove.o)
 .bss           0x00115ebc        0x0 /opt/altera/13.0sp1/nios2eds/bin/gnu/H-i686-pc-linux-gnu/bin/../lib/gcc/nios2-elf/4.1.2/../../../../nios2-elf/lib/mno-hw-mul/libc.a(lib_a-memset.o)
 .bss           0x00115ebc        0x0 /opt/altera/13.0sp1/nios2eds/bin/gnu/H-i686-pc-linux-gnu/bin/../lib/gcc/nios2-elf/4.1.2/../../../../nios2-elf/lib/mno-hw-mul/libc.a(lib_a-mprec.o)
 .bss           0x00115ebc        0x0 /opt/altera/13.0sp1/nios2eds/bin/gnu/H-i686-pc-linux-gnu/bin/../lib/gcc/nios2-elf/4.1.2/../../../../nios2-elf/lib/mno-hw-mul/libc.a(lib_a-reallocr.o)
 .bss           0x00115ebc        0x0 /opt/altera/13.0sp1/nios2eds/bin/gnu/H-i686-pc-linux-gnu/bin/../lib/gcc/nios2-elf/4.1.2/../../../../nios2-elf/lib/mno-hw-mul/libc.a(lib_a-s_isinfd.o)
 .bss           0x00115ebc        0x0 /opt/altera/13.0sp1/nios2eds/bin/gnu/H-i686-pc-linux-gnu/bin/../lib/gcc/nios2-elf/4.1.2/../../../../nios2-elf/lib/mno-hw-mul/libc.a(lib_a-s_isnand.o)
 .bss           0x00115ebc        0x0 /opt/altera/13.0sp1/nios2eds/bin/gnu/H-i686-pc-linux-gnu/bin/../lib/gcc/nios2-elf/4.1.2/../../../../nios2-elf/lib/mno-hw-mul/libc.a(lib_a-sbrkr.o)
 .bss           0x00115ebc        0x0 /opt/altera/13.0sp1/nios2eds/bin/gnu/H-i686-pc-linux-gnu/bin/../lib/gcc/nios2-elf/4.1.2/../../../../nios2-elf/lib/mno-hw-mul/libc.a(lib_a-stdio.o)
 .bss           0x00115ebc        0x0 /opt/altera/13.0sp1/nios2eds/bin/gnu/H-i686-pc-linux-gnu/bin/../lib/gcc/nios2-elf/4.1.2/../../../../nios2-elf/lib/mno-hw-mul/libc.a(lib_a-strcmp.o)
 .bss           0x00115ebc        0x0 /opt/altera/13.0sp1/nios2eds/bin/gnu/H-i686-pc-linux-gnu/bin/../lib/gcc/nios2-elf/4.1.2/../../../../nios2-elf/lib/mno-hw-mul/libc.a(lib_a-writer.o)
 .bss           0x00115ebc        0x0 /opt/altera/13.0sp1/nios2eds/bin/gnu/H-i686-pc-linux-gnu/bin/../lib/gcc/nios2-elf/4.1.2/../../../../nios2-elf/lib/mno-hw-mul/libc.a(lib_a-callocr.o)
 .bss           0x00115ebc        0x0 /opt/altera/13.0sp1/nios2eds/bin/gnu/H-i686-pc-linux-gnu/bin/../lib/gcc/nios2-elf/4.1.2/../../../../nios2-elf/lib/mno-hw-mul/libc.a(lib_a-closer.o)
 .bss           0x00115ebc        0x0 /opt/altera/13.0sp1/nios2eds/bin/gnu/H-i686-pc-linux-gnu/bin/../lib/gcc/nios2-elf/4.1.2/../../../../nios2-elf/lib/mno-hw-mul/libc.a(lib_a-fclose.o)
 .bss           0x00115ebc        0x0 /opt/altera/13.0sp1/nios2eds/bin/gnu/H-i686-pc-linux-gnu/bin/../lib/gcc/nios2-elf/4.1.2/../../../../nios2-elf/lib/mno-hw-mul/libc.a(lib_a-fstatr.o)
 .bss           0x00115ebc        0x0 /opt/altera/13.0sp1/nios2eds/bin/gnu/H-i686-pc-linux-gnu/bin/../lib/gcc/nios2-elf/4.1.2/../../../../nios2-elf/lib/mno-hw-mul/libc.a(lib_a-int_errno.o)
 .bss           0x00115ebc        0x0 /opt/altera/13.0sp1/nios2eds/bin/gnu/H-i686-pc-linux-gnu/bin/../lib/gcc/nios2-elf/4.1.2/../../../../nios2-elf/lib/mno-hw-mul/libc.a(lib_a-isattyr.o)
 .bss           0x00115ebc        0x0 /opt/altera/13.0sp1/nios2eds/bin/gnu/H-i686-pc-linux-gnu/bin/../lib/gcc/nios2-elf/4.1.2/../../../../nios2-elf/lib/mno-hw-mul/libc.a(lib_a-lseekr.o)
 .bss           0x00115ebc        0x0 /opt/altera/13.0sp1/nios2eds/bin/gnu/H-i686-pc-linux-gnu/bin/../lib/gcc/nios2-elf/4.1.2/../../../../nios2-elf/lib/mno-hw-mul/libc.a(lib_a-readr.o)
 .bss           0x00115ebc        0x0 /opt/altera/13.0sp1/nios2eds/bin/gnu/H-i686-pc-linux-gnu/bin/../lib/gcc/nios2-elf/4.1.2/mno-hw-mul/libgcc.a(_udivdi3.o)
 .bss           0x00115ebc        0x0 /opt/altera/13.0sp1/nios2eds/bin/gnu/H-i686-pc-linux-gnu/bin/../lib/gcc/nios2-elf/4.1.2/mno-hw-mul/libgcc.a(_umoddi3.o)
 .bss           0x00115ebc        0x0 /opt/altera/13.0sp1/nios2eds/bin/gnu/H-i686-pc-linux-gnu/bin/../lib/gcc/nios2-elf/4.1.2/mno-hw-mul/libgcc.a(_mul_df.o)
 .bss           0x00115ebc        0x0 /opt/altera/13.0sp1/nios2eds/bin/gnu/H-i686-pc-linux-gnu/bin/../lib/gcc/nios2-elf/4.1.2/mno-hw-mul/libgcc.a(_eq_df.o)
 .bss           0x00115ebc        0x0 /opt/altera/13.0sp1/nios2eds/bin/gnu/H-i686-pc-linux-gnu/bin/../lib/gcc/nios2-elf/4.1.2/mno-hw-mul/libgcc.a(_ne_df.o)
 .bss           0x00115ebc        0x0 /opt/altera/13.0sp1/nios2eds/bin/gnu/H-i686-pc-linux-gnu/bin/../lib/gcc/nios2-elf/4.1.2/mno-hw-mul/libgcc.a(_gt_df.o)
 .bss           0x00115ebc        0x0 /opt/altera/13.0sp1/nios2eds/bin/gnu/H-i686-pc-linux-gnu/bin/../lib/gcc/nios2-elf/4.1.2/mno-hw-mul/libgcc.a(_ge_df.o)
 .bss           0x00115ebc        0x0 /opt/altera/13.0sp1/nios2eds/bin/gnu/H-i686-pc-linux-gnu/bin/../lib/gcc/nios2-elf/4.1.2/mno-hw-mul/libgcc.a(_lt_df.o)
 .bss           0x00115ebc        0x0 /opt/altera/13.0sp1/nios2eds/bin/gnu/H-i686-pc-linux-gnu/bin/../lib/gcc/nios2-elf/4.1.2/mno-hw-mul/libgcc.a(_usi_to_df.o)
 .bss           0x00115ebc        0x0 /opt/altera/13.0sp1/nios2eds/bin/gnu/H-i686-pc-linux-gnu/bin/../lib/gcc/nios2-elf/4.1.2/mno-hw-mul/libgcc.a(_muldi3.o)
 .bss           0x00115ebc        0x0 /opt/altera/13.0sp1/nios2eds/bin/gnu/H-i686-pc-linux-gnu/bin/../lib/gcc/nios2-elf/4.1.2/mno-hw-mul/libgcc.a(_fpcmp_parts_df.o)
 .bss           0x00115ebc        0x0 ../bsp//libucosii_bsp.a(alt_alarm_start.o)
 .bss           0x00115ebc        0x0 ../bsp//libucosii_bsp.a(alt_close.o)
 .bss           0x00115ebc        0x0 ../bsp//libucosii_bsp.a(alt_dev.o)
 .bss           0x00115ebc        0x0 ../bsp//libucosii_bsp.a(alt_errno.o)
 .bss           0x00115ebc        0x0 ../bsp//libucosii_bsp.a(alt_fstat.o)
 .bss           0x00115ebc        0x0 ../bsp//libucosii_bsp.a(alt_isatty.o)
 .bss           0x00115ebc        0x0 ../bsp//libucosii_bsp.a(alt_load.o)
 .bss           0x00115ebc        0x0 ../bsp//libucosii_bsp.a(alt_lseek.o)
 .bss           0x00115ebc        0x0 ../bsp//libucosii_bsp.a(alt_main.o)
 .bss           0x00115ebc        0x0 ../bsp//libucosii_bsp.a(alt_read.o)
 .bss           0x00115ebc        0x0 ../bsp//libucosii_bsp.a(alt_release_fd.o)
 .bss           0x00115ebc        0x0 ../bsp//libucosii_bsp.a(alt_sbrk.o)
 .bss           0x00115ebc        0x0 ../bsp//libucosii_bsp.a(alt_tick.o)
 .bss           0x00115ebc        0x0 ../bsp//libucosii_bsp.a(alt_write.o)
 .bss           0x00115ebc        0x0 ../bsp//libucosii_bsp.a(alt_env_lock.o)
 .bss           0x00115ebc        0x0 ../bsp//libucosii_bsp.a(alt_malloc_lock.o)
 .bss           0x00115ebc        0x0 ../bsp//libucosii_bsp.a(os_core.o)
 .bss           0x00115ebc        0x0 ../bsp//libucosii_bsp.a(os_dbg.o)
 .bss           0x00115ebc        0x0 ../bsp//libucosii_bsp.a(os_flag.o)
 .bss           0x00115ebc        0x0 ../bsp//libucosii_bsp.a(os_mbox.o)
 .bss           0x00115ebc        0x0 ../bsp//libucosii_bsp.a(os_mem.o)
 .bss           0x00115ebc        0x0 ../bsp//libucosii_bsp.a(os_q.o)
 .bss           0x00115ebc        0x0 ../bsp//libucosii_bsp.a(os_sem.o)
 .bss           0x00115ebc        0x0 ../bsp//libucosii_bsp.a(os_task.o)
 .bss           0x00115ebc        0x0 ../bsp//libucosii_bsp.a(os_time.o)
 .bss           0x00115ebc        0x0 ../bsp//libucosii_bsp.a(os_tmr.o)
 .bss           0x00115ebc        0x0 ../bsp//libucosii_bsp.a(alt_sys_init.o)
 .bss           0x00115ebc        0x0 ../bsp//libucosii_bsp.a(altera_avalon_jtag_uart_fd.o)
 .bss           0x00115ebc        0x0 ../bsp//libucosii_bsp.a(altera_avalon_jtag_uart_init.o)
 .bss           0x00115ebc        0x0 ../bsp//libucosii_bsp.a(altera_avalon_jtag_uart_ioctl.o)
 .bss           0x00115ebc        0x0 ../bsp//libucosii_bsp.a(altera_avalon_jtag_uart_read.o)
 .bss           0x00115ebc        0x0 ../bsp//libucosii_bsp.a(altera_avalon_jtag_uart_write.o)
 .bss           0x00115ebc        0x0 ../bsp//libucosii_bsp.a(altera_avalon_timer_sc.o)
 .bss           0x00115ebc        0x0 ../bsp//libucosii_bsp.a(altera_up_avalon_character_lcd.o)
 .bss           0x00115ebc        0x0 ../bsp//libucosii_bsp.a(alt_dcache_flush_all.o)
 .bss           0x00115ebc        0x0 ../bsp//libucosii_bsp.a(alt_dev_llist_insert.o)
 .bss           0x00115ebc        0x0 ../bsp//libucosii_bsp.a(alt_do_ctors.o)
 .bss           0x00115ebc        0x0 ../bsp//libucosii_bsp.a(alt_do_dtors.o)
 .bss           0x00115ebc        0x0 ../bsp//libucosii_bsp.a(alt_find_dev.o)
 .bss           0x00115ebc        0x0 ../bsp//libucosii_bsp.a(alt_icache_flush_all.o)
 .bss           0x00115ebc        0x0 ../bsp//libucosii_bsp.a(alt_iic.o)
 .bss           0x00115ebc        0x0 ../bsp//libucosii_bsp.a(alt_iic_isr_register.o)
 .bss           0x00115ebc        0x0 ../bsp//libucosii_bsp.a(alt_io_redirect.o)
 .bss           0x00115ebc        0x0 ../bsp//libucosii_bsp.a(alt_irq_entry.o)
 .bss           0x00115ebc        0x0 ../bsp//libucosii_bsp.a(alt_irq_handler.o)
 .bss           0x00115ebc        0x0 ../bsp//libucosii_bsp.a(alt_irq_vars.o)
 .bss           0x00115ebc        0x0 ../bsp//libucosii_bsp.a(alt_open.o)
 .bss           0x00115ebc        0x0 ../bsp//libucosii_bsp.a(altera_nios2_qsys_irq.o)
 .bss           0x00115ebc        0x0 ../bsp//libucosii_bsp.a(os_cpu_a.o)
 .bss           0x00115ebc        0x0 ../bsp//libucosii_bsp.a(os_cpu_c.o)
 .bss           0x00115ebc        0x0 ../bsp//libucosii_bsp.a(alt_exception_entry.o)
 .bss           0x00115ebc        0x0 ../bsp//libucosii_bsp.a(alt_find_file.o)
 .bss           0x00115ebc        0x0 ../bsp//libucosii_bsp.a(alt_get_fd.o)
 .bss           0x00115ebc        0x0 /opt/altera/13.0sp1/nios2eds/bin/gnu/H-i686-pc-linux-gnu/bin/../lib/gcc/nios2-elf/4.1.2/../../../../nios2-elf/lib/mno-hw-mul/libc.a(lib_a-atexit.o)
 .bss           0x00115ebc        0x0 /opt/altera/13.0sp1/nios2eds/bin/gnu/H-i686-pc-linux-gnu/bin/../lib/gcc/nios2-elf/4.1.2/../../../../nios2-elf/lib/mno-hw-mul/libc.a(lib_a-exit.o)
 .bss           0x00115ebc        0x0 /opt/altera/13.0sp1/nios2eds/bin/gnu/H-i686-pc-linux-gnu/bin/../lib/gcc/nios2-elf/4.1.2/../../../../nios2-elf/lib/mno-hw-mul/libc.a(lib_a-memcmp.o)
 .bss           0x00115ebc        0x0 /opt/altera/13.0sp1/nios2eds/bin/gnu/H-i686-pc-linux-gnu/bin/../lib/gcc/nios2-elf/4.1.2/../../../../nios2-elf/lib/mno-hw-mul/libc.a(lib_a-__atexit.o)
 .bss           0x00115ebc        0x0 /opt/altera/13.0sp1/nios2eds/bin/gnu/H-i686-pc-linux-gnu/bin/../lib/gcc/nios2-elf/4.1.2/../../../../nios2-elf/lib/mno-hw-mul/libc.a(lib_a-__call_atexit.o)
 .bss           0x00115ebc        0x0 /opt/altera/13.0sp1/nios2eds/bin/gnu/H-i686-pc-linux-gnu/bin/../lib/gcc/nios2-elf/4.1.2/mno-hw-mul/libgcc.a(_fixunsdfsi.o)
 .bss           0x00115ebc        0x0 ../bsp//libucosii_bsp.a(alt_exit.o)
 *(COMMON)
 COMMON         0x00115ebc     0xa000 obj/default/IOTasks.o
                0x00115ebc                SwitchIO_Stack
                0x00117ebc                ButtonIO_Stack
                0x00119ebc                ControlTask_Stack
                0x0011bebc                VehicleTask_Stack
                0x0011debc                StartTask_Stack
 COMMON         0x0011febc     0x3d74 ../bsp//libucosii_bsp.a(os_core.o)
                0x0011febc                OSTmrWheelTbl
                0x0011fecc                OSFlagTbl
                0x0012023c                OSTmrTbl
                0x0012057c                OSMemTbl
                0x001211ac                OSTaskStatStk
                0x001219ac                OSQTbl
                0x00121b8c                OSTmrTaskStk
                0x0012238c                OSTaskIdleStk
                0x00122b8c                OSEventTbl
                0x001236cc                OSTCBTbl
                0x00123bdc                OSTCBPrioTbl
 COMMON         0x00123c30      0x100 ../bsp//libucosii_bsp.a(alt_irq_handler.o)
                0x00123c30                alt_irq
 COMMON         0x00123d30      0x190 /opt/altera/13.0sp1/nios2eds/bin/gnu/H-i686-pc-linux-gnu/bin/../lib/gcc/nios2-elf/4.1.2/../../../../nios2-elf/lib/mno-hw-mul/libc.a(lib_a-atexit.o)
                0x00123d30                _atexit0
                0x00123ec0                . = ALIGN (0x4)
                0x00123ec0                __bss_end = ABSOLUTE (.)

.onchip_memory  0x00000000        0x0 load address 0x00123ec0
                0x00000000                PROVIDE (_alt_partition_onchip_memory_start, ABSOLUTE (.))
 *(.onchip_memory. onchip_memory.*)
                0x00000000                . = ALIGN (0x4)
                0x00000000                PROVIDE (_alt_partition_onchip_memory_end, ABSOLUTE (.))
                0x00123ec0                PROVIDE (_alt_partition_onchip_memory_load_addr, LOADADDR (.onchip_memory))

.sram           0x00123ec0        0x0
                0x00123ec0                PROVIDE (_alt_partition_sram_start, ABSOLUTE (.))
 *(.sram. sram.*)
                0x00123ec0                . = ALIGN (0x4)
                0x00123ec0                PROVIDE (_alt_partition_sram_end, ABSOLUTE (.))
                0x00123ec0                _end = ABSOLUTE (.)
                0x00123ec0                end = ABSOLUTE (.)
                0x00123ec0                __alt_stack_base = ABSOLUTE (.)
                0x00123ec0                PROVIDE (_alt_partition_sram_load_addr, LOADADDR (.sram))

.sdram          0x01000144        0x0 load address 0x00123ec0
                0x01000144                PROVIDE (_alt_partition_sdram_start, ABSOLUTE (.))
 *(.sdram. sdram.*)
                0x01000144                . = ALIGN (0x4)
                0x01000144                PROVIDE (_alt_partition_sdram_end, ABSOLUTE (.))
                0x00123ec0                PROVIDE (_alt_partition_sdram_load_addr, LOADADDR (.sdram))

.stab
 *(.stab)

.stabstr
 *(.stabstr)

.stab.excl
 *(.stab.excl)

.stab.exclstr
 *(.stab.exclstr)

.stab.index
 *(.stab.index)

.stab.indexstr
 *(.stab.indexstr)

.comment        0x00000000       0x26
 *(.comment)
 .comment       0x00000000       0x26 obj/default/IOTasks.o
                                 0x27 (size before relaxing)
 .comment       0x00000000       0x27 /opt/altera/13.0sp1/nios2eds/bin/gnu/H-i686-pc-linux-gnu/bin/../lib/gcc/nios2-elf/4.1.2/mno-hw-mul/libgcc.a(_addsub_df.o)
 .comment       0x00000000       0x27 /opt/altera/13.0sp1/nios2eds/bin/gnu/H-i686-pc-linux-gnu/bin/../lib/gcc/nios2-elf/4.1.2/mno-hw-mul/libgcc.a(_div_df.o)
 .comment       0x00000000       0x27 /opt/altera/13.0sp1/nios2eds/bin/gnu/H-i686-pc-linux-gnu/bin/../lib/gcc/nios2-elf/4.1.2/mno-hw-mul/libgcc.a(_si_to_df.o)
 .comment       0x00000000       0x27 /opt/altera/13.0sp1/nios2eds/bin/gnu/H-i686-pc-linux-gnu/bin/../lib/gcc/nios2-elf/4.1.2/mno-hw-mul/libgcc.a(_df_to_si.o)
 .comment       0x00000000       0x27 /opt/altera/13.0sp1/nios2eds/bin/gnu/H-i686-pc-linux-gnu/bin/../lib/gcc/nios2-elf/4.1.2/mno-hw-mul/libgcc.a(_thenan_df.o)
 .comment       0x00000000       0x27 /opt/altera/13.0sp1/nios2eds/bin/gnu/H-i686-pc-linux-gnu/bin/../lib/gcc/nios2-elf/4.1.2/mno-hw-mul/libgcc.a(lib2-divmod.o)
 .comment       0x00000000       0x27 /opt/altera/13.0sp1/nios2eds/bin/gnu/H-i686-pc-linux-gnu/bin/../lib/gcc/nios2-elf/4.1.2/mno-hw-mul/libgcc.a(lib2-mul.o)
 .comment       0x00000000       0x27 /opt/altera/13.0sp1/nios2eds/bin/gnu/H-i686-pc-linux-gnu/bin/../lib/gcc/nios2-elf/4.1.2/mno-hw-mul/libgcc.a(_clzsi2.o)
 .comment       0x00000000       0x27 /opt/altera/13.0sp1/nios2eds/bin/gnu/H-i686-pc-linux-gnu/bin/../lib/gcc/nios2-elf/4.1.2/mno-hw-mul/libgcc.a(_pack_df.o)
 .comment       0x00000000       0x27 /opt/altera/13.0sp1/nios2eds/bin/gnu/H-i686-pc-linux-gnu/bin/../lib/gcc/nios2-elf/4.1.2/mno-hw-mul/libgcc.a(_unpack_df.o)
 .comment       0x00000000       0x27 /opt/altera/13.0sp1/nios2eds/bin/gnu/H-i686-pc-linux-gnu/bin/../lib/gcc/nios2-elf/4.1.2/mno-hw-mul/libgcc.a(_clz.o)
 .comment       0x00000000       0x27 /opt/altera/13.0sp1/nios2eds/bin/gnu/H-i686-pc-linux-gnu/bin/../lib/gcc/nios2-elf/4.1.2/../../../../nios2-elf/lib/mno-hw-mul/libc.a(lib_a-printf.o)
 .comment       0x00000000       0x27 /opt/altera/13.0sp1/nios2eds/bin/gnu/H-i686-pc-linux-gnu/bin/../lib/gcc/nios2-elf/4.1.2/../../../../nios2-elf/lib/mno-hw-mul/libc.a(lib_a-puts.o)
 .comment       0x00000000       0x27 /opt/altera/13.0sp1/nios2eds/bin/gnu/H-i686-pc-linux-gnu/bin/../lib/gcc/nios2-elf/4.1.2/../../../../nios2-elf/lib/mno-hw-mul/libc.a(lib_a-strlen.o)
 .comment       0x00000000       0x27 /opt/altera/13.0sp1/nios2eds/bin/gnu/H-i686-pc-linux-gnu/bin/../lib/gcc/nios2-elf/4.1.2/../../../../nios2-elf/lib/mno-hw-mul/libc.a(lib_a-vfprintf.o)
 .comment       0x00000000       0x27 /opt/altera/13.0sp1/nios2eds/bin/gnu/H-i686-pc-linux-gnu/bin/../lib/gcc/nios2-elf/4.1.2/../../../../nios2-elf/lib/mno-hw-mul/libc.a(lib_a-wsetup.o)
 .comment       0x00000000       0x27 /opt/altera/13.0sp1/nios2eds/bin/gnu/H-i686-pc-linux-gnu/bin/../lib/gcc/nios2-elf/4.1.2/../../../../nios2-elf/lib/mno-hw-mul/libc.a(lib_a-dtoa.o)
 .comment       0x00000000       0x27 /opt/altera/13.0sp1/nios2eds/bin/gnu/H-i686-pc-linux-gnu/bin/../lib/gcc/nios2-elf/4.1.2/../../../../nios2-elf/lib/mno-hw-mul/libc.a(lib_a-fflush.o)
 .comment       0x00000000       0x27 /opt/altera/13.0sp1/nios2eds/bin/gnu/H-i686-pc-linux-gnu/bin/../lib/gcc/nios2-elf/4.1.2/../../../../nios2-elf/lib/mno-hw-mul/libc.a(lib_a-findfp.o)
 .comment       0x00000000       0x27 /opt/altera/13.0sp1/nios2eds/bin/gnu/H-i686-pc-linux-gnu/bin/../lib/gcc/nios2-elf/4.1.2/../../../../nios2-elf/lib/mno-hw-mul/libc.a(lib_a-freer.o)
 .comment       0x00000000       0x27 /opt/altera/13.0sp1/nios2eds/bin/gnu/H-i686-pc-linux-gnu/bin/../lib/gcc/nios2-elf/4.1.2/../../../../nios2-elf/lib/mno-hw-mul/libc.a(lib_a-fvwrite.o)
 .comment       0x00000000       0x27 /opt/altera/13.0sp1/nios2eds/bin/gnu/H-i686-pc-linux-gnu/bin/../lib/gcc/nios2-elf/4.1.2/../../../../nios2-elf/lib/mno-hw-mul/libc.a(lib_a-fwalk.o)
 .comment       0x00000000       0x27 /opt/altera/13.0sp1/nios2eds/bin/gnu/H-i686-pc-linux-gnu/bin/../lib/gcc/nios2-elf/4.1.2/../../../../nios2-elf/lib/mno-hw-mul/libc.a(lib_a-impure.o)
 .comment       0x00000000       0x27 /opt/altera/13.0sp1/nios2eds/bin/gnu/H-i686-pc-linux-gnu/bin/../lib/gcc/nios2-elf/4.1.2/../../../../nios2-elf/lib/mno-hw-mul/libc.a(lib_a-locale.o)
 .comment       0x00000000       0x27 /opt/altera/13.0sp1/nios2eds/bin/gnu/H-i686-pc-linux-gnu/bin/../lib/gcc/nios2-elf/4.1.2/../../../../nios2-elf/lib/mno-hw-mul/libc.a(lib_a-makebuf.o)
 .comment       0x00000000       0x27 /opt/altera/13.0sp1/nios2eds/bin/gnu/H-i686-pc-linux-gnu/bin/../lib/gcc/nios2-elf/4.1.2/../../../../nios2-elf/lib/mno-hw-mul/libc.a(lib_a-mallocr.o)
 .comment       0x00000000       0x27 /opt/altera/13.0sp1/nios2eds/bin/gnu/H-i686-pc-linux-gnu/bin/../lib/gcc/nios2-elf/4.1.2/../../../../nios2-elf/lib/mno-hw-mul/libc.a(lib_a-memchr.o)
 .comment       0x00000000       0x27 /opt/altera/13.0sp1/nios2eds/bin/gnu/H-i686-pc-linux-gnu/bin/../lib/gcc/nios2-elf/4.1.2/../../../../nios2-elf/lib/mno-hw-mul/libc.a(lib_a-memcpy.o)
 .comment       0x00000000       0x27 /opt/altera/13.0sp1/nios2eds/bin/gnu/H-i686-pc-linux-gnu/bin/../lib/gcc/nios2-elf/4.1.2/../../../../nios2-elf/lib/mno-hw-mul/libc.a(lib_a-memmove.o)
 .comment       0x00000000       0x27 /opt/altera/13.0sp1/nios2eds/bin/gnu/H-i686-pc-linux-gnu/bin/../lib/gcc/nios2-elf/4.1.2/../../../../nios2-elf/lib/mno-hw-mul/libc.a(lib_a-memset.o)
 .comment       0x00000000       0x27 /opt/altera/13.0sp1/nios2eds/bin/gnu/H-i686-pc-linux-gnu/bin/../lib/gcc/nios2-elf/4.1.2/../../../../nios2-elf/lib/mno-hw-mul/libc.a(lib_a-mprec.o)
 .comment       0x00000000       0x27 /opt/altera/13.0sp1/nios2eds/bin/gnu/H-i686-pc-linux-gnu/bin/../lib/gcc/nios2-elf/4.1.2/../../../../nios2-elf/lib/mno-hw-mul/libc.a(lib_a-reallocr.o)
 .comment       0x00000000       0x27 /opt/altera/13.0sp1/nios2eds/bin/gnu/H-i686-pc-linux-gnu/bin/../lib/gcc/nios2-elf/4.1.2/../../../../nios2-elf/lib/mno-hw-mul/libc.a(lib_a-s_isinfd.o)
 .comment       0x00000000       0x27 /opt/altera/13.0sp1/nios2eds/bin/gnu/H-i686-pc-linux-gnu/bin/../lib/gcc/nios2-elf/4.1.2/../../../../nios2-elf/lib/mno-hw-mul/libc.a(lib_a-s_isnand.o)
 .comment       0x00000000       0x27 /opt/altera/13.0sp1/nios2eds/bin/gnu/H-i686-pc-linux-gnu/bin/../lib/gcc/nios2-elf/4.1.2/../../../../nios2-elf/lib/mno-hw-mul/libc.a(lib_a-sbrkr.o)