Archive member included because of file (symbol)

/opt/altera/13.0sp1/nios2eds/bin/gnu/H-i686-pc-linux-gnu/bin/../lib/gcc/nios2-elf/4.1.2/mno-hw-mul/libgcc.a(_floatundisf.o)
                              obj/default/ContextSwitch.o (__floatundisf)
/opt/altera/13.0sp1/nios2eds/bin/gnu/H-i686-pc-linux-gnu/bin/../lib/gcc/nios2-elf/4.1.2/mno-hw-mul/libgcc.a(_addsub_sf.o)
                              obj/default/ContextSwitch.o (__addsf3)
/opt/altera/13.0sp1/nios2eds/bin/gnu/H-i686-pc-linux-gnu/bin/../lib/gcc/nios2-elf/4.1.2/mno-hw-mul/libgcc.a(_mul_sf.o)
                              obj/default/ContextSwitch.o (__mulsf3)
/opt/altera/13.0sp1/nios2eds/bin/gnu/H-i686-pc-linux-gnu/bin/../lib/gcc/nios2-elf/4.1.2/mno-hw-mul/libgcc.a(_div_sf.o)
                              obj/default/ContextSwitch.o (__divsf3)
/opt/altera/13.0sp1/nios2eds/bin/gnu/H-i686-pc-linux-gnu/bin/../lib/gcc/nios2-elf/4.1.2/mno-hw-mul/libgcc.a(_sf_to_df.o)
                              obj/default/ContextSwitch.o (__extendsfdf2)
/opt/altera/13.0sp1/nios2eds/bin/gnu/H-i686-pc-linux-gnu/bin/../lib/gcc/nios2-elf/4.1.2/mno-hw-mul/libgcc.a(_thenan_sf.o)
                              /opt/altera/13.0sp1/nios2eds/bin/gnu/H-i686-pc-linux-gnu/bin/../lib/gcc/nios2-elf/4.1.2/mno-hw-mul/libgcc.a(_addsub_sf.o) (__thenan_sf)
/opt/altera/13.0sp1/nios2eds/bin/gnu/H-i686-pc-linux-gnu/bin/../lib/gcc/nios2-elf/4.1.2/mno-hw-mul/libgcc.a(_usi_to_sf.o)
                              obj/default/ContextSwitch.o (__floatunsisf)
/opt/altera/13.0sp1/nios2eds/bin/gnu/H-i686-pc-linux-gnu/bin/../lib/gcc/nios2-elf/4.1.2/mno-hw-mul/libgcc.a(_addsub_df.o)
                              /opt/altera/13.0sp1/nios2eds/bin/gnu/H-i686-pc-linux-gnu/bin/../lib/gcc/nios2-elf/4.1.2/mno-hw-mul/libgcc.a(_floatundisf.o) (__adddf3)
/opt/altera/13.0sp1/nios2eds/bin/gnu/H-i686-pc-linux-gnu/bin/../lib/gcc/nios2-elf/4.1.2/mno-hw-mul/libgcc.a(_mul_df.o)
                              /opt/altera/13.0sp1/nios2eds/bin/gnu/H-i686-pc-linux-gnu/bin/../lib/gcc/nios2-elf/4.1.2/mno-hw-mul/libgcc.a(_floatundisf.o) (__muldf3)
/opt/altera/13.0sp1/nios2eds/bin/gnu/H-i686-pc-linux-gnu/bin/../lib/gcc/nios2-elf/4.1.2/mno-hw-mul/libgcc.a(_gt_df.o)
                              obj/default/ContextSwitch.o (__gtdf2)
/opt/altera/13.0sp1/nios2eds/bin/gnu/H-i686-pc-linux-gnu/bin/../lib/gcc/nios2-elf/4.1.2/mno-hw-mul/libgcc.a(_lt_df.o)
                              obj/default/ContextSwitch.o (__ltdf2)
/opt/altera/13.0sp1/nios2eds/bin/gnu/H-i686-pc-linux-gnu/bin/../lib/gcc/nios2-elf/4.1.2/mno-hw-mul/libgcc.a(_make_df.o)
                              /opt/altera/13.0sp1/nios2eds/bin/gnu/H-i686-pc-linux-gnu/bin/../lib/gcc/nios2-elf/4.1.2/mno-hw-mul/libgcc.a(_sf_to_df.o) (__make_dp)
/opt/altera/13.0sp1/nios2eds/bin/gnu/H-i686-pc-linux-gnu/bin/../lib/gcc/nios2-elf/4.1.2/mno-hw-mul/libgcc.a(_df_to_sf.o)
                              /opt/altera/13.0sp1/nios2eds/bin/gnu/H-i686-pc-linux-gnu/bin/../lib/gcc/nios2-elf/4.1.2/mno-hw-mul/libgcc.a(_floatundisf.o) (__truncdfsf2)
/opt/altera/13.0sp1/nios2eds/bin/gnu/H-i686-pc-linux-gnu/bin/../lib/gcc/nios2-elf/4.1.2/mno-hw-mul/libgcc.a(_thenan_df.o)
                              /opt/altera/13.0sp1/nios2eds/bin/gnu/H-i686-pc-linux-gnu/bin/../lib/gcc/nios2-elf/4.1.2/mno-hw-mul/libgcc.a(_addsub_df.o) (__thenan_df)
/opt/altera/13.0sp1/nios2eds/bin/gnu/H-i686-pc-linux-gnu/bin/../lib/gcc/nios2-elf/4.1.2/mno-hw-mul/libgcc.a(_usi_to_df.o)
                              /opt/altera/13.0sp1/nios2eds/bin/gnu/H-i686-pc-linux-gnu/bin/../lib/gcc/nios2-elf/4.1.2/mno-hw-mul/libgcc.a(_floatundisf.o) (__floatunsidf)
/opt/altera/13.0sp1/nios2eds/bin/gnu/H-i686-pc-linux-gnu/bin/../lib/gcc/nios2-elf/4.1.2/mno-hw-mul/libgcc.a(_muldi3.o)
                              /opt/altera/13.0sp1/nios2eds/bin/gnu/H-i686-pc-linux-gnu/bin/../lib/gcc/nios2-elf/4.1.2/mno-hw-mul/libgcc.a(_mul_sf.o) (__muldi3)
/opt/altera/13.0sp1/nios2eds/bin/gnu/H-i686-pc-linux-gnu/bin/../lib/gcc/nios2-elf/4.1.2/mno-hw-mul/libgcc.a(_clzsi2.o)
                              /opt/altera/13.0sp1/nios2eds/bin/gnu/H-i686-pc-linux-gnu/bin/../lib/gcc/nios2-elf/4.1.2/mno-hw-mul/libgcc.a(_usi_to_sf.o) (__clzsi2)
/opt/altera/13.0sp1/nios2eds/bin/gnu/H-i686-pc-linux-gnu/bin/../lib/gcc/nios2-elf/4.1.2/mno-hw-mul/libgcc.a(_pack_sf.o)
                              /opt/altera/13.0sp1/nios2eds/bin/gnu/H-i686-pc-linux-gnu/bin/../lib/gcc/nios2-elf/4.1.2/mno-hw-mul/libgcc.a(_addsub_sf.o) (__pack_f)
/opt/altera/13.0sp1/nios2eds/bin/gnu/H-i686-pc-linux-gnu/bin/../lib/gcc/nios2-elf/4.1.2/mno-hw-mul/libgcc.a(_unpack_sf.o)
                              /opt/altera/13.0sp1/nios2eds/bin/gnu/H-i686-pc-linux-gnu/bin/../lib/gcc/nios2-elf/4.1.2/mno-hw-mul/libgcc.a(_addsub_sf.o) (__unpack_f)
/opt/altera/13.0sp1/nios2eds/bin/gnu/H-i686-pc-linux-gnu/bin/../lib/gcc/nios2-elf/4.1.2/mno-hw-mul/libgcc.a(_make_sf.o)
[...]
Memory Configuration

Name             Origin             Length             Attributes
onchip_memory    0x00000000         0x00006400
sram             0x00100000         0x00080000
reset            0x01000000         0x00000020
sdram            0x01000020         0x007fffe0
*default*        0x00000000         0xffffffff

Linker script and memory map

LOAD ../bsp//obj/HAL/src/crt0.o
LOAD obj/default/ContextSwitch.o
LOAD /opt/altera/13.0sp1/nios2eds/bin/gnu/H-i686-pc-linux-gnu/bin/../lib/gcc/nios2-elf/4.1.2/../../../../nios2-elf/lib/mno-hw-mul/libstdc++.a
LOAD /opt/altera/13.0sp1/nios2eds/bin/gnu/H-i686-pc-linux-gnu/bin/../lib/gcc/nios2-elf/4.1.2/../../../../nios2-elf/lib/mno-hw-mul/libm.a
LOAD /opt/altera/13.0sp1/nios2eds/bin/gnu/H-i686-pc-linux-gnu/bin/../lib/gcc/nios2-elf/4.1.2/mno-hw-mul/libgcc.a
START GROUP
LOAD /opt/altera/13.0sp1/nios2eds/bin/gnu/H-i686-pc-linux-gnu/bin/../lib/gcc/nios2-elf/4.1.2/../../../../nios2-elf/lib/mno-hw-mul/libc.a
LOAD /opt/altera/13.0sp1/nios2eds/bin/gnu/H-i686-pc-linux-gnu/bin/../lib/gcc/nios2-elf/4.1.2/mno-hw-mul/libgcc.a
LOAD ../bsp//libucosii_bsp.a
END GROUP
LOAD /opt/altera/13.0sp1/nios2eds/bin/gnu/H-i686-pc-linux-gnu/bin/../lib/gcc/nios2-elf/4.1.2/mno-hw-mul/libgcc.a
                0x00000000                __alt_mem_onchip_memory = 0x0
                0x00100000                __alt_mem_sram = 0x100000
                0x01000000                __alt_mem_sdram = 0x1000000

.entry          0x01000000       0x20
 *(.entry)
 .entry         0x01000000       0x20 ../bsp//obj/HAL/src/crt0.o
                0x01000000                __reset

.exceptions     0x01000020      0x124 load address 0x00100000
                0x01000020                PROVIDE (__ram_exceptions_start, ABSOLUTE (.))
                0x01000020                . = ALIGN (0x20)
 *(.irq)
 *(.exceptions.entry.label)
 .exceptions.entry.label
                0x01000020        0x0 ../bsp//libucosii_bsp.a(alt_irq_entry.o)
                0x01000020                alt_irq_entry
 .exceptions.entry.label
                0x01000020        0x0 ../bsp//libucosii_bsp.a(alt_exception_entry.o)
                0x01000020                alt_exception
 *(.exceptions.entry.user)
 *(.exceptions.entry)
 .exceptions.entry
                0x01000020       0x54 ../bsp//libucosii_bsp.a(alt_exception_entry.o)
 *(.exceptions.irqtest.user)
 *(.exceptions.irqtest)
 .exceptions.irqtest
                0x01000074       0x10 ../bsp//libucosii_bsp.a(alt_irq_entry.o)
 *(.exceptions.irqhandler.user)
 *(.exceptions.irqhandler)
 .exceptions.irqhandler
                0x01000084        0x4 ../bsp//libucosii_bsp.a(alt_irq_entry.o)
 *(.exceptions.irqreturn.user)
 *(.exceptions.irqreturn)
 .exceptions.irqreturn
                0x01000088        0x4 ../bsp//libucosii_bsp.a(alt_irq_entry.o)
 *(.exceptions.notirq.label)
 .exceptions.notirq.label
                0x0100008c        0x0 ../bsp//libucosii_bsp.a(alt_irq_entry.o)
 *(.exceptions.notirq.user)
 *(.exceptions.notirq)
 .exceptions.notirq
                0x0100008c        0x8 ../bsp//libucosii_bsp.a(alt_exception_entry.o)
 *(.exceptions.soft.user)
 *(.exceptions.soft)
 *(.exceptions.unknown.user)
 *(.exceptions.unknown)
 .exceptions.unknown
                0x01000094        0x4 ../bsp//libucosii_bsp.a(alt_exception_entry.o)
 *(.exceptions.exit.label)
 .exceptions.exit.label
                0x01000098        0x0 ../bsp//libucosii_bsp.a(alt_irq_entry.o)
 .exceptions.exit.label
                0x01000098        0x0 ../bsp//libucosii_bsp.a(alt_exception_entry.o)
 *(.exceptions.exit.user)
 *(.exceptions.exit)
 .exceptions.exit
                0x01000098       0x54 ../bsp//libucosii_bsp.a(alt_exception_entry.o)
 *(.exceptions)
 .exceptions    0x010000ec       0x58 ../bsp//libucosii_bsp.a(alt_irq_handler.o)
                0x010000ec                alt_irq_handler
                0x01000144                PROVIDE (__ram_exceptions_end, ABSOLUTE (.))
                0x00100000                PROVIDE (__flash_exceptions_start, LOADADDR (.exceptions))

.text           0x00100124    0x11a20
                0x00100124                PROVIDE (stext, ABSOLUTE (.))
 *(.interp)
 *(.hash)
 *(.dynsym)
 *(.dynstr)
 *(.gnu.version)
 *(.gnu.version_d)
 *(.gnu.version_r)
 *(.rel.init)
 *(.rela.init)
 *(.rel.text .rel.text.* .rel.gnu.linkonce.t.*)
 *(.rela.text .rela.text.* .rela.gnu.linkonce.t.*)
 *(.rel.fini)
 *(.rela.fini)
 *(.rel.rodata .rel.rodata.* .rel.gnu.linkonce.r.*)
 *(.rela.rodata .rela.rodata.* .rela.gnu.linkonce.r.*)
 *(.rel.data .rel.data.* .rel.gnu.linkonce.d.*)
 *(.rela.data .rela.data.* .rela.gnu.linkonce.d.*)
 *(.rel.tdata .rel.tdata.* .rel.gnu.linkonce.td.*)
 *(.rela.tdata .rela.tdata.* .rela.gnu.linkonce.td.*)
 *(.rel.tbss .rel.tbss.* .rel.gnu.linkonce.tb.*)
 *(.rela.tbss .rela.tbss.* .rela.gnu.linkonce.tb.*)
 *(.rel.ctors)
 *(.rela.ctors)
 *(.rel.dtors)
 *(.rela.dtors)
 *(.rel.got)
 *(.rela.got)
 *(.rel.sdata .rel.sdata.* .rel.gnu.linkonce.s.*)
 *(.rela.sdata .rela.sdata.* .rela.gnu.linkonce.s.*)
 *(.rel.sbss .rel.sbss.* .rel.gnu.linkonce.sb.*)
 *(.rela.sbss .rela.sbss.* .rela.gnu.linkonce.sb.*)
 *(.rel.sdata2 .rel.sdata2.* .rel.gnu.linkonce.s2.*)
 *(.rela.sdata2 .rela.sdata2.* .rela.gnu.linkonce.s2.*)
 *(.rel.sbss2 .rel.sbss2.* .rel.gnu.linkonce.sb2.*)
 *(.rela.sbss2 .rela.sbss2.* .rela.gnu.linkonce.sb2.*)
 *(.rel.bss .rel.bss.* .rel.gnu.linkonce.b.*)
 *(.rela.bss .rela.bss.* .rela.gnu.linkonce.b.*)
 *(.rel.plt)
 *(.rela.plt)
 *(.rel.dyn)
 *(.init)
 *(.plt)
 *(.text .stub .text.* .gnu.linkonce.t.*)
 .text          0x00100124       0x3c ../bsp//obj/HAL/src/crt0.o
                0x00100124                _start
 .text          0x00100160      0x458 obj/default/ContextSwitch.o
                0x00100160                printStackSize
                0x001001d8                task1
                0x00100274                task2
                0x00100438                statisticTask
                0x00100490                main
 .text          0x001005b8       0xb8 /opt/altera/13.0sp1/nios2eds/bin/gnu/H-i686-pc-linux-gnu/bin/../lib/gcc/nios2-elf/4.1.2/mno-hw-mul/libgcc.a(_floatundisf.o)
                0x001005b8                __floatundisf
 .text          0x00100670      0x2b8 /opt/altera/13.0sp1/nios2eds/bin/gnu/H-i686-pc-linux-gnu/bin/../lib/gcc/nios2-elf/4.1.2/mno-hw-mul/libgcc.a(_addsub_sf.o)
                0x00100854                __subsf3
                0x001008c4                __addsf3
 .text          0x00100928      0x1e0 /opt/altera/13.0sp1/nios2eds/bin/gnu/H-i686-pc-linux-gnu/bin/../lib/gcc/nios2-elf/4.1.2/mno-hw-mul/libgcc.a(_mul_sf.o)
                0x00100928                __mulsf3
 .text          0x00100b08      0x174 /opt/altera/13.0sp1/nios2eds/bin/gnu/H-i686-pc-linux-gnu/bin/../lib/gcc/nios2-elf/4.1.2/mno-hw-mul/libgcc.a(_div_sf.o)
                0x00100b08                __divsf3
 .text          0x00100c7c       0x54 /opt/altera/13.0sp1/nios2eds/bin/gnu/H-i686-pc-linux-gnu/bin/../lib/gcc/nios2-elf/4.1.2/mno-hw-mul/libgcc.a(_sf_to_df.o)
                0x00100c7c                __extendsfdf2
 .text          0x00100cd0        0x0 /opt/altera/13.0sp1/nios2eds/bin/gnu/H-i686-pc-linux-gnu/bin/../lib/gcc/nios2-elf/4.1.2/mno-hw-mul/libgcc.a(_thenan_sf.o)
 .text          0x00100cd0       0xc0 /opt/altera/13.0sp1/nios2eds/bin/gnu/H-i686-pc-linux-gnu/bin/../lib/gcc/nios2-elf/4.1.2/mno-hw-mul/libgcc.a(_usi_to_sf.o)
                0x00100cd0                __floatunsisf
 .text          0x00100d90      0x504 /opt/altera/13.0sp1/nios2eds/bin/gnu/H-i686-pc-linux-gnu/bin/../lib/gcc/nios2-elf/4.1.2/mno-hw-mul/libgcc.a(_addsub_df.o)
                0x001011a0                __subdf3
                0x00101220                __adddf3
 .text          0x00101294      0x3c4 /opt/altera/13.0sp1/nios2eds/bin/gnu/H-i686-pc-linux-gnu/bin/../lib/gcc/nios2-elf/4.1.2/mno-hw-mul/libgcc.a(_mul_df.o)
                0x00101294                __muldf3
 .text          0x00101658       0x88 /opt/altera/13.0sp1/nios2eds/bin/gnu/H-i686-pc-linux-gnu/bin/../lib/gcc/nios2-elf/4.1.2/mno-hw-mul/libgcc.a(_gt_df.o)
                0x00101658                __gtdf2
 .text          0x001016e0       0x88 /opt/altera/13.0sp1/nios2eds/bin/gnu/H-i686-pc-linux-gnu/bin/../lib/gcc/nios2-elf/4.1.2/mno-hw-mul/libgcc.a(_lt_df.o)
                0x001016e0                __ltdf2
 .text          0x00101768       0x38 /opt/altera/13.0sp1/nios2eds/bin/gnu/H-i686-pc-linux-gnu/bin/../lib/gcc/nios2-elf/4.1.2/mno-hw-mul/libgcc.a(_make_df.o)
                0x00101768                __make_dp
 .text          0x001017a0       0x74 /opt/altera/13.0sp1/nios2eds/bin/gnu/H-i686-pc-linux-gnu/bin/../lib/gcc/nios2-elf/4.1.2/mno-hw-mul/libgcc.a(_df_to_sf.o)
                0x001017a0                __truncdfsf2
 .text          0x00101814        0x0 /opt/altera/13.0sp1/nios2eds/bin/gnu/H-i686-pc-linux-gnu/bin/../lib/gcc/nios2-elf/4.1.2/mno-hw-mul/libgcc.a(_thenan_df.o)
 .text          0x00101814      0x194 /opt/altera/13.0sp1/nios2eds/bin/gnu/H-i686-pc-linux-gnu/bin/../lib/gcc/nios2-elf/4.1.2/mno-hw-mul/libgcc.a(_usi_to_df.o)
                0x00101814                __floatunsidf
 .text          0x001019a8      0x124 /opt/altera/13.0sp1/nios2eds/bin/gnu/H-i686-pc-linux-gnu/bin/../lib/gcc/nios2-elf/4.1.2/mno-hw-mul/libgcc.a(_muldi3.o)
                0x001019a8                __muldi3
 .text          0x00101acc       0x80 /opt/altera/13.0sp1/nios2eds/bin/gnu/H-i686-pc-linux-gnu/bin/../lib/gcc/nios2-elf/4.1.2/mno-hw-mul/libgcc.a(_clzsi2.o)
                0x00101acc                __clzsi2
 .text          0x00101b4c      0x160 /opt/altera/13.0sp1/nios2eds/bin/gnu/H-i686-pc-linux-gnu/bin/../lib/gcc/nios2-elf/4.1.2/mno-hw-mul/libgcc.a(_pack_sf.o)
                0x00101b4c                __pack_f
 .text          0x00101cac       0xc8 /opt/altera/13.0sp1/nios2eds/bin/gnu/H-i686-pc-linux-gnu/bin/../lib/gcc/nios2-elf/4.1.2/mno-hw-mul/libgcc.a(_unpack_sf.o)
                0x00101cac                __unpack_f
 .text          0x00101d74       0x2c /opt/altera/13.0sp1/nios2eds/bin/gnu/H-i686-pc-linux-gnu/bin/../lib/gcc/nios2-elf/4.1.2/mno-hw-mul/libgcc.a(_make_sf.o)
                0x00101d74                __make_fp
 .text          0x00101da0      0x314 /opt/altera/13.0sp1/nios2eds/bin/gnu/H-i686-pc-linux-gnu/bin/../lib/gcc/nios2-elf/4.1.2/mno-hw-mul/libgcc.a(_pack_df.o)
                0x00101da0                __pack_d
 .text          0x001020b4      0x138 /opt/altera/13.0sp1/nios2eds/bin/gnu/H-i686-pc-linux-gnu/bin/../lib/gcc/nios2-elf/4.1.2/mno-hw-mul/libgcc.a(_unpack_df.o)
                0x001020b4                __unpack_d
 .text          0x001021ec       0xc8 /opt/altera/13.0sp1/nios2eds/bin/gnu/H-i686-pc-linux-gnu/bin/../lib/gcc/nios2-elf/4.1.2/mno-hw-mul/libgcc.a(_fpcmp_parts_df.o)
                0x001021ec                __fpcmp_parts_d
 .text          0x001022b4       0x38 /opt/altera/13.0sp1/nios2eds/bin/gnu/H-i686-pc-linux-gnu/bin/../lib/gcc/nios2-elf/4.1.2/mno-hw-mul/libgcc.a(lib2-mul.o)
                0x001022b4                __mulsi3
 .text          0x001022ec        0x0 /opt/altera/13.0sp1/nios2eds/bin/gnu/H-i686-pc-linux-gnu/bin/../lib/gcc/nios2-elf/4.1.2/mno-hw-mul/libgcc.a(_clz.o)
 .text          0x001022ec       0x78 /opt/altera/13.0sp1/nios2eds/bin/gnu/H-i686-pc-linux-gnu/bin/../lib/gcc/nios2-elf/4.1.2/../../../../nios2-elf/lib/mno-hw-mul/libc.a(lib_a-printf.o)
                0x001022ec                printf
                0x00102330                _printf_r
 .text          0x00102364       0xb4 /opt/altera/13.0sp1/nios2eds/bin/gnu/H-i686-pc-linux-gnu/bin/../lib/gcc/nios2-elf/4.1.2/../../../../nios2-elf/lib/mno-hw-mul/libc.a(lib_a-puts.o)
                0x00102364                _puts_r
                0x00102404                puts
 .text          0x00102418       0x74 /opt/altera/13.0sp1/nios2eds/bin/gnu/H-i686-pc-linux-gnu/bin/../lib/gcc/nios2-elf/4.1.2/../../../../nios2-elf/lib/mno-hw-mul/libc.a(lib_a-strlen.o)
                0x00102418                strlen
 .text          0x0010248c     0x1f40 /opt/altera/13.0sp1/nios2eds/bin/gnu/H-i686-pc-linux-gnu/bin/../lib/gcc/nios2-elf/4.1.2/../../../../nios2-elf/lib/mno-hw-mul/libc.a(lib_a-vfprintf.o)
                0x001024e4                ___vfprintf_internal_r
                0x001043a8                __vfprintf_internal
 .text          0x001043cc      0x13c /opt/altera/13.0sp1/nios2eds/bin/gnu/H-i686-pc-linux-gnu/bin/../lib/gcc/nios2-elf/4.1.2/../../../../nios2-elf/lib/mno-hw-mul/libc.a(lib_a-wsetup.o)
                0x001043cc                __swsetup_r
 .text          0x00104508     0x17f8 /opt/altera/13.0sp1/nios2eds/bin/gnu/H-i686-pc-linux-gnu/bin/../lib/gcc/nios2-elf/4.1.2/../../../../nios2-elf/lib/mno-hw-mul/libc.a(lib_a-dtoa.o)
                0x0010474c                _dtoa_r
 .text          0x00105d00      0x230 /opt/altera/13.0sp1/nios2eds/bin/gnu/H-i686-pc-linux-gnu/bin/../lib/gcc/nios2-elf/4.1.2/../../../../nios2-elf/lib/mno-hw-mul/libc.a(lib_a-fflush.o)
                0x00105d00                _fflush_r
                0x00105efc                fflush
 .text          0x00105f30      0x2f4 /opt/altera/13.0sp1/nios2eds/bin/gnu/H-i686-pc-linux-gnu/bin/../lib/gcc/nios2-elf/4.1.2/../../../../nios2-elf/lib/mno-hw-mul/libc.a(lib_a-findfp.o)
                0x00105f88                __sfp_lock_acquire
                0x00105f8c                __sfp_lock_release
                0x00105f90                __sinit_lock_acquire
                0x00105f94                __sinit_lock_release
                0x00105f98                __sinit
                0x0010604c                __fp_unlock_all
                0x00106064                __fp_lock_all
                0x0010607c                _cleanup_r
                0x00106088                _cleanup
                0x00106098                __sfmoreglue
                0x00106134                __sfp
 .text          0x00106224      0x440 /opt/altera/13.0sp1/nios2eds/bin/gnu/H-i686-pc-linux-gnu/bin/../lib/gcc/nios2-elf/4.1.2/../../../../nios2-elf/lib/mno-hw-mul/libc.a(lib_a-freer.o)
                0x00106224                _malloc_trim_r
                0x00106350                _free_r
 .text          0x00106664      0x49c /opt/altera/13.0sp1/nios2eds/bin/gnu/H-i686-pc-linux-gnu/bin/../lib/gcc/nios2-elf/4.1.2/../../../../nios2-elf/lib/mno-hw-mul/libc.a(lib_a-fvwrite.o)
                0x00106664                __sfvwrite_r
 .text          0x00106b00      0x180 /opt/altera/13.0sp1/nios2eds/bin/gnu/H-i686-pc-linux-gnu/bin/../lib/gcc/nios2-elf/4.1.2/../../../../nios2-elf/lib/mno-hw-mul/libc.a(lib_a-fwalk.o)
                0x00106b00                _fwalk_reent
                0x00106bc8                _fwalk
 .text          0x00106c80        0x0 /opt/altera/13.0sp1/nios2eds/bin/gnu/H-i686-pc-linux-gnu/bin/../lib/gcc/nios2-elf/4.1.2/../../../../nios2-elf/lib/mno-hw-mul/libc.a(lib_a-impure.o)
 .text          0x00106c80       0xc4 /opt/altera/13.0sp1/nios2eds/bin/gnu/H-i686-pc-linux-gnu/bin/../lib/gcc/nios2-elf/4.1.2/../../../../nios2-elf/lib/mno-hw-mul/libc.a(lib_a-locale.o)
                0x00106c80                __locale_charset
                0x00106c88                _localeconv_r
                0x00106c94                localeconv
                0x00106ca4                _setlocale_r
                0x00106d28                setlocale
 .text          0x00106d44      0x194 /opt/altera/13.0sp1/nios2eds/bin/gnu/H-i686-pc-linux-gnu/bin/../lib/gcc/nios2-elf/4.1.2/../../../../nios2-elf/lib/mno-hw-mul/libc.a(lib_a-makebuf.o)
                0x00106d44                __smakebuf_r
 .text          0x00106ed8      0x740 /opt/altera/13.0sp1/nios2eds/bin/gnu/H-i686-pc-linux-gnu/bin/../lib/gcc/nios2-elf/4.1.2/../../../../nios2-elf/lib/mno-hw-mul/libc.a(lib_a-mallocr.o)
                0x00106ed8                _malloc_r
 .text          0x00107618       0xe4 /opt/altera/13.0sp1/nios2eds/bin/gnu/H-i686-pc-linux-gnu/bin/../lib/gcc/nios2-elf/4.1.2/../../../../nios2-elf/lib/mno-hw-mul/libc.a(lib_a-memchr.o)
                0x00107618                memchr
 .text          0x001076fc       0xa0 /opt/altera/13.0sp1/nios2eds/bin/gnu/H-i686-pc-linux-gnu/bin/../lib/gcc/nios2-elf/4.1.2/../../../../nios2-elf/lib/mno-hw-mul/libc.a(lib_a-memcpy.o)
                0x001076fc                memcpy
 .text          0x0010779c       0xe0 /opt/altera/13.0sp1/nios2eds/bin/gnu/H-i686-pc-linux-gnu/bin/../lib/gcc/nios2-elf/4.1.2/../../../../nios2-elf/lib/mno-hw-mul/libc.a(lib_a-memmove.o)
                0x0010779c                memmove
 .text          0x0010787c       0x98 /opt/altera/13.0sp1/nios2eds/bin/gnu/H-i686-pc-linux-gnu/bin/../lib/gcc/nios2-elf/4.1.2/../../../../nios2-elf/lib/mno-hw-mul/libc.a(lib_a-memset.o)
                0x0010787c                memset
 .text          0x00107914     0x108c /opt/altera/13.0sp1/nios2eds/bin/gnu/H-i686-pc-linux-gnu/bin/../lib/gcc/nios2-elf/4.1.2/../../../../nios2-elf/lib/mno-hw-mul/libc.a(lib_a-mprec.o)
                0x00107914                _Bfree
                0x0010793c                __hi0bits
                0x001079ac                __lo0bits
                0x00107a70                __mcmp
                0x00107ad0                __ulp
                0x00107b50                __b2d
                0x00107c70                __ratio
                0x00107d20                _mprec_log10
                0x00107db4                __copybits
                0x00107e0c                __any_on
                0x00107e94                _Balloc
                0x00107f50                __d2b
                0x001080cc                __mdiff
                0x00108258                __lshift
                0x001083a4                __multiply
                0x001085f8                __i2b
                0x00108634                __multadd
                0x00108760                __pow5mult
                0x00108880                __s2b
 .text          0x001089a0      0x5f4 /opt/altera/13.0sp1/nios2eds/bin/gnu/H-i686-pc-linux-gnu/bin/../lib/gcc/nios2-elf/4.1.2/../../../../nios2-elf/lib/mno-hw-mul/libc.a(lib_a-reallocr.o)
                0x001089a0                _realloc_r
 .text          0x00108f94       0x40 /opt/altera/13.0sp1/nios2eds/bin/gnu/H-i686-pc-linux-gnu/bin/../lib/gcc/nios2-elf/4.1.2/../../../../nios2-elf/lib/mno-hw-mul/libc.a(lib_a-s_isinfd.o)
                0x00108f94                __isinfd
 .text          0x00108fd4       0x30 /opt/altera/13.0sp1/nios2eds/bin/gnu/H-i686-pc-linux-gnu/bin/../lib/gcc/nios2-elf/4.1.2/../../../../nios2-elf/lib/mno-hw-mul/libc.a(lib_a-s_isnand.o)
                0x00108fd4                __isnand
 .text          0x00109004       0x70 /opt/altera/13.0sp1/nios2eds/bin/gnu/H-i686-pc-linux-gnu/bin/../lib/gcc/nios2-elf/4.1.2/../../../../nios2-elf/lib/mno-hw-mul/libc.a(lib_a-sbrkr.o)
                0x00109004                _sbrk_r
 .text          0x00109074      0x14c /opt/altera/13.0sp1/nios2eds/bin/gnu/H-i686-pc-linux-gnu/bin/../lib/gcc/nios2-elf/4.1.2/../../../../nios2-elf/lib/mno-hw-mul/libc.a(lib_a-stdio.o)
                0x00109074                __sclose
                0x0010907c                __sseek
                0x001090e4                __swrite
                0x00109160                __sread
 .text          0x001091c0       0xbc /opt/altera/13.0sp1/nios2eds/bin/gnu/H-i686-pc-linux-gnu/bin/../lib/gcc/nios2-elf/4.1.2/../../../../nios2-elf/lib/mno-hw-mul/libc.a(lib_a-strcmp.o)
                0x001091c0                strcmp
 .text          0x0010927c       0x78 /opt/altera/13.0sp1/nios2eds/bin/gnu/H-i686-pc-linux-gnu/bin/../lib/gcc/nios2-elf/4.1.2/../../../../nios2-elf/lib/mno-hw-mul/libc.a(lib_a-writer.o)
                0x0010927c                _write_r
 .text          0x001092f4       0xc8 /opt/altera/13.0sp1/nios2eds/bin/gnu/H-i686-pc-linux-gnu/bin/../lib/gcc/nios2-elf/4.1.2/../../../../nios2-elf/lib/mno-hw-mul/libc.a(lib_a-callocr.o)
                0x001092f4                _calloc_r
 .text          0x001093bc       0x70 /opt/altera/13.0sp1/nios2eds/bin/gnu/H-i686-pc-linux-gnu/bin/../lib/gcc/nios2-elf/4.1.2/../../../../nios2-elf/lib/mno-hw-mul/libc.a(lib_a-closer.o)
                0x001093bc                _close_r
 .text          0x0010942c      0x124 /opt/altera/13.0sp1/nios2eds/bin/gnu/H-i686-pc-linux-gnu/bin/../lib/gcc/nios2-elf/4.1.2/../../../../nios2-elf/lib/mno-hw-mul/libc.a(lib_a-fclose.o)
                0x0010942c                _fclose_r
                0x0010953c                fclose
 .text          0x00109550       0x74 /opt/altera/13.0sp1/nios2eds/bin/gnu/H-i686-pc-linux-gnu/bin/../lib/gcc/nios2-elf/4.1.2/../../../../nios2-elf/lib/mno-hw-mul/libc.a(lib_a-fstatr.o)
                0x00109550                _fstat_r
 .text          0x001095c4        0x0 /opt/altera/13.0sp1/nios2eds/bin/gnu/H-i686-pc-linux-gnu/bin/../lib/gcc/nios2-elf/4.1.2/../../../../nios2-elf/lib/mno-hw-mul/libc.a(lib_a-int_errno.o)
 .text          0x001095c4       0x70 /opt/altera/13.0sp1/nios2eds/bin/gnu/H-i686-pc-linux-gnu/bin/../lib/gcc/nios2-elf/4.1.2/../../../../nios2-elf/lib/mno-hw-mul/libc.a(lib_a-isattyr.o)
                0x001095c4                _isatty_r
 .text          0x00109634       0x78 /opt/altera/13.0sp1/nios2eds/bin/gnu/H-i686-pc-linux-gnu/bin/../lib/gcc/nios2-elf/4.1.2/../../../../nios2-elf/lib/mno-hw-mul/libc.a(lib_a-lseekr.o)
                0x00109634                _lseek_r
 .text          0x001096ac       0x78 /opt/altera/13.0sp1/nios2eds/bin/gnu/H-i686-pc-linux-gnu/bin/../lib/gcc/nios2-elf/4.1.2/../../../../nios2-elf/lib/mno-hw-mul/libc.a(lib_a-readr.o)
                0x001096ac                _read_r
 .text          0x00109724      0x66c /opt/altera/13.0sp1/nios2eds/bin/gnu/H-i686-pc-linux-gnu/bin/../lib/gcc/nios2-elf/4.1.2/mno-hw-mul/libgcc.a(_udivdi3.o)
                0x00109724                __udivdi3
 .text          0x00109d90      0x660 /opt/altera/13.0sp1/nios2eds/bin/gnu/H-i686-pc-linux-gnu/bin/../lib/gcc/nios2-elf/4.1.2/mno-hw-mul/libgcc.a(_umoddi3.o)
                0x00109d90                __umoddi3
 .text          0x0010a3f0      0x258 /opt/altera/13.0sp1/nios2eds/bin/gnu/H-i686-pc-linux-gnu/bin/../lib/gcc/nios2-elf/4.1.2/mno-hw-mul/libgcc.a(_div_df.o)
                0x0010a3f0                __divdf3
 .text          0x0010a648       0x88 /opt/altera/13.0sp1/nios2eds/bin/gnu/H-i686-pc-linux-gnu/bin/../lib/gcc/nios2-elf/4.1.2/mno-hw-mul/libgcc.a(_eq_df.o)
                0x0010a648                __eqdf2
 .text          0x0010a6d0       0x88 /opt/altera/13.0sp1/nios2eds/bin/gnu/H-i686-pc-linux-gnu/bin/../lib/gcc/nios2-elf/4.1.2/mno-hw-mul/libgcc.a(_ne_df.o)
                0x0010a6d0                __nedf2
 .text          0x0010a758       0x88 /opt/altera/13.0sp1/nios2eds/bin/gnu/H-i686-pc-linux-gnu/bin/../lib/gcc/nios2-elf/4.1.2/mno-hw-mul/libgcc.a(_ge_df.o)
                0x0010a758                __gedf2
 .text          0x0010a7e0       0xf8 /opt/altera/13.0sp1/nios2eds/bin/gnu/H-i686-pc-linux-gnu/bin/../lib/gcc/nios2-elf/4.1.2/mno-hw-mul/libgcc.a(_si_to_df.o)
                0x0010a7e0                __floatsidf
 .text          0x0010a8d8       0xd8 /opt/altera/13.0sp1/nios2eds/bin/gnu/H-i686-pc-linux-gnu/bin/../lib/gcc/nios2-elf/4.1.2/mno-hw-mul/libgcc.a(_df_to_si.o)
                0x0010a8d8                __fixdfsi
 .text          0x0010a9b0      0x14c /opt/altera/13.0sp1/nios2eds/bin/gnu/H-i686-pc-linux-gnu/bin/../lib/gcc/nios2-elf/4.1.2/mno-hw-mul/libgcc.a(lib2-divmod.o)
                0x0010aa2c                __divsi3
                0x0010aa8c                __modsi3
                0x0010aaec                __udivsi3
                0x0010aaf4                __umodsi3
 .text          0x0010aafc       0xbc ../bsp//libucosii_bsp.a(alt_close.o)
                0x0010ab1c                close
 .text          0x0010abb8        0x8 ../bsp//libucosii_bsp.a(alt_dev.o)
 .text          0x0010abc0        0x0 ../bsp//libucosii_bsp.a(alt_errno.o)
 .text          0x0010abc0       0x9c ../bsp//libucosii_bsp.a(alt_fstat.o)
                0x0010abc0                fstat
 .text          0x0010ac5c       0x94 ../bsp//libucosii_bsp.a(alt_isatty.o)
                0x0010ac5c                isatty
 .text          0x0010acf0       0x8c ../bsp//libucosii_bsp.a(alt_load.o)
                0x0010ad10                alt_load
 .text          0x0010ad7c       0xb8 ../bsp//libucosii_bsp.a(alt_lseek.o)
                0x0010ad7c                lseek
 .text          0x0010ae34       0xa8 ../bsp//libucosii_bsp.a(alt_main.o)
                0x0010ae34                alt_main
 .text          0x0010aedc       0xd8 ../bsp//libucosii_bsp.a(alt_read.o)
                0x0010aefc                read
 .text          0x0010afb4       0x5c ../bsp//libucosii_bsp.a(alt_release_fd.o)
                0x0010afb4                alt_release_fd
 .text          0x0010b010       0x50 ../bsp//libucosii_bsp.a(alt_sbrk.o)
                0x0010b010                sbrk
 .text          0x0010b060       0xd4 ../bsp//libucosii_bsp.a(alt_write.o)
                0x0010b080                write
 .text          0x0010b134       0xa8 ../bsp//libucosii_bsp.a(alt_env_lock.o)
                0x0010b134                __env_unlock
                0x0010b15c                __env_lock
 .text          0x0010b1dc      0x110 ../bsp//libucosii_bsp.a(alt_malloc_lock.o)
                0x0010b1dc                __malloc_unlock
                0x0010b238                __malloc_lock
 .text          0x0010b2ec     0x1118 ../bsp//libucosii_bsp.a(os_core.o)
                0x0010b2ec                OSVersion
                0x0010b2f4                OS_Dummy
                0x0010b2f8                OS_EventTaskWait
                0x0010b37c                OS_EventTaskWaitMulti
                0x0010b41c                OS_EventTaskRemove
                0x0010b468                OS_EventTaskRemoveMulti
                0x0010b4c4                OS_EventTaskRdy
                0x0010b5b8                OS_EventWaitListInit
                0x0010b5d4                OS_MemClr
                0x0010b5f0                OS_MemCopy
                0x0010b614                OS_StrCopy
                0x0010b640                OS_StrLen
                0x0010b660                OS_TaskStatStkChk
                0x0010b6e4                OS_Sched
                0x0010b79c                OSStart
                0x0010b808                OSInit
                0x0010b9e8                OSEventNameGet
                0x0010baa0                OSEventPendMulti
                0x0010bdf8                OSIntEnter
                0x0010be34                OSSchedLock
                0x0010be78                OSSchedUnlock
                0x0010becc                OSStatInit
                0x0010bf30                OSTimeTick
                0x0010c03c                OS_TaskIdle
                0x0010c06c                OS_TaskStat
                0x0010c0f0                OS_TCBInit
                0x0010c274                OSIntExit
                0x0010c348                OSEventNameSet
 .text          0x0010c404        0x4 ../bsp//libucosii_bsp.a(os_dbg.o)
                0x0010c404                OSDebugInit
 .text          0x0010c408      0xc5c ../bsp//libucosii_bsp.a(os_flag.o)
                0x0010c4c0                OS_FlagUnlink
                0x0010c58c                OS_FlagInit
                0x0010c5fc                OSFlagQuery
                0x0010c658                OSFlagAccept
                0x0010c7c8                OSFlagCreate
                0x0010c850                OSFlagDel
                0x0010c9b0                OSFlagNameGet
                0x0010ca70                OSFlagNameSet
                0x0010cb44                OSFlagPend
                0x0010ce44                OSFlagPendGetFlagsRdy
                0x0010ce70                OSFlagPost
 .text          0x0010d064      0x3b8 ../bsp//libucosii_bsp.a(os_mem.o)
                0x0010d064                OS_MemInit
                0x0010d0cc                OSMemQuery
                0x0010d130                OSMemCreate
                0x0010d200                OSMemGet
                0x0010d26c                OSMemNameGet
                0x0010d308                OSMemNameSet
                0x0010d3c4                OSMemPut
 .text          0x0010d41c      0x9c4 ../bsp//libucosii_bsp.a(os_q.o)
                0x0010d41c                OS_QInit
                0x0010d46c                OSQQuery
                0x0010d504                OSQAccept
                0x0010d5a0                OSQCreate
                0x0010d6a0                OSQDel
                0x0010d824                OSQFlush
                0x0010d874                OSQPend
                0x0010da34                OSQPendAbort
                0x0010db1c                OSQPost
                0x0010dbd8                OSQPostFront
                0x0010dc9c                OSQPostOpt
 .text          0x0010dde0      0x5e0 ../bsp//libucosii_bsp.a(os_sem.o)
                0x0010dde0                OSSemSet
                0x0010de44                OSSemAccept
                0x0010de88                OSSemCreate
                0x0010df14                OSSemDel
                0x0010e068                OSSemPend
                0x0010e1d0                OSSemPendAbort
                0x0010e2bc                OSSemPost
                0x0010e358                OSSemQuery
 .text          0x0010e3c0      0xe74 ../bsp//libucosii_bsp.a(os_task.o)
                0x0010e3c0                OS_TaskStkClr
                0x0010e3f0                OSTaskQuery
                0x0010e4b8                OSTaskChangePrio
                0x0010e754                OSTaskCreate
                0x0010e860                OSTaskCreateExt
                0x0010e9d8                OSTaskDel
                0x0010ec24                OSTaskDelReq
                0x0010ecd8                OSTaskNameGet
                0x0010ede0                OSTaskNameSet
                0x0010eefc                OSTaskResume
                0x0010f000                OSTaskStkChk
                0x0010f0f0                OSTaskSuspend
 .text          0x0010f234      0x378 ../bsp//libucosii_bsp.a(os_time.o)
                0x0010f234                OSTimeSet
                0x0010f258                OSTimeDly
                0x0010f2f0                OSTimeDlyHMSM
                0x0010f490                OSTimeDlyResume
                0x0010f588                OSTimeGet
 .text          0x0010f5ac      0xb94 ../bsp//libucosii_bsp.a(os_tmr.o)
                0x0010f718                OSTmr_Init
                0x0010f974                OSTmrStop
                0x0010fad0                OSTmrStart
                0x0010fbd4                OSTmrStateGet
                0x0010fc7c                OSTmrRemainGet
                0x0010fd94                OSTmrDel
                0x0010fe90                OSTmrSignal
                0x0010feb8                OSTmrNameGet
                0x0010ffa4                OSTmrCreate
 .text          0x00110140       0x9c ../bsp//libucosii_bsp.a(alt_sys_init.o)
                0x0011014c                alt_sys_init
                0x001101bc                alt_irq_init
 .text          0x001101dc       0x3c ../bsp//libucosii_bsp.a(altera_avalon_jtag_uart_fd.o)
                0x001101dc                altera_avalon_jtag_uart_ioctl_fd
                0x001101e8                altera_avalon_jtag_uart_close_fd
                0x001101f8                altera_avalon_jtag_uart_write_fd
                0x00110208                altera_avalon_jtag_uart_read_fd
 .text          0x00110218      0x2f4 ../bsp//libucosii_bsp.a(altera_avalon_jtag_uart_init.o)
                0x00110218                altera_avalon_jtag_uart_close
                0x001102d8                altera_avalon_jtag_uart_init
 .text          0x0011050c       0x7c ../bsp//libucosii_bsp.a(altera_avalon_jtag_uart_ioctl.o)
                0x0011050c                altera_avalon_jtag_uart_ioctl
 .text          0x00110588      0x1ac ../bsp//libucosii_bsp.a(altera_avalon_jtag_uart_read.o)
                0x00110588                altera_avalon_jtag_uart_read
 .text          0x00110734      0x1b8 ../bsp//libucosii_bsp.a(altera_avalon_jtag_uart_write.o)
                0x00110734                altera_avalon_jtag_uart_write
 .text          0x001108ec       0x5c ../bsp//libucosii_bsp.a(altera_avalon_performance_counter.o)
                0x001108ec                alt_get_performance_counter_base
                0x001108f4                alt_get_cpu_freq
                0x00110900                perf_get_num_starts
                0x00110910                perf_get_section_time
                0x00110940                perf_get_total_time
 .text          0x00110948       0x8c ../bsp//libucosii_bsp.a(altera_avalon_timer_sc.o)
                0x00110948                alt_avalon_timer_sc_init
 .text          0x001109d4      0x250 ../bsp//libucosii_bsp.a(altera_up_avalon_character_lcd.o)
                0x001109d4                get_DDRAM_addr
                0x001109ec                alt_up_character_lcd_string
                0x00110a08                alt_up_character_lcd_write
                0x00110a2c                alt_up_character_lcd_write_fd
                0x00110a4c                alt_up_character_lcd_init
                0x00110a5c                alt_up_character_lcd_send_cmd
                0x00110a6c                alt_up_character_lcd_cursor_blink_on
                0x00110a74                alt_up_character_lcd_cursor_off
                0x00110a7c                alt_up_character_lcd_erase_pos
                0x00110ae0                alt_up_character_lcd_shift_display
                0x00110b50                alt_up_character_lcd_shift_cursor
                0x00110bc0                alt_up_character_lcd_set_cursor_pos
                0x00110c18                alt_up_character_lcd_open_dev
 .text          0x00110c24       0x90 ../bsp//libucosii_bsp.a(alt_alarm_start.o)
                0x00110c24                alt_alarm_start
 .text          0x00110cb4        0x4 ../bsp//libucosii_bsp.a(alt_dcache_flush_all.o)
                0x00110cb4                alt_dcache_flush_all
 .text          0x00110cb8       0x70 ../bsp//libucosii_bsp.a(alt_dev_llist_insert.o)
                0x00110cb8                alt_dev_llist_insert
 .text          0x00110d28       0x40 ../bsp//libucosii_bsp.a(alt_do_ctors.o)
                0x00110d28                _do_ctors
 .text          0x00110d68       0x40 ../bsp//libucosii_bsp.a(alt_do_dtors.o)
                0x00110d68                _do_dtors
 .text          0x00110da8       0x70 ../bsp//libucosii_bsp.a(alt_find_dev.o)
                0x00110da8                alt_find_dev
 .text          0x00110e18        0x4 ../bsp//libucosii_bsp.a(alt_icache_flush_all.o)
                0x00110e18                alt_icache_flush_all
 .text          0x00110e1c       0x9c ../bsp//libucosii_bsp.a(alt_iic.o)
                0x00110e1c                alt_ic_irq_enabled
                0x00110e34                alt_ic_irq_enable
                0x00110e74                alt_ic_irq_disable
                0x00110eb4                alt_ic_isr_register
 .text          0x00110eb8       0x6c ../bsp//libucosii_bsp.a(alt_iic_isr_register.o)
                0x00110eb8                alt_iic_isr_register
 .text          0x00110f24      0x114 ../bsp//libucosii_bsp.a(alt_io_redirect.o)
                0x00110fac                alt_io_redirect
 .text          0x00111038        0x0 ../bsp//libucosii_bsp.a(alt_irq_entry.o)
 .text          0x00111038        0x0 ../bsp//libucosii_bsp.a(alt_irq_handler.o)
 .text          0x00111038        0x0 ../bsp//libucosii_bsp.a(alt_irq_vars.o)
 .text          0x00111038      0x17c ../bsp//libucosii_bsp.a(alt_open.o)
                0x00111038                open
 .text          0x001111b4       0xe0 ../bsp//libucosii_bsp.a(alt_tick.o)
                0x001111b4                alt_alarm_stop
                0x001111e8                alt_tick
 .text          0x00111294        0x8 ../bsp//libucosii_bsp.a(altera_nios2_qsys_irq.o)
                0x00111294                altera_nios2_qsys_irq_init
 .text          0x0011129c       0xd0 ../bsp//libucosii_bsp.a(os_cpu_a.o)
                0x0011129c                OSCtxSw
                0x0011129c                OSIntCtxSw
                0x00111328                OSStartHighRdy
                0x00111348                OSStartTsk
 .text          0x0011136c      0x228 ../bsp//libucosii_bsp.a(os_cpu_c.o)
                0x0011136c                OSTaskCreateHook
                0x00111370                OSTaskDelHook
                0x00111374                OSTaskSwHook
                0x00111378                OSTaskStatHook
                0x0011137c                OSInitHookBegin
                0x00111384                OSInitHookEnd
                0x00111388                OSTaskIdleHook
                0x0011138c                OSTCBInitHook
                0x00111390                OSTimeTickHook
                0x001113e8                OSTaskStkInit
 .text          0x00111594        0x0 ../bsp//libucosii_bsp.a(alt_exception_entry.o)
 .text          0x00111594       0x9c ../bsp//libucosii_bsp.a(alt_find_file.o)
                0x00111594                alt_find_file
 .text          0x00111630       0xa4 ../bsp//libucosii_bsp.a(alt_get_fd.o)
                0x00111630                alt_get_fd
 .text          0x001116d4       0x14 /opt/altera/13.0sp1/nios2eds/bin/gnu/H-i686-pc-linux-gnu/bin/../lib/gcc/nios2-elf/4.1.2/../../../../nios2-elf/lib/mno-hw-mul/libc.a(lib_a-atexit.o)
                0x001116d4                atexit
 .text          0x001116e8       0x38 /opt/altera/13.0sp1/nios2eds/bin/gnu/H-i686-pc-linux-gnu/bin/../lib/gcc/nios2-elf/4.1.2/../../../../nios2-elf/lib/mno-hw-mul/libc.a(lib_a-exit.o)
                0x001116e8                exit
 .text          0x00111720       0x74 /opt/altera/13.0sp1/nios2eds/bin/gnu/H-i686-pc-linux-gnu/bin/../lib/gcc/nios2-elf/4.1.2/../../../../nios2-elf/lib/mno-hw-mul/libc.a(lib_a-memcmp.o)
                0x00111720                memcmp
 .text          0x00111794      0x134 /opt/altera/13.0sp1/nios2eds/bin/gnu/H-i686-pc-linux-gnu/bin/../lib/gcc/nios2-elf/4.1.2/../../../../nios2-elf/lib/mno-hw-mul/libc.a(lib_a-__atexit.o)
                0x00111794                __register_exitproc
 .text          0x001118c8      0x1b4 /opt/altera/13.0sp1/nios2eds/bin/gnu/H-i686-pc-linux-gnu/bin/../lib/gcc/nios2-elf/4.1.2/../../../../nios2-elf/lib/mno-hw-mul/libc.a(lib_a-__call_atexit.o)
                0x001118cc                __call_exitprocs
 .text          0x00111a7c       0xa4 /opt/altera/13.0sp1/nios2eds/bin/gnu/H-i686-pc-linux-gnu/bin/../lib/gcc/nios2-elf/4.1.2/mno-hw-mul/libgcc.a(_fixunsdfsi.o)
                0x00111a7c                __fixunsdfsi
 .text          0x00111b20       0x20 ../bsp//libucosii_bsp.a(alt_exit.o)
                0x00111b20                _exit
 *(.gnu.warning.*)
 *(.fini)
                0x00111b40                PROVIDE (__etext, ABSOLUTE (.))
                0x00111b40                PROVIDE (_etext, ABSOLUTE (.))
                0x00111b40                PROVIDE (etext, ABSOLUTE (.))
 *(.eh_frame_hdr)
                0x00111b40                . = ALIGN (0x4)
                0x00111b40                PROVIDE (__preinit_array_start, ABSOLUTE (.))
 *(.preinit_array)
                0x00111b40                PROVIDE (__preinit_array_end, ABSOLUTE (.))
                0x00111b40                PROVIDE (__init_array_start, ABSOLUTE (.))
 *(.init_array)
                0x00111b40                PROVIDE (__init_array_end, ABSOLUTE (.))
                0x00111b40                PROVIDE (__fini_array_start, ABSOLUTE (.))
 *(.fini_array)
                0x00111b40                PROVIDE (__fini_array_end, ABSOLUTE (.))
 *(.eh_frame)
 *(.gcc_except_table)
 *(.dynamic)
                0x00111b40                PROVIDE (__CTOR_LIST__, ABSOLUTE (.))
 *(.ctors)
 *(SORT(.ctors.*))
 .ctors.65535   0x00111b40        0x4 /opt/altera/13.0sp1/nios2eds/bin/gnu/H-i686-pc-linux-gnu/bin/../lib/gcc/nios2-elf/4.1.2/../../../../nios2-elf/lib/mno-hw-mul/libc.a(lib_a-__call_atexit.o)
                0x00111b44                PROVIDE (__CTOR_END__, ABSOLUTE (.))
                0x00111b44                PROVIDE (__DTOR_LIST__, ABSOLUTE (.))
 *(.dtors)
 *(SORT(.dtors.*))
                0x00111b44                PROVIDE (__DTOR_END__, ABSOLUTE (.))
 *(.jcr)
                0x00111b44                . = ALIGN (0x4)

.rodata         0x00111b44      0x578
                0x00111b44                PROVIDE (__ram_rodata_start, ABSOLUTE (.))
                0x00111b44                . = ALIGN (0x4)
 *(.rodata .rodata.* .gnu.linkonce.r.*)
 .rodata        0x00111b44       0xd0 obj/default/ContextSwitch.o
 .rodata        0x00111c14       0x10 /opt/altera/13.0sp1/nios2eds/bin/gnu/H-i686-pc-linux-gnu/bin/../lib/gcc/nios2-elf/4.1.2/mno-hw-mul/libgcc.a(_thenan_sf.o)
                0x00111c14                __thenan_sf
 .rodata        0x00111c24       0x14 /opt/altera/13.0sp1/nios2eds/bin/gnu/H-i686-pc-linux-gnu/bin/../lib/gcc/nios2-elf/4.1.2/mno-hw-mul/libgcc.a(_thenan_df.o)
                0x00111c24                __thenan_df
 .rodata        0x00111c38      0x100 /opt/altera/13.0sp1/nios2eds/bin/gnu/H-i686-pc-linux-gnu/bin/../lib/gcc/nios2-elf/4.1.2/mno-hw-mul/libgcc.a(_clz.o)
                0x00111c38                __clz_tab
 .rodata.str1.4
                0x00111d38        0x2 /opt/altera/13.0sp1/nios2eds/bin/gnu/H-i686-pc-linux-gnu/bin/../lib/gcc/nios2-elf/4.1.2/../../../../nios2-elf/lib/mno-hw-mul/libc.a(lib_a-puts.o)
                                  0x4 (size before relaxing)
 *fill*         0x00111d3a        0x2 00
 .rodata.str1.4
                0x00111d3c       0x5e /opt/altera/13.0sp1/nios2eds/bin/gnu/H-i686-pc-linux-gnu/bin/../lib/gcc/nios2-elf/4.1.2/../../../../nios2-elf/lib/mno-hw-mul/libc.a(lib_a-vfprintf.o)
                                 0x60 (size before relaxing)
 .rodata        0x00111d9a       0x20 /opt/altera/13.0sp1/nios2eds/bin/gnu/H-i686-pc-linux-gnu/bin/../lib/gcc/nios2-elf/4.1.2/../../../../nios2-elf/lib/mno-hw-mul/libc.a(lib_a-vfprintf.o)
 *fill*         0x00111dba        0x2 00
 .rodata.str1.4
                0x00111dbc       0x10 /opt/altera/13.0sp1/nios2eds/bin/gnu/H-i686-pc-linux-gnu/bin/../lib/gcc/nios2-elf/4.1.2/../../../../nios2-elf/lib/mno-hw-mul/libc.a(lib_a-dtoa.o)
                                 0x14 (size before relaxing)
 .rodata.str1.4
                0x00111dcc        0x2 /opt/altera/13.0sp1/nios2eds/bin/gnu/H-i686-pc-linux-gnu/bin/../lib/gcc/nios2-elf/4.1.2/../../../../nios2-elf/lib/mno-hw-mul/libc.a(lib_a-impure.o)
                                  0x4 (size before relaxing)
 *fill*         0x00111dce        0x2 00
 .rodata.str1.4
                0x00111dd0        0xf /opt/altera/13.0sp1/nios2eds/bin/gnu/H-i686-pc-linux-gnu/bin/../lib/gcc/nios2-elf/4.1.2/../../../../nios2-elf/lib/mno-hw-mul/libc.a(lib_a-locale.o)
                                 0x18 (size before relaxing)
 *fill*         0x00111ddf        0x1 00
 .rodata        0x00111de0       0x30 /opt/altera/13.0sp1/nios2eds/bin/gnu/H-i686-pc-linux-gnu/bin/../lib/gcc/nios2-elf/4.1.2/../../../../nios2-elf/lib/mno-hw-mul/libc.a(lib_a-locale.o)
 .rodata        0x00111e10      0x124 /opt/altera/13.0sp1/nios2eds/bin/gnu/H-i686-pc-linux-gnu/bin/../lib/gcc/nios2-elf/4.1.2/../../../../nios2-elf/lib/mno-hw-mul/libc.a(lib_a-mprec.o)
                0x00111e10                __mprec_tens
                0x00111ed8                __mprec_bigtens
                0x00111f00                __mprec_tinytens
 .rodata.str1.4
                0x00111f34        0xa ../bsp//libucosii_bsp.a(alt_dev.o)
                                  0xc (size before relaxing)
 *fill*         0x00111f3e        0x2 00
 .rodata.str1.4
                0x00111f40       0x11 ../bsp//libucosii_bsp.a(alt_main.o)
                                 0x14 (size before relaxing)
 *fill*         0x00111f51        0x3 00
 .rodata.str1.4
                0x00111f54       0x1e ../bsp//libucosii_bsp.a(os_core.o)
                                 0x20 (size before relaxing)
 .rodata        0x00111f72      0x100 ../bsp//libucosii_bsp.a(os_core.o)
                0x00111f72                OSUnMapTbl
 *fill*         0x00112072        0x2 00
 .rodata.str1.4
                0x00112074       0x35 ../bsp//libucosii_bsp.a(os_tmr.o)
                                 0x38 (size before relaxing)
 *fill*         0x001120a9        0x3 00
 .rodata.str1.4
                0x001120ac       0x10 ../bsp//libucosii_bsp.a(alt_sys_init.o)
                                 0x24 (size before relaxing)
 .rodata.str1.4
                0x00000000        0x4 ../bsp//libucosii_bsp.a(os_cpu_c.o)
 *(.rodata1)
                0x001120bc                . = ALIGN (0x4)
                0x001120bc                PROVIDE (__ram_rodata_end, ABSOLUTE (.))
                0x00111b44                PROVIDE (__flash_rodata_start, LOADADDR (.rodata))

.rwdata         0x001120bc     0x1b10 load address 0x00113bcc
                0x001120bc                PROVIDE (__ram_rwdata_start, ABSOLUTE (.))
                0x001120bc                . = ALIGN (0x4)
 *(.got.plt)
 *(.got)
 *(.data1)
 *(.data .data.* .gnu.linkonce.d.*)
 .data          0x001120bc        0x0 ../bsp//obj/HAL/src/crt0.o
 .data          0x001120bc        0x0 obj/default/ContextSwitch.o
 .data          0x001120bc        0x0 /opt/altera/13.0sp1/nios2eds/bin/gnu/H-i686-pc-linux-gnu/bin/../lib/gcc/nios2-elf/4.1.2/mno-hw-mul/libgcc.a(_floatundisf.o)
 .data          0x001120bc        0x0 /opt/altera/13.0sp1/nios2eds/bin/gnu/H-i686-pc-linux-gnu/bin/../lib/gcc/nios2-elf/4.1.2/mno-hw-mul/libgcc.a(_addsub_sf.o)
 .data          0x001120bc        0x0 /opt/altera/13.0sp1/nios2eds/bin/gnu/H-i686-pc-linux-gnu/bin/../lib/gcc/nios2-elf/4.1.2/mno-hw-mul/libgcc.a(_mul_sf.o)
 .data          0x001120bc        0x0 /opt/altera/13.0sp1/nios2eds/bin/gnu/H-i686-pc-linux-gnu/bin/../lib/gcc/nios2-elf/4.1.2/mno-hw-mul/libgcc.a(_div_sf.o)
 .data          0x001120bc        0x0 /opt/altera/13.0sp1/nios2eds/bin/gnu/H-i686-pc-linux-gnu/bin/../lib/gcc/nios2-elf/4.1.2/mno-hw-mul/libgcc.a(_sf_to_df.o)
 .data          0x001120bc        0x0 /opt/altera/13.0sp1/nios2eds/bin/gnu/H-i686-pc-linux-gnu/bin/../lib/gcc/nios2-elf/4.1.2/mno-hw-mul/libgcc.a(_thenan_sf.o)
 .data          0x001120bc        0x0 /opt/altera/13.0sp1/nios2eds/bin/gnu/H-i686-pc-linux-gnu/bin/../lib/gcc/nios2-elf/4.1.2/mno-hw-mul/libgcc.a(_usi_to_sf.o)
 .data          0x001120bc        0x0 /opt/altera/13.0sp1/nios2eds/bin/gnu/H-i686-pc-linux-gnu/bin/../lib/gcc/nios2-elf/4.1.2/mno-hw-mul/libgcc.a(_addsub_df.o)
 .data          0x001120bc        0x0 /opt/altera/13.0sp1/nios2eds/bin/gnu/H-i686-pc-linux-gnu/bin/../lib/gcc/nios2-elf/4.1.2/mno-hw-mul/libgcc.a(_mul_df.o)
 .data          0x001120bc        0x0 /opt/altera/13.0sp1/nios2eds/bin/gnu/H-i686-pc-linux-gnu/bin/../lib/gcc/nios2-elf/4.1.2/mno-hw-mul/libgcc.a(_gt_df.o)
 .data          0x001120bc        0x0 /opt/altera/13.0sp1/nios2eds/bin/gnu/H-i686-pc-linux-gnu/bin/../lib/gcc/nios2-elf/4.1.2/mno-hw-mul/libgcc.a(_lt_df.o)
 .data          0x001120bc        0x0 /opt/altera/13.0sp1/nios2eds/bin/gnu/H-i686-pc-linux-gnu/bin/../lib/gcc/nios2-elf/4.1.2/mno-hw-mul/libgcc.a(_make_df.o)
 .data          0x001120bc        0x0 /opt/altera/13.0sp1/nios2eds/bin/gnu/H-i686-pc-linux-gnu/bin/../lib/gcc/nios2-elf/4.1.2/mno-hw-mul/libgcc.a(_df_to_sf.o)
 .data          0x001120bc        0x0 /opt/altera/13.0sp1/nios2eds/bin/gnu/H-i686-pc-linux-gnu/bin/../lib/gcc/nios2-elf/4.1.2/mno-hw-mul/libgcc.a(_thenan_df.o)
 .data          0x001120bc        0x0 /opt/altera/13.0sp1/nios2eds/bin/gnu/H-i686-pc-linux-gnu/bin/../lib/gcc/nios2-elf/4.1.2/mno-hw-mul/libgcc.a(_usi_to_df.o)
 .data          0x001120bc        0x0 /opt/altera/13.0sp1/nios2eds/bin/gnu/H-i686-pc-linux-gnu/bin/../lib/gcc/nios2-elf/4.1.2/mno-hw-mul/libgcc.a(_muldi3.o)
 .data          0x001120bc        0x0 /opt/altera/13.0sp1/nios2eds/bin/gnu/H-i686-pc-linux-gnu/bin/../lib/gcc/nios2-elf/4.1.2/mno-hw-mul/libgcc.a(_clzsi2.o)
 .data          0x001120bc        0x0 /opt/altera/13.0sp1/nios2eds/bin/gnu/H-i686-pc-linux-gnu/bin/../lib/gcc/nios2-elf/4.1.2/mno-hw-mul/libgcc.a(_pack_sf.o)
 .data          0x001120bc        0x0 /opt/altera/13.0sp1/nios2eds/bin/gnu/H-i686-pc-linux-gnu/bin/../lib/gcc/nios2-elf/4.1.2/mno-hw-mul/libgcc.a(_unpack_sf.o)
 .data          0x001120bc        0x0 /opt/altera/13.0sp1/nios2eds/bin/gnu/H-i686-pc-linux-gnu/bin/../lib/gcc/nios2-elf/4.1.2/mno-hw-mul/libgcc.a(_make_sf.o)
 .data          0x001120bc        0x0 /opt/altera/13.0sp1/nios2eds/bin/gnu/H-i686-pc-linux-gnu/bin/../lib/gcc/nios2-elf/4.1.2/mno-hw-mul/libgcc.a(_pack_df.o)
 .data          0x001120bc        0x0 /opt/altera/13.0sp1/nios2eds/bin/gnu/H-i686-pc-linux-gnu/bin/../lib/gcc/nios2-elf/4.1.2/mno-hw-mul/libgcc.a(_unpack_df.o)
 .data          0x001120bc        0x0 /opt/altera/13.0sp1/nios2eds/bin/gnu/H-i686-pc-linux-gnu/bin/../lib/gcc/nios2-elf/4.1.2/mno-hw-mul/libgcc.a(_fpcmp_parts_df.o)
 .data          0x001120bc        0x0 /opt/altera/13.0sp1/nios2eds/bin/gnu/H-i686-pc-linux-gnu/bin/../lib/gcc/nios2-elf/4.1.2/mno-hw-mul/libgcc.a(lib2-mul.o)
 .data          0x001120bc        0x0 /opt/altera/13.0sp1/nios2eds/bin/gnu/H-i686-pc-linux-gnu/bin/../lib/gcc/nios2-elf/4.1.2/mno-hw-mul/libgcc.a(_clz.o)
 .data          0x001120bc        0x0 /opt/altera/13.0sp1/nios2eds/bin/gnu/H-i686-pc-linux-gnu/bin/../lib/gcc/nios2-elf/4.1.2/../../../../nios2-elf/lib/mno-hw-mul/libc.a(lib_a-printf.o)
 .data          0x001120bc        0x0 /opt/altera/13.0sp1/nios2eds/bin/gnu/H-i686-pc-linux-gnu/bin/../lib/gcc/nios2-elf/4.1.2/../../../../nios2-elf/lib/mno-hw-mul/libc.a(lib_a-puts.o)
 .data          0x001120bc        0x0 /opt/altera/13.0sp1/nios2eds/bin/gnu/H-i686-pc-linux-gnu/bin/../lib/gcc/nios2-elf/4.1.2/../../../../nios2-elf/lib/mno-hw-mul/libc.a(lib_a-strlen.o)
 .data          0x001120bc        0x0 /opt/altera/13.0sp1/nios2eds/bin/gnu/H-i686-pc-linux-gnu/bin/../lib/gcc/nios2-elf/4.1.2/../../../../nios2-elf/lib/mno-hw-mul/libc.a(lib_a-vfprintf.o)
 .data          0x001120bc        0x0 /opt/altera/13.0sp1/nios2eds/bin/gnu/H-i686-pc-linux-gnu/bin/../lib/gcc/nios2-elf/4.1.2/../../../../nios2-elf/lib/mno-hw-mul/libc.a(lib_a-wsetup.o)
 .data          0x001120bc        0x0 /opt/altera/13.0sp1/nios2eds/bin/gnu/H-i686-pc-linux-gnu/bin/../lib/gcc/nios2-elf/4.1.2/../../../../nios2-elf/lib/mno-hw-mul/libc.a(lib_a-dtoa.o)
 .data          0x001120bc        0x0 /opt/altera/13.0sp1/nios2eds/bin/gnu/H-i686-pc-linux-gnu/bin/../lib/gcc/nios2-elf/4.1.2/../../../../nios2-elf/lib/mno-hw-mul/libc.a(lib_a-fflush.o)
 .data          0x001120bc        0x0 /opt/altera/13.0sp1/nios2eds/bin/gnu/H-i686-pc-linux-gnu/bin/../lib/gcc/nios2-elf/4.1.2/../../../../nios2-elf/lib/mno-hw-mul/libc.a(lib_a-findfp.o)
 .data          0x001120bc        0x0 /opt/altera/13.0sp1/nios2eds/bin/gnu/H-i686-pc-linux-gnu/bin/../lib/gcc/nios2-elf/4.1.2/../../../../nios2-elf/lib/mno-hw-mul/libc.a(lib_a-freer.o)
 .data          0x001120bc        0x0 /opt/altera/13.0sp1/nios2eds/bin/gnu/H-i686-pc-linux-gnu/bin/../lib/gcc/nios2-elf/4.1.2/../../../../nios2-elf/lib/mno-hw-mul/libc.a(lib_a-fvwrite.o)
 .data          0x001120bc        0x0 /opt/altera/13.0sp1/nios2eds/bin/gnu/H-i686-pc-linux-gnu/bin/../lib/gcc/nios2-elf/4.1.2/../../../../nios2-elf/lib/mno-hw-mul/libc.a(lib_a-fwalk.o)
 .data          0x001120bc      0x400 /opt/altera/13.0sp1/nios2eds/bin/gnu/H-i686-pc-linux-gnu/bin/../lib/gcc/nios2-elf/4.1.2/../../../../nios2-elf/lib/mno-hw-mul/libc.a(lib_a-impure.o)
 .data          0x001124bc        0xc /opt/altera/13.0sp1/nios2eds/bin/gnu/H-i686-pc-linux-gnu/bin/../lib/gcc/nios2-elf/4.1.2/../../../../nios2-elf/lib/mno-hw-mul/libc.a(lib_a-locale.o)
                0x001124bc                __lc_ctype
 .data          0x001124c8        0x0 /opt/altera/13.0sp1/nios2eds/bin/gnu/H-i686-pc-linux-gnu/bin/../lib/gcc/nios2-elf/4.1.2/../../../../nios2-elf/lib/mno-hw-mul/libc.a(lib_a-makebuf.o)
 .data          0x001124c8      0x408 /opt/altera/13.0sp1/nios2eds/bin/gnu/H-i686-pc-linux-gnu/bin/../lib/gcc/nios2-elf/4.1.2/../../../../nios2-elf/lib/mno-hw-mul/libc.a(lib_a-mallocr.o)
                0x001124c8                __malloc_av_
 .data          0x001128d0        0x0 /opt/altera/13.0sp1/nios2eds/bin/gnu/H-i686-pc-linux-gnu/bin/../lib/gcc/nios2-elf/4.1.2/../../../../nios2-elf/lib/mno-hw-mul/libc.a(lib_a-memchr.o)
 .data          0x001128d0        0x0 /opt/altera/13.0sp1/nios2eds/bin/gnu/H-i686-pc-linux-gnu/bin/../lib/gcc/nios2-elf/4.1.2/../../../../nios2-elf/lib/mno-hw-mul/libc.a(lib_a-memcpy.o)
 .data          0x001128d0        0x0 /opt/altera/13.0sp1/nios2eds/bin/gnu/H-i686-pc-linux-gnu/bin/../lib/gcc/nios2-elf/4.1.2/../../../../nios2-elf/lib/mno-hw-mul/libc.a(lib_a-memmove.o)
 .data          0x001128d0        0x0 /opt/altera/13.0sp1/nios2eds/bin/gnu/H-i686-pc-linux-gnu/bin/../lib/gcc/nios2-elf/4.1.2/../../../../nios2-elf/lib/mno-hw-mul/libc.a(lib_a-memset.o)
 .data          0x001128d0        0x0 /opt/altera/13.0sp1/nios2eds/bin/gnu/H-i686-pc-linux-gnu/bin/../lib/gcc/nios2-elf/4.1.2/../../../../nios2-elf/lib/mno-hw-mul/libc.a(lib_a-mprec.o)
 .data          0x001128d0        0x0 /opt/altera/13.0sp1/nios2eds/bin/gnu/H-i686-pc-linux-gnu/bin/../lib/gcc/nios2-elf/4.1.2/../../../../nios2-elf/lib/mno-hw-mul/libc.a(lib_a-reallocr.o)
 .data          0x001128d0        0x0 /opt/altera/13.0sp1/nios2eds/bin/gnu/H-i686-pc-linux-gnu/bin/../lib/gcc/nios2-elf/4.1.2/../../../../nios2-elf/lib/mno-hw-mul/libc.a(lib_a-s_isinfd.o)
 .data          0x001128d0        0x0 /opt/altera/13.0sp1/nios2eds/bin/gnu/H-i686-pc-linux-gnu/bin/../lib/gcc/nios2-elf/4.1.2/../../../../nios2-elf/lib/mno-hw-mul/libc.a(lib_a-s_isnand.o)
 .data          0x001128d0        0x0 /opt/altera/13.0sp1/nios2eds/bin/gnu/H-i686-pc-linux-gnu/bin/../lib/gcc/nios2-elf/4.1.2/../../../../nios2-elf/lib/mno-hw-mul/libc.a(lib_a-sbrkr.o)
 .data          0x001128d0        0x0 /opt/altera/13.0sp1/nios2eds/bin/gnu/H-i686-pc-linux-gnu/bin/../lib/gcc/nios2-elf/4.1.2/../../../../nios2-elf/lib/mno-hw-mul/libc.a(lib_a-stdio.o)
 .data          0x001128d0        0x0 /opt/altera/13.0sp1/nios2eds/bin/gnu/H-i686-pc-linux-gnu/bin/../lib/gcc/nios2-elf/4.1.2/../../../../nios2-elf/lib/mno-hw-mul/libc.a(lib_a-strcmp.o)
 .data          0x001128d0        0x0 /opt/altera/13.0sp1/nios2eds/bin/gnu/H-i686-pc-linux-gnu/bin/../lib/gcc/nios2-elf/4.1.2/../../../../nios2-elf/lib/mno-hw-mul/libc.a(lib_a-writer.o)
 .data          0x001128d0        0x0 /opt/altera/13.0sp1/nios2eds/bin/gnu/H-i686-pc-linux-gnu/bin/../lib/gcc/nios2-elf/4.1.2/../../../../nios2-elf/lib/mno-hw-mul/libc.a(lib_a-callocr.o)
 .data          0x001128d0        0x0 /opt/altera/13.0sp1/nios2eds/bin/gnu/H-i686-pc-linux-gnu/bin/../lib/gcc/nios2-elf/4.1.2/../../../../nios2-elf/lib/mno-hw-mul/libc.a(lib_a-closer.o)
 .data          0x001128d0        0x0 /opt/altera/13.0sp1/nios2eds/bin/gnu/H-i686-pc-linux-gnu/bin/../lib/gcc/nios2-elf/4.1.2/../../../../nios2-elf/lib/mno-hw-mul/libc.a(lib_a-fclose.o)
 .data          0x001128d0        0x0 /opt/altera/13.0sp1/nios2eds/bin/gnu/H-i686-pc-linux-gnu/bin/../lib/gcc/nios2-elf/4.1.2/../../../../nios2-elf/lib/mno-hw-mul/libc.a(lib_a-fstatr.o)
 .data          0x001128d0        0x0 /opt/altera/13.0sp1/nios2eds/bin/gnu/H-i686-pc-linux-gnu/bin/../lib/gcc/nios2-elf/4.1.2/../../../../nios2-elf/lib/mno-hw-mul/libc.a(lib_a-int_errno.o)
 .data          0x001128d0        0x0 /opt/altera/13.0sp1/nios2eds/bin/gnu/H-i686-pc-linux-gnu/bin/../lib/gcc/nios2-elf/4.1.2/../../../../nios2-elf/lib/mno-hw-mul/libc.a(lib_a-isattyr.o)
 .data          0x001128d0        0x0 /opt/altera/13.0sp1/nios2eds/bin/gnu/H-i686-pc-linux-gnu/bin/../lib/gcc/nios2-elf/4.1.2/../../../../nios2-elf/lib/mno-hw-mul/libc.a(lib_a-lseekr.o)
 .data          0x001128d0        0x0 /opt/altera/13.0sp1/nios2eds/bin/gnu/H-i686-pc-linux-gnu/bin/../lib/gcc/nios2-elf/4.1.2/../../../../nios2-elf/lib/mno-hw-mul/libc.a(lib_a-readr.o)
 .data          0x001128d0        0x0 /opt/altera/13.0sp1/nios2eds/bin/gnu/H-i686-pc-linux-gnu/bin/../lib/gcc/nios2-elf/4.1.2/mno-hw-mul/libgcc.a(_udivdi3.o)
 .data          0x001128d0        0x0 /opt/altera/13.0sp1/nios2eds/bin/gnu/H-i686-pc-linux-gnu/bin/../lib/gcc/nios2-elf/4.1.2/mno-hw-mul/libgcc.a(_umoddi3.o)
 .data          0x001128d0        0x0 /opt/altera/13.0sp1/nios2eds/bin/gnu/H-i686-pc-linux-gnu/bin/../lib/gcc/nios2-elf/4.1.2/mno-hw-mul/libgcc.a(_div_df.o)
 .data          0x001128d0        0x0 /opt/altera/13.0sp1/nios2eds/bin/gnu/H-i686-pc-linux-gnu/bin/../lib/gcc/nios2-elf/4.1.2/mno-hw-mul/libgcc.a(_eq_df.o)
 .data          0x001128d0        0x0 /opt/altera/13.0sp1/nios2eds/bin/gnu/H-i686-pc-linux-gnu/bin/../lib/gcc/nios2-elf/4.1.2/mno-hw-mul/libgcc.a(_ne_df.o)
 .data          0x001128d0        0x0 /opt/altera/13.0sp1/nios2eds/bin/gnu/H-i686-pc-linux-gnu/bin/../lib/gcc/nios2-elf/4.1.2/mno-hw-mul/libgcc.a(_ge_df.o)
 .data          0x001128d0        0x0 /opt/altera/13.0sp1/nios2eds/bin/gnu/H-i686-pc-linux-gnu/bin/../lib/gcc/nios2-elf/4.1.2/mno-hw-mul/libgcc.a(_si_to_df.o)
 .data          0x001128d0        0x0 /opt/altera/13.0sp1/nios2eds/bin/gnu/H-i686-pc-linux-gnu/bin/../lib/gcc/nios2-elf/4.1.2/mno-hw-mul/libgcc.a(_df_to_si.o)
 .data          0x001128d0        0x0 /opt/altera/13.0sp1/nios2eds/bin/gnu/H-i686-pc-linux-gnu/bin/../lib/gcc/nios2-elf/4.1.2/mno-hw-mul/libgcc.a(lib2-divmod.o)
 .data          0x001128d0        0x0 ../bsp//libucosii_bsp.a(alt_close.o)
 .data          0x001128d0      0x1a8 ../bsp//libucosii_bsp.a(alt_dev.o)
                0x001128d0                alt_dev_null
                0x001128f8                alt_fd_list
 .data          0x00112a78        0x0 ../bsp//libucosii_bsp.a(alt_errno.o)
 .data          0x00112a78        0x0 ../bsp//libucosii_bsp.a(alt_fstat.o)
 .data          0x00112a78        0x0 ../bsp//libucosii_bsp.a(alt_isatty.o)
 .data          0x00112a78        0x0 ../bsp//libucosii_bsp.a(alt_load.o)
 .data          0x00112a78        0x0 ../bsp//libucosii_bsp.a(alt_lseek.o)
 .data          0x00112a78        0x0 ../bsp//libucosii_bsp.a(alt_main.o)
 .data          0x00112a78        0x0 ../bsp//libucosii_bsp.a(alt_read.o)
 .data          0x00112a78        0x0 ../bsp//libucosii_bsp.a(alt_release_fd.o)
 .data          0x00112a78        0x0 ../bsp//libucosii_bsp.a(alt_sbrk.o)
 .data          0x00112a78        0x0 ../bsp//libucosii_bsp.a(alt_write.o)
 .data          0x00112a78        0x0 ../bsp//libucosii_bsp.a(alt_env_lock.o)
 .data          0x00112a78        0x0 ../bsp//libucosii_bsp.a(alt_malloc_lock.o)
 .data          0x00112a78        0x0 ../bsp//libucosii_bsp.a(os_core.o)
 .data          0x00112a78        0x0 ../bsp//libucosii_bsp.a(os_dbg.o)
 .data          0x00112a78        0x0 ../bsp//libucosii_bsp.a(os_flag.o)
 .data          0x00112a78        0x0 ../bsp//libucosii_bsp.a(os_mem.o)
 .data          0x00112a78        0x0 ../bsp//libucosii_bsp.a(os_q.o)
 .data          0x00112a78        0x0 ../bsp//libucosii_bsp.a(os_sem.o)
 .data          0x00112a78        0x0 ../bsp//libucosii_bsp.a(os_task.o)
 .data          0x00112a78        0x0 ../bsp//libucosii_bsp.a(os_time.o)
 .data          0x00112a78        0x0 ../bsp//libucosii_bsp.a(os_tmr.o)
 .data          0x00112a78     0x1098 ../bsp//libucosii_bsp.a(alt_sys_init.o)
 .data          0x00113b10        0x0 ../bsp//libucosii_bsp.a(altera_avalon_jtag_uart_fd.o)
 .data          0x00113b10        0x0 ../bsp//libucosii_bsp.a(altera_avalon_jtag_uart_init.o)
 .data          0x00113b10        0x0 ../bsp//libucosii_bsp.a(altera_avalon_jtag_uart_ioctl.o)
 .data          0x00113b10        0x0 ../bsp//libucosii_bsp.a(altera_avalon_jtag_uart_read.o)
 .data          0x00113b10        0x0 ../bsp//libucosii_bsp.a(altera_avalon_jtag_uart_write.o)
 .data          0x00113b10        0x0 ../bsp//libucosii_bsp.a(altera_avalon_performance_counter.o)
 .data          0x00113b10        0x0 ../bsp//libucosii_bsp.a(altera_avalon_timer_sc.o)
 .data          0x00113b10        0x0 ../bsp//libucosii_bsp.a(altera_up_avalon_character_lcd.o)
 .data          0x00113b10        0x0 ../bsp//libucosii_bsp.a(alt_alarm_start.o)
 .data          0x00113b10        0x0 ../bsp//libucosii_bsp.a(alt_dcache_flush_all.o)
 .data          0x00113b10        0x0 ../bsp//libucosii_bsp.a(alt_dev_llist_insert.o)
 .data          0x00113b10        0x0 ../bsp//libucosii_bsp.a(alt_do_ctors.o)
 .data          0x00113b10        0x0 ../bsp//libucosii_bsp.a(alt_do_dtors.o)
 .data          0x00113b10        0x0 ../bsp//libucosii_bsp.a(alt_find_dev.o)
 .data          0x00113b10        0x0 ../bsp//libucosii_bsp.a(alt_icache_flush_all.o)
 .data          0x00113b10        0x0 ../bsp//libucosii_bsp.a(alt_iic.o)
 .data          0x00113b10        0x0 ../bsp//libucosii_bsp.a(alt_iic_isr_register.o)
 .data          0x00113b10        0x0 ../bsp//libucosii_bsp.a(alt_io_redirect.o)
 .data          0x00113b10        0x0 ../bsp//libucosii_bsp.a(alt_irq_entry.o)
 .data          0x00113b10        0x0 ../bsp//libucosii_bsp.a(alt_irq_handler.o)
 .data          0x00113b10        0x0 ../bsp//libucosii_bsp.a(alt_irq_vars.o)
 .data          0x00113b10        0x0 ../bsp//libucosii_bsp.a(alt_open.o)
 .data          0x00113b10        0x0 ../bsp//libucosii_bsp.a(alt_tick.o)
 .data          0x00113b10        0x0 ../bsp//libucosii_bsp.a(altera_nios2_qsys_irq.o)
 .data          0x00113b10        0x0 ../bsp//libucosii_bsp.a(os_cpu_a.o)
 .data          0x00113b10        0x0 ../bsp//libucosii_bsp.a(os_cpu_c.o)
 .data          0x00113b10        0x0 ../bsp//libucosii_bsp.a(alt_exception_entry.o)
 .data          0x00113b10        0x0 ../bsp//libucosii_bsp.a(alt_find_file.o)
 .data          0x00113b10        0x0 ../bsp//libucosii_bsp.a(alt_get_fd.o)
 .data          0x00113b10        0x0 /opt/altera/13.0sp1/nios2eds/bin/gnu/H-i686-pc-linux-gnu/bin/../lib/gcc/nios2-elf/4.1.2/../../../../nios2-elf/lib/mno-hw-mul/libc.a(lib_a-atexit.o)
 .data          0x00113b10        0x0 /opt/altera/13.0sp1/nios2eds/bin/gnu/H-i686-pc-linux-gnu/bin/../lib/gcc/nios2-elf/4.1.2/../../../../nios2-elf/lib/mno-hw-mul/libc.a(lib_a-exit.o)
 .data          0x00113b10        0x0 /opt/altera/13.0sp1/nios2eds/bin/gnu/H-i686-pc-linux-gnu/bin/../lib/gcc/nios2-elf/4.1.2/../../../../nios2-elf/lib/mno-hw-mul/libc.a(lib_a-memcmp.o)
 .data          0x00113b10        0x0 /opt/altera/13.0sp1/nios2eds/bin/gnu/H-i686-pc-linux-gnu/bin/../lib/gcc/nios2-elf/4.1.2/../../../../nios2-elf/lib/mno-hw-mul/libc.a(lib_a-__atexit.o)
 .data          0x00113b10        0x0 /opt/altera/13.0sp1/nios2eds/bin/gnu/H-i686-pc-linux-gnu/bin/../lib/gcc/nios2-elf/4.1.2/../../../../nios2-elf/lib/mno-hw-mul/libc.a(lib_a-__call_atexit.o)
 .data          0x00113b10        0x0 /opt/altera/13.0sp1/nios2eds/bin/gnu/H-i686-pc-linux-gnu/bin/../lib/gcc/nios2-elf/4.1.2/mno-hw-mul/libgcc.a(_fixunsdfsi.o)
 .data          0x00113b10        0x0 ../bsp//libucosii_bsp.a(alt_exit.o)
                0x0011bb10                _gp = ABSOLUTE ((. + 0x8000))
                0x0011bb10                PROVIDE (gp, _gp)
 *(.rwdata .rwdata.*)
 *(.sdata .sdata.* .gnu.linkonce.s.*)
 .sdata         0x00113b10        0x8 /opt/altera/13.0sp1/nios2eds/bin/gnu/H-i686-pc-linux-gnu/bin/../lib/gcc/nios2-elf/4.1.2/../../../../nios2-elf/lib/mno-hw-mul/libc.a(lib_a-impure.o)
                0x00113b10                _impure_ptr
                0x00113b14                _global_impure_ptr
 .sdata         0x00113b18        0x8 /opt/altera/13.0sp1/nios2eds/bin/gnu/H-i686-pc-linux-gnu/bin/../lib/gcc/nios2-elf/4.1.2/../../../../nios2-elf/lib/mno-hw-mul/libc.a(lib_a-locale.o)
                0x00113b18                __mb_cur_max
 .sdata         0x00113b20        0x8 /opt/altera/13.0sp1/nios2eds/bin/gnu/H-i686-pc-linux-gnu/bin/../lib/gcc/nios2-elf/4.1.2/../../../../nios2-elf/lib/mno-hw-mul/libc.a(lib_a-mallocr.o)
                0x00113b20                __malloc_trim_threshold
                0x00113b24                __malloc_sbrk_base
 .sdata         0x00113b28       0x14 ../bsp//libucosii_bsp.a(alt_dev.o)
                0x00113b28                alt_fs_list
                0x00113b30                alt_dev_list
                0x00113b38                alt_max_fd
 .sdata         0x00113b3c        0x4 ../bsp//libucosii_bsp.a(alt_errno.o)
                0x00113b3c                alt_errno
 .sdata         0x00113b40        0x4 ../bsp//libucosii_bsp.a(alt_sbrk.o)
 .sdata         0x00113b44        0x4 ../bsp//libucosii_bsp.a(alt_env_lock.o)
 .sdata         0x00113b48        0x4 ../bsp//libucosii_bsp.a(alt_malloc_lock.o)
 .sdata         0x00113b4c       0x74 ../bsp//libucosii_bsp.a(os_dbg.o)
                0x00113b4c                OSDebugEn
                0x00113b50                OSEndiannessTest
                0x00113b54                OSEventEn
                0x00113b56                OSEventMax
                0x00113b58                OSEventNameSize
                0x00113b5a                OSEventSize
                0x00113b5c                OSEventTblSize
                0x00113b5e                OSEventMultiEn
                0x00113b60                OSFlagEn
                0x00113b62                OSFlagGrpSize
                0x00113b64                OSFlagNodeSize
                0x00113b66                OSFlagWidth
                0x00113b68                OSFlagMax
                0x00113b6a                OSFlagNameSize
                0x00113b6c                OSLowestPrio
                0x00113b6e                OSMboxEn
                0x00113b70                OSMemEn
                0x00113b72                OSMemMax
                0x00113b74                OSMemNameSize
                0x00113b76                OSMemSize
                0x00113b78                OSMemTblSize
                0x00113b7a                OSMutexEn
                0x00113b7c                OSPtrSize
                0x00113b7e                OSQEn
                0x00113b80                OSQMax
                0x00113b82                OSQSize
                0x00113b84                OSRdyTblSize
                0x00113b86                OSSemEn
                0x00113b88                OSStkWidth
                0x00113b8a                OSTaskCreateEn
                0x00113b8c                OSTaskCreateExtEn
                0x00113b8e                OSTaskDelEn
                0x00113b90                OSTaskIdleStkSize
                0x00113b92                OSTaskProfileEn
                0x00113b94                OSTaskMax
                0x00113b96                OSTaskNameSize
                0x00113b98                OSTaskStatEn
                0x00113b9a                OSTaskStatStkSize
                0x00113b9c                OSTaskStatStkChkEn
                0x00113b9e                OSTaskSwHookEn
                0x00113ba0                OSTCBPrioTblMax
                0x00113ba2                OSTCBSize
                0x00113ba4                OSTicksPerSec
                0x00113ba6                OSTimeTickHookEn
                0x00113ba8                OSVersionNbr
                0x00113baa                OSTmrEn
                0x00113bac                OSTmrCfgMax
                0x00113bae                OSTmrCfgNameSize
                0x00113bb0                OSTmrCfgWheelSize
                0x00113bb2                OSTmrCfgTicksPerSec
                0x00113bb4                OSTmrSize
                0x00113bb6                OSTmrTblSize
                0x00113bb8                OSTmrWheelSize
                0x00113bba                OSTmrWheelTblSize
                0x00113bbc                OSDataSize
 .sdata         0x00113bc0        0x4 ../bsp//libucosii_bsp.a(alt_irq_vars.o)
                0x00113bc0                alt_priority_mask
 .sdata         0x00113bc4        0x8 ../bsp//libucosii_bsp.a(alt_tick.o)
                0x00113bc4                alt_alarm_list
 *(.sdata2 .sdata2.* .gnu.linkonce.s2.*)
                0x00113bcc                . = ALIGN (0x4)
                0x00113bcc                _edata = ABSOLUTE (.)
                0x00113bcc                PROVIDE (edata, ABSOLUTE (.))
                0x00113bcc                PROVIDE (__ram_rwdata_end, ABSOLUTE (.))
                0x00113bcc                PROVIDE (__flash_rwdata_start, LOADADDR (.rwdata))

.bss            0x001156dc     0xa0ec
                0x001156dc                __bss_start = ABSOLUTE (.)
                0x001156dc                PROVIDE (__sbss_start, ABSOLUTE (.))
                0x001156dc                PROVIDE (___sbss_start, ABSOLUTE (.))
 *(.dynsbss)
 *(.sbss .sbss.* .gnu.linkonce.sb.*)
 .sbss          0x001156dc        0xc obj/default/ContextSwitch.o
                0x001156dc                Sem1
                0x001156e0                Sem2
                0x001156e4                Sem3
 .sbss          0x001156e8        0xc /opt/altera/13.0sp1/nios2eds/bin/gnu/H-i686-pc-linux-gnu/bin/../lib/gcc/nios2-elf/4.1.2/../../../../nios2-elf/lib/mno-hw-mul/libc.a(lib_a-locale.o)
                0x001156e8                __nlocale_changed
                0x001156ec                __mlocale_changed
                0x001156f0                _PathLocale
 .sbss          0x001156f4        0xc /opt/altera/13.0sp1/nios2eds/bin/gnu/H-i686-pc-linux-gnu/bin/../lib/gcc/nios2-elf/4.1.2/../../../../nios2-elf/lib/mno-hw-mul/libc.a(lib_a-mallocr.o)
                0x001156f4                __malloc_top_pad
                0x001156f8                __malloc_max_sbrked_mem
                0x001156fc                __malloc_max_total_mem
 .sbss          0x00115700        0x4 /opt/altera/13.0sp1/nios2eds/bin/gnu/H-i686-pc-linux-gnu/bin/../lib/gcc/nios2-elf/4.1.2/../../../../nios2-elf/lib/mno-hw-mul/libc.a(lib_a-int_errno.o)
                0x00115700                errno
 .sbss          0x00115704        0x4 ../bsp//libucosii_bsp.a(alt_dev.o)
                0x00115704                alt_fd_list_lock
 .sbss          0x00115708        0xc ../bsp//libucosii_bsp.a(alt_main.o)
                0x00115708                alt_argc
                0x0011570c                alt_argv
                0x00115710                alt_envp
 .sbss          0x00115714        0x8 ../bsp//libucosii_bsp.a(alt_env_lock.o)
                0x00115718                alt_envsem
 .sbss          0x0011571c        0x8 ../bsp//libucosii_bsp.a(alt_malloc_lock.o)
                0x00115720                alt_heapsem
 .sbss          0x00115724       0x68 ../bsp//libucosii_bsp.a(os_core.o)
                0x00115724                OSTmrFreeList
                0x00115728                OSLockNesting
                0x0011572c                OSTmrSemSignal
                0x00115730                OSRunning
                0x00115734                OSIdleCtr
                0x00115738                OSTmrUsed
                0x0011573a                OSPrioHighRdy
                0x0011573b                OSPrioCur
                0x0011573c                OSTCBList
                0x00115740                OSTickStepState
                0x00115744                OSCtxSwCtr
                0x00115748                OSTmrFree
                0x0011574c                OSIdleCtrMax
                0x00115750                OSTCBFreeList
                0x00115754                OSCPUUsage
                0x00115755                OSTaskCtr
                0x00115758                OSMemFreeList
                0x0011575c                OSTCBHighRdy
                0x00115760                OSQFreeList
                0x00115764                OSRdyGrp
                0x00115765                OSRdyTbl
                0x00115768                OSEventFreeList
                0x0011576c                OSIntNesting
                0x00115770                OSTCBCur
                0x00115774                OSTmrTime
                0x00115778                OSTime
                0x0011577c                OSTmrSem
                0x00115780                OSFlagFreeList
                0x00115784                OSStatRdy
                0x00115788                OSIdleCtrRun
 .sbss          0x0011578c        0x4 ../bsp//libucosii_bsp.a(alt_irq_vars.o)
                0x0011578c                alt_irq_active
 .sbss          0x00115790        0x8 ../bsp//libucosii_bsp.a(alt_tick.o)
                0x00115790                _alt_tick_rate
                0x00115794                _alt_nticks
 .sbss          0x00115798        0x2 ../bsp//libucosii_bsp.a(os_cpu_c.o)
 *(.sbss2 .sbss2.* .gnu.linkonce.sb2.*)
 *(.scommon)
                0x0011579a                PROVIDE (__sbss_end, ABSOLUTE (.))
                0x0011579a                PROVIDE (___sbss_end, ABSOLUTE (.))
 *(.dynbss)
 *(.bss .bss.* .gnu.linkonce.b.*)
 .bss           0x0011579a        0x0 ../bsp//obj/HAL/src/crt0.o
 .bss           0x0011579a        0x0 obj/default/ContextSwitch.o
 .bss           0x0011579a        0x0 /opt/altera/13.0sp1/nios2eds/bin/gnu/H-i686-pc-linux-gnu/bin/../lib/gcc/nios2-elf/4.1.2/mno-hw-mul/libgcc.a(_floatundisf.o)
 .bss           0x0011579a        0x0 /opt/altera/13.0sp1/nios2eds/bin/gnu/H-i686-pc-linux-gnu/bin/../lib/gcc/nios2-elf/4.1.2/mno-hw-mul/libgcc.a(_addsub_sf.o)
 .bss           0x0011579a        0x0 /opt/altera/13.0sp1/nios2eds/bin/gnu/H-i686-pc-linux-gnu/bin/../lib/gcc/nios2-elf/4.1.2/mno-hw-mul/libgcc.a(_mul_sf.o)
 .bss           0x0011579a        0x0 /opt/altera/13.0sp1/nios2eds/bin/gnu/H-i686-pc-linux-gnu/bin/../lib/gcc/nios2-elf/4.1.2/mno-hw-mul/libgcc.a(_div_sf.o)
 .bss           0x0011579a        0x0 /opt/altera/13.0sp1/nios2eds/bin/gnu/H-i686-pc-linux-gnu/bin/../lib/gcc/nios2-elf/4.1.2/mno-hw-mul/libgcc.a(_sf_to_df.o)
 .bss           0x0011579a        0x0 /opt/altera/13.0sp1/nios2eds/bin/gnu/H-i686-pc-linux-gnu/bin/../lib/gcc/nios2-elf/4.1.2/mno-hw-mul/libgcc.a(_thenan_sf.o)
 .bss           0x0011579a        0x0 /opt/altera/13.0sp1/nios2eds/bin/gnu/H-i686-pc-linux-gnu/bin/../lib/gcc/nios2-elf/4.1.2/mno-hw-mul/libgcc.a(_usi_to_sf.o)
 .bss           0x0011579a        0x0 /opt/altera/13.0sp1/nios2eds/bin/gnu/H-i686-pc-linux-gnu/bin/../lib/gcc/nios2-elf/4.1.2/mno-hw-mul/libgcc.a(_addsub_df.o)
 .bss           0x0011579a        0x0 /opt/altera/13.0sp1/nios2eds/bin/gnu/H-i686-pc-linux-gnu/bin/../lib/gcc/nios2-elf/4.1.2/mno-hw-mul/libgcc.a(_mul_df.o)
 .bss           0x0011579a        0x0 /opt/altera/13.0sp1/nios2eds/bin/gnu/H-i686-pc-linux-gnu/bin/../lib/gcc/nios2-elf/4.1.2/mno-hw-mul/libgcc.a(_gt_df.o)
 .bss           0x0011579a        0x0 /opt/altera/13.0sp1/nios2eds/bin/gnu/H-i686-pc-linux-gnu/bin/../lib/gcc/nios2-elf/4.1.2/mno-hw-mul/libgcc.a(_lt_df.o)
 .bss           0x0011579a        0x0 /opt/altera/13.0sp1/nios2eds/bin/gnu/H-i686-pc-linux-gnu/bin/../lib/gcc/nios2-elf/4.1.2/mno-hw-mul/libgcc.a(_make_df.o)
 .bss           0x0011579a        0x0 /opt/altera/13.0sp1/nios2eds/bin/gnu/H-i686-pc-linux-gnu/bin/../lib/gcc/nios2-elf/4.1.2/mno-hw-mul/libgcc.a(_df_to_sf.o)
 .bss           0x0011579a        0x0 /opt/altera/13.0sp1/nios2eds/bin/gnu/H-i686-pc-linux-gnu/bin/../lib/gcc/nios2-elf/4.1.2/mno-hw-mul/libgcc.a(_thenan_df.o)
 .bss           0x0011579a        0x0 /opt/altera/13.0sp1/nios2eds/bin/gnu/H-i686-pc-linux-gnu/bin/../lib/gcc/nios2-elf/4.1.2/mno-hw-mul/libgcc.a(_usi_to_df.o)
 .bss           0x0011579a        0x0 /opt/altera/13.0sp1/nios2eds/bin/gnu/H-i686-pc-linux-gnu/bin/../lib/gcc/nios2-elf/4.1.2/mno-hw-mul/libgcc.a(_muldi3.o)
 .bss           0x0011579a        0x0 /opt/altera/13.0sp1/nios2eds/bin/gnu/H-i686-pc-linux-gnu/bin/../lib/gcc/nios2-elf/4.1.2/mno-hw-mul/libgcc.a(_clzsi2.o)
 .bss           0x0011579a        0x0 /opt/altera/13.0sp1/nios2eds/bin/gnu/H-i686-pc-linux-gnu/bin/../lib/gcc/nios2-elf/4.1.2/mno-hw-mul/libgcc.a(_pack_sf.o)
 .bss           0x0011579a        0x0 /opt/altera/13.0sp1/nios2eds/bin/gnu/H-i686-pc-linux-gnu/bin/../lib/gcc/nios2-elf/4.1.2/mno-hw-mul/libgcc.a(_unpack_sf.o)
 .bss           0x0011579a        0x0 /opt/altera/13.0sp1/nios2eds/bin/gnu/H-i686-pc-linux-gnu/bin/../lib/gcc/nios2-elf/4.1.2/mno-hw-mul/libgcc.a(_make_sf.o)
 .bss           0x0011579a        0x0 /opt/altera/13.0sp1/nios2eds/bin/gnu/H-i686-pc-linux-gnu/bin/../lib/gcc/nios2-elf/4.1.2/mno-hw-mul/libgcc.a(_pack_df.o)
 .bss           0x0011579a        0x0 /opt/altera/13.0sp1/nios2eds/bin/gnu/H-i686-pc-linux-gnu/bin/../lib/gcc/nios2-elf/4.1.2/mno-hw-mul/libgcc.a(_unpack_df.o)
 .bss           0x0011579a        0x0 /opt/altera/13.0sp1/nios2eds/bin/gnu/H-i686-pc-linux-gnu/bin/../lib/gcc/nios2-elf/4.1.2/mno-hw-mul/libgcc.a(_fpcmp_parts_df.o)
 .bss           0x0011579a        0x0 /opt/altera/13.0sp1/nios2eds/bin/gnu/H-i686-pc-linux-gnu/bin/../lib/gcc/nios2-elf/4.1.2/mno-hw-mul/libgcc.a(lib2-mul.o)
 .bss           0x0011579a        0x0 /opt/altera/13.0sp1/nios2eds/bin/gnu/H-i686-pc-linux-gnu/bin/../lib/gcc/nios2-elf/4.1.2/mno-hw-mul/libgcc.a(_clz.o)
 .bss           0x0011579a        0x0 /opt/altera/13.0sp1/nios2eds/bin/gnu/H-i686-pc-linux-gnu/bin/../lib/gcc/nios2-elf/4.1.2/../../../../nios2-elf/lib/mno-hw-mul/libc.a(lib_a-printf.o)
 .bss           0x0011579a        0x0 /opt/altera/13.0sp1/nios2eds/bin/gnu/H-i686-pc-linux-gnu/bin/../lib/gcc/nios2-elf/4.1.2/../../../../nios2-elf/lib/mno-hw-mul/libc.a(lib_a-puts.o)
 .bss           0x0011579a        0x0 /opt/altera/13.0sp1/nios2eds/bin/gnu/H-i686-pc-linux-gnu/bin/../lib/gcc/nios2-elf/4.1.2/../../../../nios2-elf/lib/mno-hw-mul/libc.a(lib_a-strlen.o)
 .bss           0x0011579a        0x0 /opt/altera/13.0sp1/nios2eds/bin/gnu/H-i686-pc-linux-gnu/bin/../lib/gcc/nios2-elf/4.1.2/../../../../nios2-elf/lib/mno-hw-mul/libc.a(lib_a-vfprintf.o)
 .bss           0x0011579a        0x0 /opt/altera/13.0sp1/nios2eds/bin/gnu/H-i686-pc-linux-gnu/bin/../lib/gcc/nios2-elf/4.1.2/../../../../nios2-elf/lib/mno-hw-mul/libc.a(lib_a-wsetup.o)
 .bss           0x0011579a        0x0 /opt/altera/13.0sp1/nios2eds/bin/gnu/H-i686-pc-linux-gnu/bin/../lib/gcc/nios2-elf/4.1.2/../../../../nios2-elf/lib/mno-hw-mul/libc.a(lib_a-dtoa.o)
 .bss           0x0011579a        0x0 /opt/altera/13.0sp1/nios2eds/bin/gnu/H-i686-pc-linux-gnu/bin/../lib/gcc/nios2-elf/4.1.2/../../../../nios2-elf/lib/mno-hw-mul/libc.a(lib_a-fflush.o)
 .bss           0x0011579a        0x0 /opt/altera/13.0sp1/nios2eds/bin/gnu/H-i686-pc-linux-gnu/bin/../lib/gcc/nios2-elf/4.1.2/../../../../nios2-elf/lib/mno-hw-mul/libc.a(lib_a-findfp.o)
 .bss           0x0011579a        0x0 /opt/altera/13.0sp1/nios2eds/bin/gnu/H-i686-pc-linux-gnu/bin/../lib/gcc/nios2-elf/4.1.2/../../../../nios2-elf/lib/mno-hw-mul/libc.a(lib_a-freer.o)
 .bss           0x0011579a        0x0 /opt/altera/13.0sp1/nios2eds/bin/gnu/H-i686-pc-linux-gnu/bin/../lib/gcc/nios2-elf/4.1.2/../../../../nios2-elf/lib/mno-hw-mul/libc.a(lib_a-fvwrite.o)
 .bss           0x0011579a        0x0 /opt/altera/13.0sp1/nios2eds/bin/gnu/H-i686-pc-linux-gnu/bin/../lib/gcc/nios2-elf/4.1.2/../../../../nios2-elf/lib/mno-hw-mul/libc.a(lib_a-fwalk.o)
 .bss           0x0011579a        0x0 /opt/altera/13.0sp1/nios2eds/bin/gnu/H-i686-pc-linux-gnu/bin/../lib/gcc/nios2-elf/4.1.2/../../../../nios2-elf/lib/mno-hw-mul/libc.a(lib_a-impure.o)
 .bss           0x0011579a        0x0 /opt/altera/13.0sp1/nios2eds/bin/gnu/H-i686-pc-linux-gnu/bin/../lib/gcc/nios2-elf/4.1.2/../../../../nios2-elf/lib/mno-hw-mul/libc.a(lib_a-locale.o)
 .bss           0x0011579a        0x0 /opt/altera/13.0sp1/nios2eds/bin/gnu/H-i686-pc-linux-gnu/bin/../lib/gcc/nios2-elf/4.1.2/../../../../nios2-elf/lib/mno-hw-mul/libc.a(lib_a-makebuf.o)
 *fill*         0x0011579a        0x2 00
 .bss           0x0011579c       0x28 /opt/altera/13.0sp1/nios2eds/bin/gnu/H-i686-pc-linux-gnu/bin/../lib/gcc/nios2-elf/4.1.2/../../../../nios2-elf/lib/mno-hw-mul/libc.a(lib_a-mallocr.o)
                0x0011579c                __malloc_current_mallinfo
 .bss           0x001157c4        0x0 /opt/altera/13.0sp1/nios2eds/bin/gnu/H-i686-pc-linux-gnu/bin/../lib/gcc/nios2-elf/4.1.2/../../../../nios2-elf/lib/mno-hw-mul/libc.a(lib_a-memchr.o)
 .bss           0x001157c4        0x0 /opt/altera/13.0sp1/nios2eds/bin/gnu/H-i686-pc-linux-gnu/bin/../lib/gcc/nios2-elf/4.1.2/../../../../nios2-elf/lib/mno-hw-mul/libc.a(lib_a-memcpy.o)
 .bss           0x001157c4        0x0 /opt/altera/13.0sp1/nios2eds/bin/gnu/H-i686-pc-linux-gnu/bin/../lib/gcc/nios2-elf/4.1.2/../../../../nios2-elf/lib/mno-hw-mul/libc.a(lib_a-memmove.o)
 .bss           0x001157c4        0x0 /opt/altera/13.0sp1/nios2eds/bin/gnu/H-i686-pc-linux-gnu/bin/../lib/gcc/nios2-elf/4.1.2/../../../../nios2-elf/lib/mno-hw-mul/libc.a(lib_a-memset.o)
 .bss           0x001157c4        0x0 /opt/altera/13.0sp1/nios2eds/bin/gnu/H-i686-pc-linux-gnu/bin/../lib/gcc/nios2-elf/4.1.2/../../../../nios2-elf/lib/mno-hw-mul/libc.a(lib_a-mprec.o)
 .bss           0x001157c4        0x0 /opt/altera/13.0sp1/nios2eds/bin/gnu/H-i686-pc-linux-gnu/bin/../lib/gcc/nios2-elf/4.1.2/../../../../nios2-elf/lib/mno-hw-mul/libc.a(lib_a-reallocr.o)
 .bss           0x001157c4        0x0 /opt/altera/13.0sp1/nios2eds/bin/gnu/H-i686-pc-linux-gnu/bin/../lib/gcc/nios2-elf/4.1.2/../../../../nios2-elf/lib/mno-hw-mul/libc.a(lib_a-s_isinfd.o)
 .bss           0x001157c4        0x0 /opt/altera/13.0sp1/nios2eds/bin/gnu/H-i686-pc-linux-gnu/bin/../lib/gcc/nios2-elf/4.1.2/../../../../nios2-elf/lib/mno-hw-mul/libc.a(lib_a-s_isnand.o)
 .bss           0x001157c4        0x0 /opt/altera/13.0sp1/nios2eds/bin/gnu/H-i686-pc-linux-gnu/bin/../lib/gcc/nios2-elf/4.1.2/../../../../nios2-elf/lib/mno-hw-mul/libc.a(lib_a-sbrkr.o)
 .bss           0x001157c4        0x0 /opt/altera/13.0sp1/nios2eds/bin/gnu/H-i686-pc-linux-gnu/bin/../lib/gcc/nios2-elf/4.1.2/../../../../nios2-elf/lib/mno-hw-mul/libc.a(lib_a-stdio.o)
 .bss           0x001157c4        0x0 /opt/altera/13.0sp1/nios2eds/bin/gnu/H-i686-pc-linux-gnu/bin/../lib/gcc/nios2-elf/4.1.2/../../../../nios2-elf/lib/mno-hw-mul/libc.a(lib_a-strcmp.o)
 .bss           0x001157c4        0x0 /opt/altera/13.0sp1/nios2eds/bin/gnu/H-i686-pc-linux-gnu/bin/../lib/gcc/nios2-elf/4.1.2/../../../../nios2-elf/lib/mno-hw-mul/libc.a(lib_a-writer.o)
 .bss           0x001157c4        0x0 /opt/altera/13.0sp1/nios2eds/bin/gnu/H-i686-pc-linux-gnu/bin/../lib/gcc/nios2-elf/4.1.2/../../../../nios2-elf/lib/mno-hw-mul/libc.a(lib_a-callocr.o)
 .bss           0x001157c4        0x0 /opt/altera/13.0sp1/nios2eds/bin/gnu/H-i686-pc-linux-gnu/bin/../lib/gcc/nios2-elf/4.1.2/../../../../nios2-elf/lib/mno-hw-mul/libc.a(lib_a-closer.o)
 .bss           0x001157c4        0x0 /opt/altera/13.0sp1/nios2eds/bin/gnu/H-i686-pc-linux-gnu/bin/../lib/gcc/nios2-elf/4.1.2/../../../../nios2-elf/lib/mno-hw-mul/libc.a(lib_a-fclose.o)
 .bss           0x001157c4        0x0 /opt/altera/13.0sp1/nios2eds/bin/gnu/H-i686-pc-linux-gnu/bin/../lib/gcc/nios2-elf/4.1.2/../../../../nios2-elf/lib/mno-hw-mul/libc.a(lib_a-fstatr.o)
 .bss           0x001157c4        0x0 /opt/altera/13.0sp1/nios2eds/bin/gnu/H-i686-pc-linux-gnu/bin/../lib/gcc/nios2-elf/4.1.2/../../../../nios2-elf/lib/mno-hw-mul/libc.a(lib_a-int_errno.o)
 .bss           0x001157c4        0x0 /opt/altera/13.0sp1/nios2eds/bin/gnu/H-i686-pc-linux-gnu/bin/../lib/gcc/nios2-elf/4.1.2/../../../../nios2-elf/lib/mno-hw-mul/libc.a(lib_a-isattyr.o)
 .bss           0x001157c4        0x0 /opt/altera/13.0sp1/nios2eds/bin/gnu/H-i686-pc-linux-gnu/bin/../lib/gcc/nios2-elf/4.1.2/../../../../nios2-elf/lib/mno-hw-mul/libc.a(lib_a-lseekr.o)
 .bss           0x001157c4        0x0 /opt/altera/13.0sp1/nios2eds/bin/gnu/H-i686-pc-linux-gnu/bin/../lib/gcc/nios2-elf/4.1.2/../../../../nios2-elf/lib/mno-hw-mul/libc.a(lib_a-readr.o)
 .bss           0x001157c4        0x0 /opt/altera/13.0sp1/nios2eds/bin/gnu/H-i686-pc-linux-gnu/bin/../lib/gcc/nios2-elf/4.1.2/mno-hw-mul/libgcc.a(_udivdi3.o)
 .bss           0x001157c4        0x0 /opt/altera/13.0sp1/nios2eds/bin/gnu/H-i686-pc-linux-gnu/bin/../lib/gcc/nios2-elf/4.1.2/mno-hw-mul/libgcc.a(_umoddi3.o)
 .bss           0x001157c4        0x0 /opt/altera/13.0sp1/nios2eds/bin/gnu/H-i686-pc-linux-gnu/bin/../lib/gcc/nios2-elf/4.1.2/mno-hw-mul/libgcc.a(_div_df.o)
 .bss           0x001157c4        0x0 /opt/altera/13.0sp1/nios2eds/bin/gnu/H-i686-pc-linux-gnu/bin/../lib/gcc/nios2-elf/4.1.2/mno-hw-mul/libgcc.a(_eq_df.o)
 .bss           0x001157c4        0x0 /opt/altera/13.0sp1/nios2eds/bin/gnu/H-i686-pc-linux-gnu/bin/../lib/gcc/nios2-elf/4.1.2/mno-hw-mul/libgcc.a(_ne_df.o)
 .bss           0x001157c4        0x0 /opt/altera/13.0sp1/nios2eds/bin/gnu/H-i686-pc-linux-gnu/bin/../lib/gcc/nios2-elf/4.1.2/mno-hw-mul/libgcc.a(_ge_df.o)
 .bss           0x001157c4        0x0 /opt/altera/13.0sp1/nios2eds/bin/gnu/H-i686-pc-linux-gnu/bin/../lib/gcc/nios2-elf/4.1.2/mno-hw-mul/libgcc.a(_si_to_df.o)
 .bss           0x001157c4        0x0 /opt/altera/13.0sp1/nios2eds/bin/gnu/H-i686-pc-linux-gnu/bin/../lib/gcc/nios2-elf/4.1.2/mno-hw-mul/libgcc.a(_df_to_si.o)
 .bss           0x001157c4        0x0 /opt/altera/13.0sp1/nios2eds/bin/gnu/H-i686-pc-linux-gnu/bin/../lib/gcc/nios2-elf/4.1.2/mno-hw-mul/libgcc.a(lib2-divmod.o)
 .bss           0x001157c4        0x0 ../bsp//libucosii_bsp.a(alt_close.o)
 .bss           0x001157c4        0x0 ../bsp//libucosii_bsp.a(alt_dev.o)
 .bss           0x001157c4        0x0 ../bsp//libucosii_bsp.a(alt_errno.o)
 .bss           0x001157c4        0x0 ../bsp//libucosii_bsp.a(alt_fstat.o)
 .bss           0x001157c4        0x0 ../bsp//libucosii_bsp.a(alt_isatty.o)
 .bss           0x001157c4        0x0 ../bsp//libucosii_bsp.a(alt_load.o)
 .bss           0x001157c4        0x0 ../bsp//libucosii_bsp.a(alt_lseek.o)
 .bss           0x001157c4        0x0 ../bsp//libucosii_bsp.a(alt_main.o)
 .bss           0x001157c4        0x0 ../bsp//libucosii_bsp.a(alt_read.o)
 .bss           0x001157c4        0x0 ../bsp//libucosii_bsp.a(alt_release_fd.o)
 .bss           0x001157c4        0x0 ../bsp//libucosii_bsp.a(alt_sbrk.o)
 .bss           0x001157c4        0x0 ../bsp//libucosii_bsp.a(alt_write.o)
 .bss           0x001157c4        0x0 ../bsp//libucosii_bsp.a(alt_env_lock.o)
 .bss           0x001157c4        0x0 ../bsp//libucosii_bsp.a(alt_malloc_lock.o)
 .bss           0x001157c4        0x0 ../bsp//libucosii_bsp.a(os_core.o)
 .bss           0x001157c4        0x0 ../bsp//libucosii_bsp.a(os_dbg.o)
 .bss           0x001157c4        0x0 ../bsp//libucosii_bsp.a(os_flag.o)
 .bss           0x001157c4        0x0 ../bsp//libucosii_bsp.a(os_mem.o)
 .bss           0x001157c4        0x0 ../bsp//libucosii_bsp.a(os_q.o)
 .bss           0x001157c4        0x0 ../bsp//libucosii_bsp.a(os_sem.o)
 .bss           0x001157c4        0x0 ../bsp//libucosii_bsp.a(os_task.o)
 .bss           0x001157c4        0x0 ../bsp//libucosii_bsp.a(os_time.o)
 .bss           0x001157c4        0x0 ../bsp//libucosii_bsp.a(os_tmr.o)
 .bss           0x001157c4        0x0 ../bsp//libucosii_bsp.a(alt_sys_init.o)
 .bss           0x001157c4        0x0 ../bsp//libucosii_bsp.a(altera_avalon_jtag_uart_fd.o)
 .bss           0x001157c4        0x0 ../bsp//libucosii_bsp.a(altera_avalon_jtag_uart_init.o)
 .bss           0x001157c4        0x0 ../bsp//libucosii_bsp.a(altera_avalon_jtag_uart_ioctl.o)
 .bss           0x001157c4        0x0 ../bsp//libucosii_bsp.a(altera_avalon_jtag_uart_read.o)
 .bss           0x001157c4        0x0 ../bsp//libucosii_bsp.a(altera_avalon_jtag_uart_write.o)
 .bss           0x001157c4        0x0 ../bsp//libucosii_bsp.a(altera_avalon_performance_counter.o)
 .bss           0x001157c4        0x0 ../bsp//libucosii_bsp.a(altera_avalon_timer_sc.o)
 .bss           0x001157c4        0x0 ../bsp//libucosii_bsp.a(altera_up_avalon_character_lcd.o)
 .bss           0x001157c4        0x0 ../bsp//libucosii_bsp.a(alt_alarm_start.o)
 .bss           0x001157c4        0x0 ../bsp//libucosii_bsp.a(alt_dcache_flush_all.o)
 .bss           0x001157c4        0x0 ../bsp//libucosii_bsp.a(alt_dev_llist_insert.o)
 .bss           0x001157c4        0x0 ../bsp//libucosii_bsp.a(alt_do_ctors.o)
 .bss           0x001157c4        0x0 ../bsp//libucosii_bsp.a(alt_do_dtors.o)
 .bss           0x001157c4        0x0 ../bsp//libucosii_bsp.a(alt_find_dev.o)
 .bss           0x001157c4        0x0 ../bsp//libucosii_bsp.a(alt_icache_flush_all.o)
 .bss           0x001157c4        0x0 ../bsp//libucosii_bsp.a(alt_iic.o)
 .bss           0x001157c4        0x0 ../bsp//libucosii_bsp.a(alt_iic_isr_register.o)
 .bss           0x001157c4        0x0 ../bsp//libucosii_bsp.a(alt_io_redirect.o)
 .bss           0x001157c4        0x0 ../bsp//libucosii_bsp.a(alt_irq_entry.o)
 .bss           0x001157c4        0x0 ../bsp//libucosii_bsp.a(alt_irq_handler.o)
 .bss           0x001157c4        0x0 ../bsp//libucosii_bsp.a(alt_irq_vars.o)
 .bss           0x001157c4        0x0 ../bsp//libucosii_bsp.a(alt_open.o)
 .bss           0x001157c4        0x0 ../bsp//libucosii_bsp.a(alt_tick.o)
 .bss           0x001157c4        0x0 ../bsp//libucosii_bsp.a(altera_nios2_qsys_irq.o)
 .bss           0x001157c4        0x0 ../bsp//libucosii_bsp.a(os_cpu_a.o)
 .bss           0x001157c4        0x0 ../bsp//libucosii_bsp.a(os_cpu_c.o)
 .bss           0x001157c4        0x0 ../bsp//libucosii_bsp.a(alt_exception_entry.o)
 .bss           0x001157c4        0x0 ../bsp//libucosii_bsp.a(alt_find_file.o)
 .bss           0x001157c4        0x0 ../bsp//libucosii_bsp.a(alt_get_fd.o)
 .bss           0x001157c4        0x0 /opt/altera/13.0sp1/nios2eds/bin/gnu/H-i686-pc-linux-gnu/bin/../lib/gcc/nios2-elf/4.1.2/../../../../nios2-elf/lib/mno-hw-mul/libc.a(lib_a-atexit.o)
 .bss           0x001157c4        0x0 /opt/altera/13.0sp1/nios2eds/bin/gnu/H-i686-pc-linux-gnu/bin/../lib/gcc/nios2-elf/4.1.2/../../../../nios2-elf/lib/mno-hw-mul/libc.a(lib_a-exit.o)
 .bss           0x001157c4        0x0 /opt/altera/13.0sp1/nios2eds/bin/gnu/H-i686-pc-linux-gnu/bin/../lib/gcc/nios2-elf/4.1.2/../../../../nios2-elf/lib/mno-hw-mul/libc.a(lib_a-memcmp.o)
 .bss           0x001157c4        0x0 /opt/altera/13.0sp1/nios2eds/bin/gnu/H-i686-pc-linux-gnu/bin/../lib/gcc/nios2-elf/4.1.2/../../../../nios2-elf/lib/mno-hw-mul/libc.a(lib_a-__atexit.o)
 .bss           0x001157c4        0x0 /opt/altera/13.0sp1/nios2eds/bin/gnu/H-i686-pc-linux-gnu/bin/../lib/gcc/nios2-elf/4.1.2/../../../../nios2-elf/lib/mno-hw-mul/libc.a(lib_a-__call_atexit.o)
 .bss           0x001157c4        0x0 /opt/altera/13.0sp1/nios2eds/bin/gnu/H-i686-pc-linux-gnu/bin/../lib/gcc/nios2-elf/4.1.2/mno-hw-mul/libgcc.a(_fixunsdfsi.o)
 .bss           0x001157c4        0x0 ../bsp//libucosii_bsp.a(alt_exit.o)
 *(COMMON)
 COMMON         0x001157c4     0x6000 obj/default/ContextSwitch.o
                0x001157c4                task1_stk
                0x001177c4                stat_stk
                0x001197c4                task2_stk
 COMMON         0x0011b7c4     0x3d74 ../bsp//libucosii_bsp.a(os_core.o)
                0x0011b7c4                OSTmrWheelTbl
                0x0011b7d4                OSFlagTbl
                0x0011bb44                OSTmrTbl
                0x0011be84                OSMemTbl
                0x0011cab4                OSTaskStatStk
                0x0011d2b4                OSQTbl
                0x0011d494                OSTmrTaskStk
                0x0011dc94                OSTaskIdleStk
                0x0011e494                OSEventTbl
                0x0011efd4                OSTCBTbl
                0x0011f4e4                OSTCBPrioTbl
 COMMON         0x0011f538      0x100 ../bsp//libucosii_bsp.a(alt_irq_handler.o)
                0x0011f538                alt_irq
 COMMON         0x0011f638      0x190 /opt/altera/13.0sp1/nios2eds/bin/gnu/H-i686-pc-linux-gnu/bin/../lib/gcc/nios2-elf/4.1.2/../../../../nios2-elf/lib/mno-hw-mul/libc.a(lib_a-atexit.o)
                0x0011f638                _atexit0
                0x0011f7c8                . = ALIGN (0x4)
                0x0011f7c8                __bss_end = ABSOLUTE (.)

.onchip_memory  0x00000000        0x0 load address 0x0011f7c8
                0x00000000                PROVIDE (_alt_partition_onchip_memory_start, ABSOLUTE (.))
 *(.onchip_memory. onchip_memory.*)
                0x00000000                . = ALIGN (0x4)
                0x00000000                PROVIDE (_alt_partition_onchip_memory_end, ABSOLUTE (.))
                0x0011f7c8                PROVIDE (_alt_partition_onchip_memory_load_addr, LOADADDR (.onchip_memory))

.sram           0x0011f7c8        0x0
                0x0011f7c8                PROVIDE (_alt_partition_sram_start, ABSOLUTE (.))
 *(.sram. sram.*)
                0x0011f7c8                . = ALIGN (0x4)
                0x0011f7c8                PROVIDE (_alt_partition_sram_end, ABSOLUTE (.))
                0x0011f7c8                _end = ABSOLUTE (.)
                0x0011f7c8                end = ABSOLUTE (.)
                0x0011f7c8                __alt_stack_base = ABSOLUTE (.)
                0x0011f7c8                PROVIDE (_alt_partition_sram_load_addr, LOADADDR (.sram))

.sdram          0x01000144        0x0 load address 0x0011f7c8
                0x01000144                PROVIDE (_alt_partition_sdram_start, ABSOLUTE (.))
 *(.sdram. sdram.*)
                0x01000144                . = ALIGN (0x4)
                0x01000144                PROVIDE (_alt_partition_sdram_end, ABSOLUTE (.))
                0x0011f7c8                PROVIDE (_alt_partition_sdram_load_addr, LOADADDR (.sdram))

.stab
 *(.stab)

.stabstr
 *(.stabstr)

.stab.excl
 *(.stab.excl)

.stab.exclstr
 *(.stab.exclstr)

.stab.index
 *(.stab.index)

.stab.indexstr
 *(.stab.indexstr)

.comment        0x00000000       0x26
 *(.comment)
 .comment       0x00000000       0x26 obj/default/ContextSwitch.o
                                 0x27 (size before relaxing)
 .comment       0x00000000       0x27 /opt/altera/13.0sp1/nios2eds/bin/gnu/H-i686-pc-linux-gnu/bin/../lib/gcc/nios2-elf/4.1.2/mno-hw-mul/libgcc.a(_floatundisf.o)
 .comment       0x00000000       0x27 /opt/altera/13.0sp1/nios2eds/bin/gnu/H-i686-pc-linux-gnu/bin/../lib/gcc/nios2-elf/4.1.2/mno-hw-mul/libgcc.a(_addsub_sf.o)
 .comment       0x00000000       0x27 /opt/altera/13.0sp1/nios2eds/bin/gnu/H-i686-pc-linux-gnu/bin/../lib/gcc/nios2-elf/4.1.2/mno-hw-mul/libgcc.a(_mul_sf.o)
 .comment       0x00000000       0x27 /opt/altera/13.0sp1/nios2eds/bin/gnu/H-i686-pc-linux-gnu/bin/../lib/gcc/nios2-elf/4.1.2/mno-hw-mul/libgcc.a(_div_sf.o)
 .comment       0x00000000       0x27 /opt/altera/13.0sp1/nios2eds/bin/gnu/H-i686-pc-linux-gnu/bin/../lib/gcc/nios2-elf/4.1.2/mno-hw-mul/libgcc.a(_sf_to_df.o)
 .comment       0x00000000       0x27 /opt/altera/13.0sp1/nios2eds/bin/gnu/H-i686-pc-linux-gnu/bin/../lib/gcc/nios2-elf/4.1.2/mno-hw-mul/libgcc.a(_thenan_sf.o)
 .comment       0x00000000       0x27 /opt/altera/13.0sp1/nios2eds/bin/gnu/H-i686-pc-linux-gnu/bin/../lib/gcc/nios2-elf/4.1.2/mno-hw-mul/libgcc.a(_usi_to_sf.o)
 .comment       0x00000000       0x27 /opt/altera/13.0sp1/nios2eds/bin/gnu/H-i686-pc-linux-gnu/bin/../lib/gcc/nios2-elf/4.1.2/mno-hw-mul/libgcc.a(_addsub_df.o)