Archive member included because of file (symbol)

/opt/altera/13.0sp1/nios2eds/bin/gnu/H-i686-pc-linux-gnu/bin/../lib/gcc/nios2-elf/4.1.2/mno-hw-mul/libgcc.a(_addsub_df.o)
                              obj/default/SoftTimer.o (__adddf3)
/opt/altera/13.0sp1/nios2eds/bin/gnu/H-i686-pc-linux-gnu/bin/../lib/gcc/nios2-elf/4.1.2/mno-hw-mul/libgcc.a(_div_df.o)
                              obj/default/SoftTimer.o (__divdf3)
/opt/altera/13.0sp1/nios2eds/bin/gnu/H-i686-pc-linux-gnu/bin/../lib/gcc/nios2-elf/4.1.2/mno-hw-mul/libgcc.a(_si_to_df.o)
                              obj/default/SoftTimer.o (__floatsidf)
/opt/altera/13.0sp1/nios2eds/bin/gnu/H-i686-pc-linux-gnu/bin/../lib/gcc/nios2-elf/4.1.2/mno-hw-mul/libgcc.a(_df_to_si.o)
                              obj/default/SoftTimer.o (__fixdfsi)
/opt/altera/13.0sp1/nios2eds/bin/gnu/H-i686-pc-linux-gnu/bin/../lib/gcc/nios2-elf/4.1.2/mno-hw-mul/libgcc.a(_thenan_df.o)
                              /opt/altera/13.0sp1/nios2eds/bin/gnu/H-i686-pc-linux-gnu/bin/../lib/gcc/nios2-elf/4.1.2/mno-hw-mul/libgcc.a(_addsub_df.o) (__thenan_df)
/opt/altera/13.0sp1/nios2eds/bin/gnu/H-i686-pc-linux-gnu/bin/../lib/gcc/nios2-elf/4.1.2/mno-hw-mul/libgcc.a(lib2-divmod.o)
                              obj/default/SoftTimer.o (__divsi3)
/opt/altera/13.0sp1/nios2eds/bin/gnu/H-i686-pc-linux-gnu/bin/../lib/gcc/nios2-elf/4.1.2/mno-hw-mul/libgcc.a(lib2-mul.o)
                              obj/default/SoftTimer.o (__mulsi3)
/opt/altera/13.0sp1/nios2eds/bin/gnu/H-i686-pc-linux-gnu/bin/../lib/gcc/nios2-elf/4.1.2/mno-hw-mul/libgcc.a(_clzsi2.o)
                              /opt/altera/13.0sp1/nios2eds/bin/gnu/H-i686-pc-linux-gnu/bin/../lib/gcc/nios2-elf/4.1.2/mno-hw-mul/libgcc.a(_si_to_df.o) (__clzsi2)
/opt/altera/13.0sp1/nios2eds/bin/gnu/H-i686-pc-linux-gnu/bin/../lib/gcc/nios2-elf/4.1.2/mno-hw-mul/libgcc.a(_pack_df.o)
                              /opt/altera/13.0sp1/nios2eds/bin/gnu/H-i686-pc-linux-gnu/bin/../lib/gcc/nios2-elf/4.1.2/mno-hw-mul/libgcc.a(_addsub_df.o) (__pack_d)
/opt/altera/13.0sp1/nios2eds/bin/gnu/H-i686-pc-linux-gnu/bin/../lib/gcc/nios2-elf/4.1.2/mno-hw-mul/libgcc.a(_unpack_df.o)
                              /opt/altera/13.0sp1/nios2eds/bin/gnu/H-i686-pc-linux-gnu/bin/../lib/gcc/nios2-elf/4.1.2/mno-hw-mul/libgcc.a(_addsub_df.o) (__unpack_d)
/opt/altera/13.0sp1/nios2eds/bin/gnu/H-i686-pc-linux-gnu/bin/../lib/gcc/nios2-elf/4.1.2/mno-hw-mul/libgcc.a(_clz.o)
                              /opt/altera/13.0sp1/nios2eds/bin/gnu/H-i686-pc-linux-gnu/bin/../lib/gcc/nios2-elf/4.1.2/mno-hw-mul/libgcc.a(_clzsi2.o) (__clz_tab)
/opt/altera/13.0sp1/nios2eds/bin/gnu/H-i686-pc-linux-gnu/bin/../lib/gcc/nios2-elf/4.1.2/../../../../nios2-elf/lib/mno-hw-mul/libc.a(lib_a-printf.o)
                              obj/default/SoftTimer.o (printf)
/opt/altera/13.0sp1/nios2eds/bin/gnu/H-i686-pc-linux-gnu/bin/../lib/gcc/nios2-elf/4.1.2/../../../../nios2-elf/lib/mno-hw-mul/libc.a(lib_a-puts.o)
                              obj/default/SoftTimer.o (puts)
/opt/altera/13.0sp1/nios2eds/bin/gnu/H-i686-pc-linux-gnu/bin/../lib/gcc/nios2-elf/4.1.2/../../../../nios2-elf/lib/mno-hw-mul/libc.a(lib_a-strlen.o)
                              /opt/altera/13.0sp1/nios2eds/bin/gnu/H-i686-pc-linux-gnu/bin/../lib/gcc/nios2-elf/4.1.2/../../../../nios2-elf/lib/mno-hw-mul/libc.a(lib_a-puts.o) (strlen)
/opt/altera/13.0sp1/nios2eds/bin/gnu/H-i686-pc-linux-gnu/bin/../lib/gcc/nios2-elf/4.1.2/../../../../nios2-elf/lib/mno-hw-mul/libc.a(lib_a-vfprintf.o)
                              /opt/altera/13.0sp1/nios2eds/bin/gnu/H-i686-pc-linux-gnu/bin/../lib/gcc/nios2-elf/4.1.2/../../../../nios2-elf/lib/mno-hw-mul/libc.a(lib_a-printf.o) (___vfprintf_internal_r)
/opt/altera/13.0sp1/nios2eds/bin/gnu/H-i686-pc-linux-gnu/bin/../lib/gcc/nios2-elf/4.1.2/../../../../nios2-elf/lib/mno-hw-mul/libc.a(lib_a-wsetup.o)
                              /opt/altera/13.0sp1/nios2eds/bin/gnu/H-i686-pc-linux-gnu/bin/../lib/gcc/nios2-elf/4.1.2/../../../../nios2-elf/lib/mno-hw-mul/libc.a(lib_a-vfprintf.o) (__swsetup_r)
/opt/altera/13.0sp1/nios2eds/bin/gnu/H-i686-pc-linux-gnu/bin/../lib/gcc/nios2-elf/4.1.2/../../../../nios2-elf/lib/mno-hw-mul/libc.a(lib_a-dtoa.o)
                              /opt/altera/13.0sp1/nios2eds/bin/gnu/H-i686-pc-linux-gnu/bin/../lib/gcc/nios2-elf/4.1.2/../../../../nios2-elf/lib/mno-hw-mul/libc.a(lib_a-vfprintf.o) (_dtoa_r)
/opt/altera/13.0sp1/nios2eds/bin/gnu/H-i686-pc-linux-gnu/bin/../lib/gcc/nios2-elf/4.1.2/../../../../nios2-elf/lib/mno-hw-mul/libc.a(lib_a-fflush.o)
                              /opt/altera/13.0sp1/nios2eds/bin/gnu/H-i686-pc-linux-gnu/bin/../lib/gcc/nios2-elf/4.1.2/../../../../nios2-elf/lib/mno-hw-mul/libc.a(lib_a-vfprintf.o) (_fflush_r)
/opt/altera/13.0sp1/nios2eds/bin/gnu/H-i686-pc-linux-gnu/bin/../lib/gcc/nios2-elf/4.1.2/../../../../nios2-elf/lib/mno-hw-mul/libc.a(lib_a-findfp.o)
[...]
Memory Configuration

Name             Origin             Length             Attributes
onchip_memory    0x00000000         0x00006400
sram             0x00100000         0x00080000
reset            0x01000000         0x00000020
sdram            0x01000020         0x007fffe0
*default*        0x00000000         0xffffffff

Linker script and memory map

LOAD ../bsp//obj/HAL/src/crt0.o
LOAD obj/default/SoftTimer.o
LOAD /opt/altera/13.0sp1/nios2eds/bin/gnu/H-i686-pc-linux-gnu/bin/../lib/gcc/nios2-elf/4.1.2/../../../../nios2-elf/lib/mno-hw-mul/libstdc++.a
LOAD /opt/altera/13.0sp1/nios2eds/bin/gnu/H-i686-pc-linux-gnu/bin/../lib/gcc/nios2-elf/4.1.2/../../../../nios2-elf/lib/mno-hw-mul/libm.a
LOAD /opt/altera/13.0sp1/nios2eds/bin/gnu/H-i686-pc-linux-gnu/bin/../lib/gcc/nios2-elf/4.1.2/mno-hw-mul/libgcc.a
START GROUP
LOAD /opt/altera/13.0sp1/nios2eds/bin/gnu/H-i686-pc-linux-gnu/bin/../lib/gcc/nios2-elf/4.1.2/../../../../nios2-elf/lib/mno-hw-mul/libc.a
LOAD /opt/altera/13.0sp1/nios2eds/bin/gnu/H-i686-pc-linux-gnu/bin/../lib/gcc/nios2-elf/4.1.2/mno-hw-mul/libgcc.a
LOAD ../bsp//libucosii_bsp.a
END GROUP
LOAD /opt/altera/13.0sp1/nios2eds/bin/gnu/H-i686-pc-linux-gnu/bin/../lib/gcc/nios2-elf/4.1.2/mno-hw-mul/libgcc.a
                0x00000000                __alt_mem_onchip_memory = 0x0
                0x00100000                __alt_mem_sram = 0x100000
                0x01000000                __alt_mem_sdram = 0x1000000

.entry          0x01000000       0x20
 *(.entry)
 .entry         0x01000000       0x20 ../bsp//obj/HAL/src/crt0.o
                0x01000000                __reset

.exceptions     0x01000020      0x124 load address 0x00100000
                0x01000020                PROVIDE (__ram_exceptions_start, ABSOLUTE (.))
                0x01000020                . = ALIGN (0x20)
 *(.irq)
 *(.exceptions.entry.label)
 .exceptions.entry.label
                0x01000020        0x0 ../bsp//libucosii_bsp.a(alt_irq_entry.o)
                0x01000020                alt_irq_entry
 .exceptions.entry.label
                0x01000020        0x0 ../bsp//libucosii_bsp.a(alt_exception_entry.o)
                0x01000020                alt_exception
 *(.exceptions.entry.user)
 *(.exceptions.entry)
 .exceptions.entry
                0x01000020       0x54 ../bsp//libucosii_bsp.a(alt_exception_entry.o)
 *(.exceptions.irqtest.user)
 *(.exceptions.irqtest)
 .exceptions.irqtest
                0x01000074       0x10 ../bsp//libucosii_bsp.a(alt_irq_entry.o)
 *(.exceptions.irqhandler.user)
 *(.exceptions.irqhandler)
 .exceptions.irqhandler
                0x01000084        0x4 ../bsp//libucosii_bsp.a(alt_irq_entry.o)
 *(.exceptions.irqreturn.user)
 *(.exceptions.irqreturn)
 .exceptions.irqreturn
                0x01000088        0x4 ../bsp//libucosii_bsp.a(alt_irq_entry.o)
 *(.exceptions.notirq.label)
 .exceptions.notirq.label
                0x0100008c        0x0 ../bsp//libucosii_bsp.a(alt_irq_entry.o)
 *(.exceptions.notirq.user)
 *(.exceptions.notirq)
 .exceptions.notirq
                0x0100008c        0x8 ../bsp//libucosii_bsp.a(alt_exception_entry.o)
 *(.exceptions.soft.user)
 *(.exceptions.soft)
 *(.exceptions.unknown.user)
 *(.exceptions.unknown)
 .exceptions.unknown
                0x01000094        0x4 ../bsp//libucosii_bsp.a(alt_exception_entry.o)
 *(.exceptions.exit.label)
 .exceptions.exit.label
                0x01000098        0x0 ../bsp//libucosii_bsp.a(alt_irq_entry.o)
 .exceptions.exit.label
                0x01000098        0x0 ../bsp//libucosii_bsp.a(alt_exception_entry.o)
 *(.exceptions.exit.user)
 *(.exceptions.exit)
 .exceptions.exit
                0x01000098       0x54 ../bsp//libucosii_bsp.a(alt_exception_entry.o)
 *(.exceptions)
 .exceptions    0x010000ec       0x58 ../bsp//libucosii_bsp.a(alt_irq_handler.o)
                0x010000ec                alt_irq_handler
                0x01000144                PROVIDE (__ram_exceptions_end, ABSOLUTE (.))
                0x00100000                PROVIDE (__flash_exceptions_start, LOADADDR (.exceptions))

.text           0x00100124    0x11a6c
                0x00100124                PROVIDE (stext, ABSOLUTE (.))
 *(.interp)
 *(.hash)
 *(.dynsym)
 *(.dynstr)
 *(.gnu.version)
 *(.gnu.version_d)
 *(.gnu.version_r)
 *(.rel.init)
 *(.rela.init)
 *(.rel.text .rel.text.* .rel.gnu.linkonce.t.*)
 *(.rela.text .rela.text.* .rela.gnu.linkonce.t.*)
 *(.rel.fini)
 *(.rela.fini)
 *(.rel.rodata .rel.rodata.* .rel.gnu.linkonce.r.*)
 *(.rela.rodata .rela.rodata.* .rela.gnu.linkonce.r.*)
 *(.rel.data .rel.data.* .rel.gnu.linkonce.d.*)
 *(.rela.data .rela.data.* .rela.gnu.linkonce.d.*)
 *(.rel.tdata .rel.tdata.* .rel.gnu.linkonce.td.*)
 *(.rela.tdata .rela.tdata.* .rela.gnu.linkonce.td.*)
 *(.rel.tbss .rel.tbss.* .rel.gnu.linkonce.tb.*)
 *(.rela.tbss .rela.tbss.* .rela.gnu.linkonce.tb.*)
 *(.rel.ctors)
 *(.rela.ctors)
 *(.rel.dtors)
 *(.rela.dtors)
 *(.rel.got)
 *(.rela.got)
 *(.rel.sdata .rel.sdata.* .rel.gnu.linkonce.s.*)
 *(.rela.sdata .rela.sdata.* .rela.gnu.linkonce.s.*)
 *(.rel.sbss .rel.sbss.* .rel.gnu.linkonce.sb.*)
 *(.rela.sbss .rela.sbss.* .rela.gnu.linkonce.sb.*)
 *(.rel.sdata2 .rel.sdata2.* .rel.gnu.linkonce.s2.*)
 *(.rela.sdata2 .rela.sdata2.* .rela.gnu.linkonce.s2.*)
 *(.rel.sbss2 .rel.sbss2.* .rel.gnu.linkonce.sb2.*)
 *(.rela.sbss2 .rela.sbss2.* .rela.gnu.linkonce.sb2.*)
 *(.rel.bss .rel.bss.* .rel.gnu.linkonce.b.*)
 *(.rela.bss .rela.bss.* .rela.gnu.linkonce.b.*)
 *(.rel.plt)
 *(.rela.plt)
 *(.rel.dyn)
 *(.init)
 *(.plt)
 *(.text .stub .text.* .gnu.linkonce.t.*)
 .text          0x00100124       0x3c ../bsp//obj/HAL/src/crt0.o
                0x00100124                _start
 .text          0x00100160      0x95c obj/default/SoftTimer.o
                0x00100160                VehicleCallback
                0x001001a0                ControlCallback
                0x001001e0                buttons_pressed
                0x00100208                switches_pressed
                0x0010022c                alarm_handler
                0x0010025c                int2seven
                0x00100298                show_velocity_on_sevenseg
                0x00100388                show_target_velocity
                0x001003a8                show_position
                0x001003c8                VehicleTask
                0x0010074c                ControlTask
                0x001007cc                StartTask
                0x00100a40                main
 .text          0x00100abc      0x504 /opt/altera/13.0sp1/nios2eds/bin/gnu/H-i686-pc-linux-gnu/bin/../lib/gcc/nios2-elf/4.1.2/mno-hw-mul/libgcc.a(_addsub_df.o)
                0x00100ecc                __subdf3
                0x00100f4c                __adddf3
 .text          0x00100fc0      0x258 /opt/altera/13.0sp1/nios2eds/bin/gnu/H-i686-pc-linux-gnu/bin/../lib/gcc/nios2-elf/4.1.2/mno-hw-mul/libgcc.a(_div_df.o)
                0x00100fc0                __divdf3
 .text          0x00101218       0xf8 /opt/altera/13.0sp1/nios2eds/bin/gnu/H-i686-pc-linux-gnu/bin/../lib/gcc/nios2-elf/4.1.2/mno-hw-mul/libgcc.a(_si_to_df.o)
                0x00101218                __floatsidf
 .text          0x00101310       0xd8 /opt/altera/13.0sp1/nios2eds/bin/gnu/H-i686-pc-linux-gnu/bin/../lib/gcc/nios2-elf/4.1.2/mno-hw-mul/libgcc.a(_df_to_si.o)
                0x00101310                __fixdfsi
 .text          0x001013e8        0x0 /opt/altera/13.0sp1/nios2eds/bin/gnu/H-i686-pc-linux-gnu/bin/../lib/gcc/nios2-elf/4.1.2/mno-hw-mul/libgcc.a(_thenan_df.o)
 .text          0x001013e8      0x14c /opt/altera/13.0sp1/nios2eds/bin/gnu/H-i686-pc-linux-gnu/bin/../lib/gcc/nios2-elf/4.1.2/mno-hw-mul/libgcc.a(lib2-divmod.o)
                0x00101464                __divsi3
                0x001014c4                __modsi3
                0x00101524                __udivsi3
                0x0010152c                __umodsi3
 .text          0x00101534       0x38 /opt/altera/13.0sp1/nios2eds/bin/gnu/H-i686-pc-linux-gnu/bin/../lib/gcc/nios2-elf/4.1.2/mno-hw-mul/libgcc.a(lib2-mul.o)
                0x00101534                __mulsi3
 .text          0x0010156c       0x80 /opt/altera/13.0sp1/nios2eds/bin/gnu/H-i686-pc-linux-gnu/bin/../lib/gcc/nios2-elf/4.1.2/mno-hw-mul/libgcc.a(_clzsi2.o)
                0x0010156c                __clzsi2
 .text          0x001015ec      0x314 /opt/altera/13.0sp1/nios2eds/bin/gnu/H-i686-pc-linux-gnu/bin/../lib/gcc/nios2-elf/4.1.2/mno-hw-mul/libgcc.a(_pack_df.o)
                0x001015ec                __pack_d
 .text          0x00101900      0x138 /opt/altera/13.0sp1/nios2eds/bin/gnu/H-i686-pc-linux-gnu/bin/../lib/gcc/nios2-elf/4.1.2/mno-hw-mul/libgcc.a(_unpack_df.o)
                0x00101900                __unpack_d
 .text          0x00101a38        0x0 /opt/altera/13.0sp1/nios2eds/bin/gnu/H-i686-pc-linux-gnu/bin/../lib/gcc/nios2-elf/4.1.2/mno-hw-mul/libgcc.a(_clz.o)
 .text          0x00101a38       0x78 /opt/altera/13.0sp1/nios2eds/bin/gnu/H-i686-pc-linux-gnu/bin/../lib/gcc/nios2-elf/4.1.2/../../../../nios2-elf/lib/mno-hw-mul/libc.a(lib_a-printf.o)
                0x00101a38                printf
                0x00101a7c                _printf_r
 .text          0x00101ab0       0xb4 /opt/altera/13.0sp1/nios2eds/bin/gnu/H-i686-pc-linux-gnu/bin/../lib/gcc/nios2-elf/4.1.2/../../../../nios2-elf/lib/mno-hw-mul/libc.a(lib_a-puts.o)
                0x00101ab0                _puts_r
                0x00101b50                puts
 .text          0x00101b64       0x74 /opt/altera/13.0sp1/nios2eds/bin/gnu/H-i686-pc-linux-gnu/bin/../lib/gcc/nios2-elf/4.1.2/../../../../nios2-elf/lib/mno-hw-mul/libc.a(lib_a-strlen.o)
                0x00101b64                strlen
 .text          0x00101bd8     0x1f40 /opt/altera/13.0sp1/nios2eds/bin/gnu/H-i686-pc-linux-gnu/bin/../lib/gcc/nios2-elf/4.1.2/../../../../nios2-elf/lib/mno-hw-mul/libc.a(lib_a-vfprintf.o)
                0x00101c30                ___vfprintf_internal_r
                0x00103af4                __vfprintf_internal
 .text          0x00103b18      0x13c /opt/altera/13.0sp1/nios2eds/bin/gnu/H-i686-pc-linux-gnu/bin/../lib/gcc/nios2-elf/4.1.2/../../../../nios2-elf/lib/mno-hw-mul/libc.a(lib_a-wsetup.o)
                0x00103b18                __swsetup_r
 .text          0x00103c54     0x17f8 /opt/altera/13.0sp1/nios2eds/bin/gnu/H-i686-pc-linux-gnu/bin/../lib/gcc/nios2-elf/4.1.2/../../../../nios2-elf/lib/mno-hw-mul/libc.a(lib_a-dtoa.o)
                0x00103e98                _dtoa_r
 .text          0x0010544c      0x230 /opt/altera/13.0sp1/nios2eds/bin/gnu/H-i686-pc-linux-gnu/bin/../lib/gcc/nios2-elf/4.1.2/../../../../nios2-elf/lib/mno-hw-mul/libc.a(lib_a-fflush.o)
                0x0010544c                _fflush_r
                0x00105648                fflush
 .text          0x0010567c      0x2f4 /opt/altera/13.0sp1/nios2eds/bin/gnu/H-i686-pc-linux-gnu/bin/../lib/gcc/nios2-elf/4.1.2/../../../../nios2-elf/lib/mno-hw-mul/libc.a(lib_a-findfp.o)
                0x001056d4                __sfp_lock_acquire
                0x001056d8                __sfp_lock_release
                0x001056dc                __sinit_lock_acquire
                0x001056e0                __sinit_lock_release
                0x001056e4                __sinit
                0x00105798                __fp_unlock_all
                0x001057b0                __fp_lock_all
                0x001057c8                _cleanup_r
                0x001057d4                _cleanup
                0x001057e4                __sfmoreglue
                0x00105880                __sfp
 .text          0x00105970      0x440 /opt/altera/13.0sp1/nios2eds/bin/gnu/H-i686-pc-linux-gnu/bin/../lib/gcc/nios2-elf/4.1.2/../../../../nios2-elf/lib/mno-hw-mul/libc.a(lib_a-freer.o)
                0x00105970                _malloc_trim_r
                0x00105a9c                _free_r
 .text          0x00105db0      0x49c /opt/altera/13.0sp1/nios2eds/bin/gnu/H-i686-pc-linux-gnu/bin/../lib/gcc/nios2-elf/4.1.2/../../../../nios2-elf/lib/mno-hw-mul/libc.a(lib_a-fvwrite.o)
                0x00105db0                __sfvwrite_r
 .text          0x0010624c      0x180 /opt/altera/13.0sp1/nios2eds/bin/gnu/H-i686-pc-linux-gnu/bin/../lib/gcc/nios2-elf/4.1.2/../../../../nios2-elf/lib/mno-hw-mul/libc.a(lib_a-fwalk.o)
                0x0010624c                _fwalk_reent
                0x00106314                _fwalk
 .text          0x001063cc        0x0 /opt/altera/13.0sp1/nios2eds/bin/gnu/H-i686-pc-linux-gnu/bin/../lib/gcc/nios2-elf/4.1.2/../../../../nios2-elf/lib/mno-hw-mul/libc.a(lib_a-impure.o)
 .text          0x001063cc       0xc4 /opt/altera/13.0sp1/nios2eds/bin/gnu/H-i686-pc-linux-gnu/bin/../lib/gcc/nios2-elf/4.1.2/../../../../nios2-elf/lib/mno-hw-mul/libc.a(lib_a-locale.o)
                0x001063cc                __locale_charset
                0x001063d4                _localeconv_r
                0x001063e0                localeconv
                0x001063f0                _setlocale_r
                0x00106474                setlocale
 .text          0x00106490      0x194 /opt/altera/13.0sp1/nios2eds/bin/gnu/H-i686-pc-linux-gnu/bin/../lib/gcc/nios2-elf/4.1.2/../../../../nios2-elf/lib/mno-hw-mul/libc.a(lib_a-makebuf.o)
                0x00106490                __smakebuf_r
 .text          0x00106624      0x740 /opt/altera/13.0sp1/nios2eds/bin/gnu/H-i686-pc-linux-gnu/bin/../lib/gcc/nios2-elf/4.1.2/../../../../nios2-elf/lib/mno-hw-mul/libc.a(lib_a-mallocr.o)
                0x00106624                _malloc_r
 .text          0x00106d64       0xe4 /opt/altera/13.0sp1/nios2eds/bin/gnu/H-i686-pc-linux-gnu/bin/../lib/gcc/nios2-elf/4.1.2/../../../../nios2-elf/lib/mno-hw-mul/libc.a(lib_a-memchr.o)
                0x00106d64                memchr
 .text          0x00106e48       0xa0 /opt/altera/13.0sp1/nios2eds/bin/gnu/H-i686-pc-linux-gnu/bin/../lib/gcc/nios2-elf/4.1.2/../../../../nios2-elf/lib/mno-hw-mul/libc.a(lib_a-memcpy.o)
                0x00106e48                memcpy
 .text          0x00106ee8       0xe0 /opt/altera/13.0sp1/nios2eds/bin/gnu/H-i686-pc-linux-gnu/bin/../lib/gcc/nios2-elf/4.1.2/../../../../nios2-elf/lib/mno-hw-mul/libc.a(lib_a-memmove.o)
                0x00106ee8                memmove
 .text          0x00106fc8       0x98 /opt/altera/13.0sp1/nios2eds/bin/gnu/H-i686-pc-linux-gnu/bin/../lib/gcc/nios2-elf/4.1.2/../../../../nios2-elf/lib/mno-hw-mul/libc.a(lib_a-memset.o)
                0x00106fc8                memset
 .text          0x00107060     0x108c /opt/altera/13.0sp1/nios2eds/bin/gnu/H-i686-pc-linux-gnu/bin/../lib/gcc/nios2-elf/4.1.2/../../../../nios2-elf/lib/mno-hw-mul/libc.a(lib_a-mprec.o)
                0x00107060                _Bfree
                0x00107088                __hi0bits
                0x001070f8                __lo0bits
                0x001071bc                __mcmp
                0x0010721c                __ulp
                0x0010729c                __b2d
                0x001073bc                __ratio
                0x0010746c                _mprec_log10
                0x00107500                __copybits
                0x00107558                __any_on
                0x001075e0                _Balloc
                0x0010769c                __d2b
                0x00107818                __mdiff
                0x001079a4                __lshift
                0x00107af0                __multiply
                0x00107d44                __i2b
                0x00107d80                __multadd
                0x00107eac                __pow5mult
                0x00107fcc                __s2b
 .text          0x001080ec      0x5f4 /opt/altera/13.0sp1/nios2eds/bin/gnu/H-i686-pc-linux-gnu/bin/../lib/gcc/nios2-elf/4.1.2/../../../../nios2-elf/lib/mno-hw-mul/libc.a(lib_a-reallocr.o)
                0x001080ec                _realloc_r
 .text          0x001086e0       0x40 /opt/altera/13.0sp1/nios2eds/bin/gnu/H-i686-pc-linux-gnu/bin/../lib/gcc/nios2-elf/4.1.2/../../../../nios2-elf/lib/mno-hw-mul/libc.a(lib_a-s_isinfd.o)
                0x001086e0                __isinfd
 .text          0x00108720       0x30 /opt/altera/13.0sp1/nios2eds/bin/gnu/H-i686-pc-linux-gnu/bin/../lib/gcc/nios2-elf/4.1.2/../../../../nios2-elf/lib/mno-hw-mul/libc.a(lib_a-s_isnand.o)
                0x00108720                __isnand
 .text          0x00108750       0x70 /opt/altera/13.0sp1/nios2eds/bin/gnu/H-i686-pc-linux-gnu/bin/../lib/gcc/nios2-elf/4.1.2/../../../../nios2-elf/lib/mno-hw-mul/libc.a(lib_a-sbrkr.o)
                0x00108750                _sbrk_r
 .text          0x001087c0      0x14c /opt/altera/13.0sp1/nios2eds/bin/gnu/H-i686-pc-linux-gnu/bin/../lib/gcc/nios2-elf/4.1.2/../../../../nios2-elf/lib/mno-hw-mul/libc.a(lib_a-stdio.o)
                0x001087c0                __sclose
                0x001087c8                __sseek
                0x00108830                __swrite
                0x001088ac                __sread
 .text          0x0010890c       0xbc /opt/altera/13.0sp1/nios2eds/bin/gnu/H-i686-pc-linux-gnu/bin/../lib/gcc/nios2-elf/4.1.2/../../../../nios2-elf/lib/mno-hw-mul/libc.a(lib_a-strcmp.o)
                0x0010890c                strcmp
 .text          0x001089c8       0x78 /opt/altera/13.0sp1/nios2eds/bin/gnu/H-i686-pc-linux-gnu/bin/../lib/gcc/nios2-elf/4.1.2/../../../../nios2-elf/lib/mno-hw-mul/libc.a(lib_a-writer.o)
                0x001089c8                _write_r
 .text          0x00108a40       0xc8 /opt/altera/13.0sp1/nios2eds/bin/gnu/H-i686-pc-linux-gnu/bin/../lib/gcc/nios2-elf/4.1.2/../../../../nios2-elf/lib/mno-hw-mul/libc.a(lib_a-callocr.o)
                0x00108a40                _calloc_r
 .text          0x00108b08       0x70 /opt/altera/13.0sp1/nios2eds/bin/gnu/H-i686-pc-linux-gnu/bin/../lib/gcc/nios2-elf/4.1.2/../../../../nios2-elf/lib/mno-hw-mul/libc.a(lib_a-closer.o)
                0x00108b08                _close_r
 .text          0x00108b78      0x124 /opt/altera/13.0sp1/nios2eds/bin/gnu/H-i686-pc-linux-gnu/bin/../lib/gcc/nios2-elf/4.1.2/../../../../nios2-elf/lib/mno-hw-mul/libc.a(lib_a-fclose.o)
                0x00108b78                _fclose_r
                0x00108c88                fclose
 .text          0x00108c9c       0x74 /opt/altera/13.0sp1/nios2eds/bin/gnu/H-i686-pc-linux-gnu/bin/../lib/gcc/nios2-elf/4.1.2/../../../../nios2-elf/lib/mno-hw-mul/libc.a(lib_a-fstatr.o)
                0x00108c9c                _fstat_r
 .text          0x00108d10        0x0 /opt/altera/13.0sp1/nios2eds/bin/gnu/H-i686-pc-linux-gnu/bin/../lib/gcc/nios2-elf/4.1.2/../../../../nios2-elf/lib/mno-hw-mul/libc.a(lib_a-int_errno.o)
 .text          0x00108d10       0x70 /opt/altera/13.0sp1/nios2eds/bin/gnu/H-i686-pc-linux-gnu/bin/../lib/gcc/nios2-elf/4.1.2/../../../../nios2-elf/lib/mno-hw-mul/libc.a(lib_a-isattyr.o)
                0x00108d10                _isatty_r
 .text          0x00108d80       0x78 /opt/altera/13.0sp1/nios2eds/bin/gnu/H-i686-pc-linux-gnu/bin/../lib/gcc/nios2-elf/4.1.2/../../../../nios2-elf/lib/mno-hw-mul/libc.a(lib_a-lseekr.o)
                0x00108d80                _lseek_r
 .text          0x00108df8       0x78 /opt/altera/13.0sp1/nios2eds/bin/gnu/H-i686-pc-linux-gnu/bin/../lib/gcc/nios2-elf/4.1.2/../../../../nios2-elf/lib/mno-hw-mul/libc.a(lib_a-readr.o)
                0x00108df8                _read_r
 .text          0x00108e70      0x66c /opt/altera/13.0sp1/nios2eds/bin/gnu/H-i686-pc-linux-gnu/bin/../lib/gcc/nios2-elf/4.1.2/mno-hw-mul/libgcc.a(_udivdi3.o)
                0x00108e70                __udivdi3
 .text          0x001094dc      0x660 /opt/altera/13.0sp1/nios2eds/bin/gnu/H-i686-pc-linux-gnu/bin/../lib/gcc/nios2-elf/4.1.2/mno-hw-mul/libgcc.a(_umoddi3.o)
                0x001094dc                __umoddi3
 .text          0x00109b3c      0x3c4 /opt/altera/13.0sp1/nios2eds/bin/gnu/H-i686-pc-linux-gnu/bin/../lib/gcc/nios2-elf/4.1.2/mno-hw-mul/libgcc.a(_mul_df.o)
                0x00109b3c                __muldf3
 .text          0x00109f00       0x88 /opt/altera/13.0sp1/nios2eds/bin/gnu/H-i686-pc-linux-gnu/bin/../lib/gcc/nios2-elf/4.1.2/mno-hw-mul/libgcc.a(_eq_df.o)
                0x00109f00                __eqdf2
 .text          0x00109f88       0x88 /opt/altera/13.0sp1/nios2eds/bin/gnu/H-i686-pc-linux-gnu/bin/../lib/gcc/nios2-elf/4.1.2/mno-hw-mul/libgcc.a(_ne_df.o)
                0x00109f88                __nedf2
 .text          0x0010a010       0x88 /opt/altera/13.0sp1/nios2eds/bin/gnu/H-i686-pc-linux-gnu/bin/../lib/gcc/nios2-elf/4.1.2/mno-hw-mul/libgcc.a(_gt_df.o)
                0x0010a010                __gtdf2
 .text          0x0010a098       0x88 /opt/altera/13.0sp1/nios2eds/bin/gnu/H-i686-pc-linux-gnu/bin/../lib/gcc/nios2-elf/4.1.2/mno-hw-mul/libgcc.a(_ge_df.o)
                0x0010a098                __gedf2
 .text          0x0010a120       0x88 /opt/altera/13.0sp1/nios2eds/bin/gnu/H-i686-pc-linux-gnu/bin/../lib/gcc/nios2-elf/4.1.2/mno-hw-mul/libgcc.a(_lt_df.o)
                0x0010a120                __ltdf2
 .text          0x0010a1a8      0x194 /opt/altera/13.0sp1/nios2eds/bin/gnu/H-i686-pc-linux-gnu/bin/../lib/gcc/nios2-elf/4.1.2/mno-hw-mul/libgcc.a(_usi_to_df.o)
                0x0010a1a8                __floatunsidf
 .text          0x0010a33c      0x124 /opt/altera/13.0sp1/nios2eds/bin/gnu/H-i686-pc-linux-gnu/bin/../lib/gcc/nios2-elf/4.1.2/mno-hw-mul/libgcc.a(_muldi3.o)
                0x0010a33c                __muldi3
 .text          0x0010a460       0xc8 /opt/altera/13.0sp1/nios2eds/bin/gnu/H-i686-pc-linux-gnu/bin/../lib/gcc/nios2-elf/4.1.2/mno-hw-mul/libgcc.a(_fpcmp_parts_df.o)
                0x0010a460                __fpcmp_parts_d
 .text          0x0010a528       0x90 ../bsp//libucosii_bsp.a(alt_alarm_start.o)
                0x0010a528                alt_alarm_start
 .text          0x0010a5b8       0xbc ../bsp//libucosii_bsp.a(alt_close.o)
                0x0010a5d8                close
 .text          0x0010a674        0x8 ../bsp//libucosii_bsp.a(alt_dev.o)
 .text          0x0010a67c        0x0 ../bsp//libucosii_bsp.a(alt_errno.o)
 .text          0x0010a67c       0x9c ../bsp//libucosii_bsp.a(alt_fstat.o)
                0x0010a67c                fstat
 .text          0x0010a718       0x94 ../bsp//libucosii_bsp.a(alt_isatty.o)
                0x0010a718                isatty
 .text          0x0010a7ac       0x8c ../bsp//libucosii_bsp.a(alt_load.o)
                0x0010a7cc                alt_load
 .text          0x0010a838       0xb8 ../bsp//libucosii_bsp.a(alt_lseek.o)
                0x0010a838                lseek
 .text          0x0010a8f0       0xa8 ../bsp//libucosii_bsp.a(alt_main.o)
                0x0010a8f0                alt_main
 .text          0x0010a998       0xd8 ../bsp//libucosii_bsp.a(alt_read.o)
                0x0010a9b8                read
 .text          0x0010aa70       0x5c ../bsp//libucosii_bsp.a(alt_release_fd.o)
                0x0010aa70                alt_release_fd
 .text          0x0010aacc       0x50 ../bsp//libucosii_bsp.a(alt_sbrk.o)
                0x0010aacc                sbrk
 .text          0x0010ab1c       0xe0 ../bsp//libucosii_bsp.a(alt_tick.o)
                0x0010ab1c                alt_alarm_stop
                0x0010ab50                alt_tick
 .text          0x0010abfc       0xd4 ../bsp//libucosii_bsp.a(alt_write.o)
                0x0010ac1c                write
 .text          0x0010acd0       0xa8 ../bsp//libucosii_bsp.a(alt_env_lock.o)
                0x0010acd0                __env_unlock
                0x0010acf8                __env_lock
 .text          0x0010ad78      0x110 ../bsp//libucosii_bsp.a(alt_malloc_lock.o)
                0x0010ad78                __malloc_unlock
                0x0010add4                __malloc_lock
 .text          0x0010ae88     0x1118 ../bsp//libucosii_bsp.a(os_core.o)
                0x0010ae88                OSVersion
                0x0010ae90                OS_Dummy
                0x0010ae94                OS_EventTaskWait
                0x0010af18                OS_EventTaskWaitMulti
                0x0010afb8                OS_EventTaskRemove
                0x0010b004                OS_EventTaskRemoveMulti
                0x0010b060                OS_EventTaskRdy
                0x0010b154                OS_EventWaitListInit
                0x0010b170                OS_MemClr
                0x0010b18c                OS_MemCopy
                0x0010b1b0                OS_StrCopy
                0x0010b1dc                OS_StrLen
                0x0010b1fc                OS_TaskStatStkChk
                0x0010b280                OS_Sched
                0x0010b338                OSStart
                0x0010b3a4                OSInit
                0x0010b584                OSEventNameGet
                0x0010b63c                OSEventPendMulti
                0x0010b994                OSIntEnter
                0x0010b9d0                OSSchedLock
                0x0010ba14                OSSchedUnlock
                0x0010ba68                OSStatInit
                0x0010bacc                OSTimeTick
                0x0010bbd8                OS_TaskIdle
                0x0010bc08                OS_TaskStat
                0x0010bc8c                OS_TCBInit
                0x0010be10                OSIntExit
                0x0010bee4                OSEventNameSet
 .text          0x0010bfa0        0x4 ../bsp//libucosii_bsp.a(os_dbg.o)
                0x0010bfa0                OSDebugInit
 .text          0x0010bfa4      0xc5c ../bsp//libucosii_bsp.a(os_flag.o)
                0x0010c05c                OS_FlagUnlink
                0x0010c128                OS_FlagInit
                0x0010c198                OSFlagQuery
                0x0010c1f4                OSFlagAccept
                0x0010c364                OSFlagCreate
                0x0010c3ec                OSFlagDel
                0x0010c54c                OSFlagNameGet
                0x0010c60c                OSFlagNameSet
                0x0010c6e0                OSFlagPend
                0x0010c9e0                OSFlagPendGetFlagsRdy
                0x0010ca0c                OSFlagPost
 .text          0x0010cc00      0x67c ../bsp//libucosii_bsp.a(os_mbox.o)
                0x0010cc00                OSMboxQuery
                0x0010cc7c                OSMboxAccept
                0x0010ccb4                OSMboxCreate
                0x0010cd40                OSMboxDel
                0x0010ce88                OSMboxPend
                0x0010d018                OSMboxPendAbort
                0x0010d0fc                OSMboxPost
                0x0010d198                OSMboxPostOpt
 .text          0x0010d27c      0x3b8 ../bsp//libucosii_bsp.a(os_mem.o)
                0x0010d27c                OS_MemInit
                0x0010d2e4                OSMemQuery
                0x0010d348                OSMemCreate
                0x0010d418                OSMemGet
                0x0010d484                OSMemNameGet
                0x0010d520                OSMemNameSet
                0x0010d5dc                OSMemPut
 .text          0x0010d634      0x9c4 ../bsp//libucosii_bsp.a(os_q.o)
                0x0010d634                OS_QInit
                0x0010d684                OSQQuery
                0x0010d71c                OSQAccept
                0x0010d7b8                OSQCreate
                0x0010d8b8                OSQDel
                0x0010da3c                OSQFlush
                0x0010da8c                OSQPend
                0x0010dc4c                OSQPendAbort
                0x0010dd34                OSQPost
                0x0010ddf0                OSQPostFront
                0x0010deb4                OSQPostOpt
 .text          0x0010dff8      0x5e0 ../bsp//libucosii_bsp.a(os_sem.o)
                0x0010dff8                OSSemSet
                0x0010e05c                OSSemAccept
                0x0010e0a0                OSSemCreate
                0x0010e12c                OSSemDel
                0x0010e280                OSSemPend
                0x0010e3e8                OSSemPendAbort
                0x0010e4d4                OSSemPost
                0x0010e570                OSSemQuery
 .text          0x0010e5d8      0xe74 ../bsp//libucosii_bsp.a(os_task.o)
                0x0010e5d8                OS_TaskStkClr
                0x0010e608                OSTaskQuery
                0x0010e6d0                OSTaskChangePrio
                0x0010e96c                OSTaskCreate
                0x0010ea78                OSTaskCreateExt
                0x0010ebf0                OSTaskDel
                0x0010ee3c                OSTaskDelReq
                0x0010eef0                OSTaskNameGet
                0x0010eff8                OSTaskNameSet
                0x0010f114                OSTaskResume
                0x0010f218                OSTaskStkChk
                0x0010f308                OSTaskSuspend
 .text          0x0010f44c      0x378 ../bsp//libucosii_bsp.a(os_time.o)
                0x0010f44c                OSTimeSet
                0x0010f470                OSTimeDly
                0x0010f508                OSTimeDlyHMSM
                0x0010f6a8                OSTimeDlyResume
                0x0010f7a0                OSTimeGet
 .text          0x0010f7c4      0xb94 ../bsp//libucosii_bsp.a(os_tmr.o)
                0x0010f930                OSTmr_Init
                0x0010fb8c                OSTmrStop
                0x0010fce8                OSTmrStart
                0x0010fdec                OSTmrStateGet
                0x0010fe94                OSTmrRemainGet
                0x0010ffac                OSTmrDel
                0x001100a8                OSTmrSignal
                0x001100d0                OSTmrNameGet
                0x001101bc                OSTmrCreate
 .text          0x00110358       0x9c ../bsp//libucosii_bsp.a(alt_sys_init.o)
                0x00110364                alt_sys_init
                0x001103d4                alt_irq_init
 .text          0x001103f4       0x3c ../bsp//libucosii_bsp.a(altera_avalon_jtag_uart_fd.o)
                0x001103f4                altera_avalon_jtag_uart_ioctl_fd
                0x00110400                altera_avalon_jtag_uart_close_fd
                0x00110410                altera_avalon_jtag_uart_write_fd
                0x00110420                altera_avalon_jtag_uart_read_fd
 .text          0x00110430      0x2f4 ../bsp//libucosii_bsp.a(altera_avalon_jtag_uart_init.o)
                0x00110430                altera_avalon_jtag_uart_close
                0x001104f0                altera_avalon_jtag_uart_init
 .text          0x00110724       0x7c ../bsp//libucosii_bsp.a(altera_avalon_jtag_uart_ioctl.o)
                0x00110724                altera_avalon_jtag_uart_ioctl
 .text          0x001107a0      0x1ac ../bsp//libucosii_bsp.a(altera_avalon_jtag_uart_read.o)
                0x001107a0                altera_avalon_jtag_uart_read
 .text          0x0011094c      0x1b8 ../bsp//libucosii_bsp.a(altera_avalon_jtag_uart_write.o)
                0x0011094c                altera_avalon_jtag_uart_write
 .text          0x00110b04       0x8c ../bsp//libucosii_bsp.a(altera_avalon_timer_sc.o)
                0x00110b04                alt_avalon_timer_sc_init
 .text          0x00110b90      0x250 ../bsp//libucosii_bsp.a(altera_up_avalon_character_lcd.o)
                0x00110b90                get_DDRAM_addr
                0x00110ba8                alt_up_character_lcd_string
                0x00110bc4                alt_up_character_lcd_write
                0x00110be8                alt_up_character_lcd_write_fd
                0x00110c08                alt_up_character_lcd_init
                0x00110c18                alt_up_character_lcd_send_cmd
                0x00110c28                alt_up_character_lcd_cursor_blink_on
                0x00110c30                alt_up_character_lcd_cursor_off
                0x00110c38                alt_up_character_lcd_erase_pos
                0x00110c9c                alt_up_character_lcd_shift_display
                0x00110d0c                alt_up_character_lcd_shift_cursor
                0x00110d7c                alt_up_character_lcd_set_cursor_pos
                0x00110dd4                alt_up_character_lcd_open_dev
 .text          0x00110de0        0x4 ../bsp//libucosii_bsp.a(alt_dcache_flush_all.o)
                0x00110de0                alt_dcache_flush_all
 .text          0x00110de4       0x70 ../bsp//libucosii_bsp.a(alt_dev_llist_insert.o)
                0x00110de4                alt_dev_llist_insert
 .text          0x00110e54       0x40 ../bsp//libucosii_bsp.a(alt_do_ctors.o)
                0x00110e54                _do_ctors
 .text          0x00110e94       0x40 ../bsp//libucosii_bsp.a(alt_do_dtors.o)
                0x00110e94                _do_dtors
 .text          0x00110ed4       0x70 ../bsp//libucosii_bsp.a(alt_find_dev.o)
                0x00110ed4                alt_find_dev
 .text          0x00110f44        0x4 ../bsp//libucosii_bsp.a(alt_icache_flush_all.o)
                0x00110f44                alt_icache_flush_all
 .text          0x00110f48       0x9c ../bsp//libucosii_bsp.a(alt_iic.o)
                0x00110f48                alt_ic_irq_enabled
                0x00110f60                alt_ic_irq_enable
                0x00110fa0                alt_ic_irq_disable
                0x00110fe0                alt_ic_isr_register
 .text          0x00110fe4       0x6c ../bsp//libucosii_bsp.a(alt_iic_isr_register.o)
                0x00110fe4                alt_iic_isr_register
 .text          0x00111050      0x114 ../bsp//libucosii_bsp.a(alt_io_redirect.o)
                0x001110d8                alt_io_redirect
 .text          0x00111164        0x0 ../bsp//libucosii_bsp.a(alt_irq_entry.o)
 .text          0x00111164        0x0 ../bsp//libucosii_bsp.a(alt_irq_handler.o)
 .text          0x00111164        0x0 ../bsp//libucosii_bsp.a(alt_irq_vars.o)
 .text          0x00111164      0x17c ../bsp//libucosii_bsp.a(alt_open.o)
                0x00111164                open
 .text          0x001112e0        0x8 ../bsp//libucosii_bsp.a(altera_nios2_qsys_irq.o)
                0x001112e0                altera_nios2_qsys_irq_init
 .text          0x001112e8       0xd0 ../bsp//libucosii_bsp.a(os_cpu_a.o)
                0x001112e8                OSCtxSw
                0x001112e8                OSIntCtxSw
                0x00111374                OSStartHighRdy
                0x00111394                OSStartTsk
 .text          0x001113b8      0x228 ../bsp//libucosii_bsp.a(os_cpu_c.o)
                0x001113b8                OSTaskCreateHook
                0x001113bc                OSTaskDelHook
                0x001113c0                OSTaskSwHook
                0x001113c4                OSTaskStatHook
                0x001113c8                OSInitHookBegin
                0x001113d0                OSInitHookEnd
                0x001113d4                OSTaskIdleHook
                0x001113d8                OSTCBInitHook
                0x001113dc                OSTimeTickHook
                0x00111434                OSTaskStkInit
 .text          0x001115e0        0x0 ../bsp//libucosii_bsp.a(alt_exception_entry.o)
 .text          0x001115e0       0x9c ../bsp//libucosii_bsp.a(alt_find_file.o)
                0x001115e0                alt_find_file
 .text          0x0011167c       0xa4 ../bsp//libucosii_bsp.a(alt_get_fd.o)
                0x0011167c                alt_get_fd
 .text          0x00111720       0x14 /opt/altera/13.0sp1/nios2eds/bin/gnu/H-i686-pc-linux-gnu/bin/../lib/gcc/nios2-elf/4.1.2/../../../../nios2-elf/lib/mno-hw-mul/libc.a(lib_a-atexit.o)
                0x00111720                atexit
 .text          0x00111734       0x38 /opt/altera/13.0sp1/nios2eds/bin/gnu/H-i686-pc-linux-gnu/bin/../lib/gcc/nios2-elf/4.1.2/../../../../nios2-elf/lib/mno-hw-mul/libc.a(lib_a-exit.o)
                0x00111734                exit
 .text          0x0011176c       0x74 /opt/altera/13.0sp1/nios2eds/bin/gnu/H-i686-pc-linux-gnu/bin/../lib/gcc/nios2-elf/4.1.2/../../../../nios2-elf/lib/mno-hw-mul/libc.a(lib_a-memcmp.o)
                0x0011176c                memcmp
 .text          0x001117e0      0x134 /opt/altera/13.0sp1/nios2eds/bin/gnu/H-i686-pc-linux-gnu/bin/../lib/gcc/nios2-elf/4.1.2/../../../../nios2-elf/lib/mno-hw-mul/libc.a(lib_a-__atexit.o)
                0x001117e0                __register_exitproc
 .text          0x00111914      0x1b4 /opt/altera/13.0sp1/nios2eds/bin/gnu/H-i686-pc-linux-gnu/bin/../lib/gcc/nios2-elf/4.1.2/../../../../nios2-elf/lib/mno-hw-mul/libc.a(lib_a-__call_atexit.o)
                0x00111918                __call_exitprocs
 .text          0x00111ac8       0xa4 /opt/altera/13.0sp1/nios2eds/bin/gnu/H-i686-pc-linux-gnu/bin/../lib/gcc/nios2-elf/4.1.2/mno-hw-mul/libgcc.a(_fixunsdfsi.o)
                0x00111ac8                __fixunsdfsi
 .text          0x00111b6c       0x20 ../bsp//libucosii_bsp.a(alt_exit.o)
                0x00111b6c                _exit
 *(.gnu.warning.*)
 *(.fini)
                0x00111b8c                PROVIDE (__etext, ABSOLUTE (.))
                0x00111b8c                PROVIDE (_etext, ABSOLUTE (.))
                0x00111b8c                PROVIDE (etext, ABSOLUTE (.))
 *(.eh_frame_hdr)
                0x00111b8c                . = ALIGN (0x4)
                0x00111b8c                PROVIDE (__preinit_array_start, ABSOLUTE (.))
 *(.preinit_array)
                0x00111b8c                PROVIDE (__preinit_array_end, ABSOLUTE (.))
                0x00111b8c                PROVIDE (__init_array_start, ABSOLUTE (.))
 *(.init_array)
                0x00111b8c                PROVIDE (__init_array_end, ABSOLUTE (.))
                0x00111b8c                PROVIDE (__fini_array_start, ABSOLUTE (.))
 *(.fini_array)
                0x00111b8c                PROVIDE (__fini_array_end, ABSOLUTE (.))
 *(.eh_frame)
 *(.gcc_except_table)
 *(.dynamic)
                0x00111b8c                PROVIDE (__CTOR_LIST__, ABSOLUTE (.))
 *(.ctors)
 *(SORT(.ctors.*))
 .ctors.65535   0x00111b8c        0x4 /opt/altera/13.0sp1/nios2eds/bin/gnu/H-i686-pc-linux-gnu/bin/../lib/gcc/nios2-elf/4.1.2/../../../../nios2-elf/lib/mno-hw-mul/libc.a(lib_a-__call_atexit.o)
                0x00111b90                PROVIDE (__CTOR_END__, ABSOLUTE (.))
                0x00111b90                PROVIDE (__DTOR_LIST__, ABSOLUTE (.))
 *(.dtors)
 *(SORT(.dtors.*))
                0x00111b90                PROVIDE (__DTOR_END__, ABSOLUTE (.))
 *(.jcr)
                0x00111b90                . = ALIGN (0x4)

.rodata         0x00111b90      0x5fc
                0x00111b90                PROVIDE (__ram_rodata_start, ABSOLUTE (.))
                0x00111b90                . = ALIGN (0x4)
 *(.rodata .rodata.* .gnu.linkonce.r.*)
 .rodata        0x00111b90      0x164 obj/default/SoftTimer.o
 .rodata        0x00111cf4       0x14 /opt/altera/13.0sp1/nios2eds/bin/gnu/H-i686-pc-linux-gnu/bin/../lib/gcc/nios2-elf/4.1.2/mno-hw-mul/libgcc.a(_thenan_df.o)
                0x00111cf4                __thenan_df
 .rodata        0x00111d08      0x100 /opt/altera/13.0sp1/nios2eds/bin/gnu/H-i686-pc-linux-gnu/bin/../lib/gcc/nios2-elf/4.1.2/mno-hw-mul/libgcc.a(_clz.o)
                0x00111d08                __clz_tab
 .rodata.str1.4
                0x00111e08        0x2 /opt/altera/13.0sp1/nios2eds/bin/gnu/H-i686-pc-linux-gnu/bin/../lib/gcc/nios2-elf/4.1.2/../../../../nios2-elf/lib/mno-hw-mul/libc.a(lib_a-puts.o)
                                  0x4 (size before relaxing)
 *fill*         0x00111e0a        0x2 00
 .rodata.str1.4
                0x00111e0c       0x5e /opt/altera/13.0sp1/nios2eds/bin/gnu/H-i686-pc-linux-gnu/bin/../lib/gcc/nios2-elf/4.1.2/../../../../nios2-elf/lib/mno-hw-mul/libc.a(lib_a-vfprintf.o)
                                 0x60 (size before relaxing)
 .rodata        0x00111e6a       0x20 /opt/altera/13.0sp1/nios2eds/bin/gnu/H-i686-pc-linux-gnu/bin/../lib/gcc/nios2-elf/4.1.2/../../../../nios2-elf/lib/mno-hw-mul/libc.a(lib_a-vfprintf.o)
 *fill*         0x00111e8a        0x2 00
 .rodata.str1.4
                0x00111e8c       0x10 /opt/altera/13.0sp1/nios2eds/bin/gnu/H-i686-pc-linux-gnu/bin/../lib/gcc/nios2-elf/4.1.2/../../../../nios2-elf/lib/mno-hw-mul/libc.a(lib_a-dtoa.o)
                                 0x14 (size before relaxing)
 .rodata.str1.4
                0x00111e9c        0x2 /opt/altera/13.0sp1/nios2eds/bin/gnu/H-i686-pc-linux-gnu/bin/../lib/gcc/nios2-elf/4.1.2/../../../../nios2-elf/lib/mno-hw-mul/libc.a(lib_a-impure.o)
                                  0x4 (size before relaxing)
 *fill*         0x00111e9e        0x2 00
 .rodata.str1.4
                0x00111ea0        0xf /opt/altera/13.0sp1/nios2eds/bin/gnu/H-i686-pc-linux-gnu/bin/../lib/gcc/nios2-elf/4.1.2/../../../../nios2-elf/lib/mno-hw-mul/libc.a(lib_a-locale.o)
                                 0x18 (size before relaxing)
 *fill*         0x00111eaf        0x1 00
 .rodata        0x00111eb0       0x30 /opt/altera/13.0sp1/nios2eds/bin/gnu/H-i686-pc-linux-gnu/bin/../lib/gcc/nios2-elf/4.1.2/../../../../nios2-elf/lib/mno-hw-mul/libc.a(lib_a-locale.o)
 .rodata        0x00111ee0      0x124 /opt/altera/13.0sp1/nios2eds/bin/gnu/H-i686-pc-linux-gnu/bin/../lib/gcc/nios2-elf/4.1.2/../../../../nios2-elf/lib/mno-hw-mul/libc.a(lib_a-mprec.o)
                0x00111ee0                __mprec_tens
                0x00111fa8                __mprec_bigtens
                0x00111fd0                __mprec_tinytens
 .rodata.str1.4
                0x00112004        0xa ../bsp//libucosii_bsp.a(alt_dev.o)
                                  0xc (size before relaxing)
 *fill*         0x0011200e        0x2 00
 .rodata.str1.4
                0x00112010       0x11 ../bsp//libucosii_bsp.a(alt_main.o)
                                 0x14 (size before relaxing)
 *fill*         0x00112021        0x3 00
 .rodata.str1.4
                0x00112024       0x1e ../bsp//libucosii_bsp.a(os_core.o)
                                 0x20 (size before relaxing)
 .rodata        0x00112042      0x100 ../bsp//libucosii_bsp.a(os_core.o)
                0x00112042                OSUnMapTbl
 *fill*         0x00112142        0x2 00
 .rodata.str1.4
                0x00112144       0x35 ../bsp//libucosii_bsp.a(os_tmr.o)
                                 0x38 (size before relaxing)
 *fill*         0x00112179        0x3 00
 .rodata.str1.4
                0x0011217c       0x10 ../bsp//libucosii_bsp.a(alt_sys_init.o)
                                 0x24 (size before relaxing)
 .rodata.str1.4
                0x00000000        0x4 ../bsp//libucosii_bsp.a(os_cpu_c.o)
 *(.rodata1)
                0x0011218c                . = ALIGN (0x4)
                0x0011218c                PROVIDE (__ram_rodata_end, ABSOLUTE (.))
                0x00111b90                PROVIDE (__flash_rodata_start, LOADADDR (.rodata))

.rwdata         0x0011218c     0x1b3c load address 0x00113cc8
                0x0011218c                PROVIDE (__ram_rwdata_start, ABSOLUTE (.))
                0x0011218c                . = ALIGN (0x4)
 *(.got.plt)
 *(.got)
 *(.data1)
 *(.data .data.* .gnu.linkonce.d.*)
 .data          0x0011218c        0x0 ../bsp//obj/HAL/src/crt0.o
 .data          0x0011218c       0x2c obj/default/SoftTimer.o
 .data          0x001121b8        0x0 /opt/altera/13.0sp1/nios2eds/bin/gnu/H-i686-pc-linux-gnu/bin/../lib/gcc/nios2-elf/4.1.2/mno-hw-mul/libgcc.a(_addsub_df.o)
 .data          0x001121b8        0x0 /opt/altera/13.0sp1/nios2eds/bin/gnu/H-i686-pc-linux-gnu/bin/../lib/gcc/nios2-elf/4.1.2/mno-hw-mul/libgcc.a(_div_df.o)
 .data          0x001121b8        0x0 /opt/altera/13.0sp1/nios2eds/bin/gnu/H-i686-pc-linux-gnu/bin/../lib/gcc/nios2-elf/4.1.2/mno-hw-mul/libgcc.a(_si_to_df.o)
 .data          0x001121b8        0x0 /opt/altera/13.0sp1/nios2eds/bin/gnu/H-i686-pc-linux-gnu/bin/../lib/gcc/nios2-elf/4.1.2/mno-hw-mul/libgcc.a(_df_to_si.o)
 .data          0x001121b8        0x0 /opt/altera/13.0sp1/nios2eds/bin/gnu/H-i686-pc-linux-gnu/bin/../lib/gcc/nios2-elf/4.1.2/mno-hw-mul/libgcc.a(_thenan_df.o)
 .data          0x001121b8        0x0 /opt/altera/13.0sp1/nios2eds/bin/gnu/H-i686-pc-linux-gnu/bin/../lib/gcc/nios2-elf/4.1.2/mno-hw-mul/libgcc.a(lib2-divmod.o)
 .data          0x001121b8        0x0 /opt/altera/13.0sp1/nios2eds/bin/gnu/H-i686-pc-linux-gnu/bin/../lib/gcc/nios2-elf/4.1.2/mno-hw-mul/libgcc.a(lib2-mul.o)
 .data          0x001121b8        0x0 /opt/altera/13.0sp1/nios2eds/bin/gnu/H-i686-pc-linux-gnu/bin/../lib/gcc/nios2-elf/4.1.2/mno-hw-mul/libgcc.a(_clzsi2.o)
 .data          0x001121b8        0x0 /opt/altera/13.0sp1/nios2eds/bin/gnu/H-i686-pc-linux-gnu/bin/../lib/gcc/nios2-elf/4.1.2/mno-hw-mul/libgcc.a(_pack_df.o)
 .data          0x001121b8        0x0 /opt/altera/13.0sp1/nios2eds/bin/gnu/H-i686-pc-linux-gnu/bin/../lib/gcc/nios2-elf/4.1.2/mno-hw-mul/libgcc.a(_unpack_df.o)
 .data          0x001121b8        0x0 /opt/altera/13.0sp1/nios2eds/bin/gnu/H-i686-pc-linux-gnu/bin/../lib/gcc/nios2-elf/4.1.2/mno-hw-mul/libgcc.a(_clz.o)
 .data          0x001121b8        0x0 /opt/altera/13.0sp1/nios2eds/bin/gnu/H-i686-pc-linux-gnu/bin/../lib/gcc/nios2-elf/4.1.2/../../../../nios2-elf/lib/mno-hw-mul/libc.a(lib_a-printf.o)
 .data          0x001121b8        0x0 /opt/altera/13.0sp1/nios2eds/bin/gnu/H-i686-pc-linux-gnu/bin/../lib/gcc/nios2-elf/4.1.2/../../../../nios2-elf/lib/mno-hw-mul/libc.a(lib_a-puts.o)
 .data          0x001121b8        0x0 /opt/altera/13.0sp1/nios2eds/bin/gnu/H-i686-pc-linux-gnu/bin/../lib/gcc/nios2-elf/4.1.2/../../../../nios2-elf/lib/mno-hw-mul/libc.a(lib_a-strlen.o)
 .data          0x001121b8        0x0 /opt/altera/13.0sp1/nios2eds/bin/gnu/H-i686-pc-linux-gnu/bin/../lib/gcc/nios2-elf/4.1.2/../../../../nios2-elf/lib/mno-hw-mul/libc.a(lib_a-vfprintf.o)
 .data          0x001121b8        0x0 /opt/altera/13.0sp1/nios2eds/bin/gnu/H-i686-pc-linux-gnu/bin/../lib/gcc/nios2-elf/4.1.2/../../../../nios2-elf/lib/mno-hw-mul/libc.a(lib_a-wsetup.o)
 .data          0x001121b8        0x0 /opt/altera/13.0sp1/nios2eds/bin/gnu/H-i686-pc-linux-gnu/bin/../lib/gcc/nios2-elf/4.1.2/../../../../nios2-elf/lib/mno-hw-mul/libc.a(lib_a-dtoa.o)
 .data          0x001121b8        0x0 /opt/altera/13.0sp1/nios2eds/bin/gnu/H-i686-pc-linux-gnu/bin/../lib/gcc/nios2-elf/4.1.2/../../../../nios2-elf/lib/mno-hw-mul/libc.a(lib_a-fflush.o)
 .data          0x001121b8        0x0 /opt/altera/13.0sp1/nios2eds/bin/gnu/H-i686-pc-linux-gnu/bin/../lib/gcc/nios2-elf/4.1.2/../../../../nios2-elf/lib/mno-hw-mul/libc.a(lib_a-findfp.o)
 .data          0x001121b8        0x0 /opt/altera/13.0sp1/nios2eds/bin/gnu/H-i686-pc-linux-gnu/bin/../lib/gcc/nios2-elf/4.1.2/../../../../nios2-elf/lib/mno-hw-mul/libc.a(lib_a-freer.o)
 .data          0x001121b8        0x0 /opt/altera/13.0sp1/nios2eds/bin/gnu/H-i686-pc-linux-gnu/bin/../lib/gcc/nios2-elf/4.1.2/../../../../nios2-elf/lib/mno-hw-mul/libc.a(lib_a-fvwrite.o)
 .data          0x001121b8        0x0 /opt/altera/13.0sp1/nios2eds/bin/gnu/H-i686-pc-linux-gnu/bin/../lib/gcc/nios2-elf/4.1.2/../../../../nios2-elf/lib/mno-hw-mul/libc.a(lib_a-fwalk.o)
 .data          0x001121b8      0x400 /opt/altera/13.0sp1/nios2eds/bin/gnu/H-i686-pc-linux-gnu/bin/../lib/gcc/nios2-elf/4.1.2/../../../../nios2-elf/lib/mno-hw-mul/libc.a(lib_a-impure.o)
 .data          0x001125b8        0xc /opt/altera/13.0sp1/nios2eds/bin/gnu/H-i686-pc-linux-gnu/bin/../lib/gcc/nios2-elf/4.1.2/../../../../nios2-elf/lib/mno-hw-mul/libc.a(lib_a-locale.o)
                0x001125b8                __lc_ctype
 .data          0x001125c4        0x0 /opt/altera/13.0sp1/nios2eds/bin/gnu/H-i686-pc-linux-gnu/bin/../lib/gcc/nios2-elf/4.1.2/../../../../nios2-elf/lib/mno-hw-mul/libc.a(lib_a-makebuf.o)
 .data          0x001125c4      0x408 /opt/altera/13.0sp1/nios2eds/bin/gnu/H-i686-pc-linux-gnu/bin/../lib/gcc/nios2-elf/4.1.2/../../../../nios2-elf/lib/mno-hw-mul/libc.a(lib_a-mallocr.o)
                0x001125c4                __malloc_av_
 .data          0x001129cc        0x0 /opt/altera/13.0sp1/nios2eds/bin/gnu/H-i686-pc-linux-gnu/bin/../lib/gcc/nios2-elf/4.1.2/../../../../nios2-elf/lib/mno-hw-mul/libc.a(lib_a-memchr.o)
 .data          0x001129cc        0x0 /opt/altera/13.0sp1/nios2eds/bin/gnu/H-i686-pc-linux-gnu/bin/../lib/gcc/nios2-elf/4.1.2/../../../../nios2-elf/lib/mno-hw-mul/libc.a(lib_a-memcpy.o)
 .data          0x001129cc        0x0 /opt/altera/13.0sp1/nios2eds/bin/gnu/H-i686-pc-linux-gnu/bin/../lib/gcc/nios2-elf/4.1.2/../../../../nios2-elf/lib/mno-hw-mul/libc.a(lib_a-memmove.o)
 .data          0x001129cc        0x0 /opt/altera/13.0sp1/nios2eds/bin/gnu/H-i686-pc-linux-gnu/bin/../lib/gcc/nios2-elf/4.1.2/../../../../nios2-elf/lib/mno-hw-mul/libc.a(lib_a-memset.o)
 .data          0x001129cc        0x0 /opt/altera/13.0sp1/nios2eds/bin/gnu/H-i686-pc-linux-gnu/bin/../lib/gcc/nios2-elf/4.1.2/../../../../nios2-elf/lib/mno-hw-mul/libc.a(lib_a-mprec.o)
 .data          0x001129cc        0x0 /opt/altera/13.0sp1/nios2eds/bin/gnu/H-i686-pc-linux-gnu/bin/../lib/gcc/nios2-elf/4.1.2/../../../../nios2-elf/lib/mno-hw-mul/libc.a(lib_a-reallocr.o)
 .data          0x001129cc        0x0 /opt/altera/13.0sp1/nios2eds/bin/gnu/H-i686-pc-linux-gnu/bin/../lib/gcc/nios2-elf/4.1.2/../../../../nios2-elf/lib/mno-hw-mul/libc.a(lib_a-s_isinfd.o)
 .data          0x001129cc        0x0 /opt/altera/13.0sp1/nios2eds/bin/gnu/H-i686-pc-linux-gnu/bin/../lib/gcc/nios2-elf/4.1.2/../../../../nios2-elf/lib/mno-hw-mul/libc.a(lib_a-s_isnand.o)
 .data          0x001129cc        0x0 /opt/altera/13.0sp1/nios2eds/bin/gnu/H-i686-pc-linux-gnu/bin/../lib/gcc/nios2-elf/4.1.2/../../../../nios2-elf/lib/mno-hw-mul/libc.a(lib_a-sbrkr.o)
 .data          0x001129cc        0x0 /opt/altera/13.0sp1/nios2eds/bin/gnu/H-i686-pc-linux-gnu/bin/../lib/gcc/nios2-elf/4.1.2/../../../../nios2-elf/lib/mno-hw-mul/libc.a(lib_a-stdio.o)
 .data          0x001129cc        0x0 /opt/altera/13.0sp1/nios2eds/bin/gnu/H-i686-pc-linux-gnu/bin/../lib/gcc/nios2-elf/4.1.2/../../../../nios2-elf/lib/mno-hw-mul/libc.a(lib_a-strcmp.o)
 .data          0x001129cc        0x0 /opt/altera/13.0sp1/nios2eds/bin/gnu/H-i686-pc-linux-gnu/bin/../lib/gcc/nios2-elf/4.1.2/../../../../nios2-elf/lib/mno-hw-mul/libc.a(lib_a-writer.o)
 .data          0x001129cc        0x0 /opt/altera/13.0sp1/nios2eds/bin/gnu/H-i686-pc-linux-gnu/bin/../lib/gcc/nios2-elf/4.1.2/../../../../nios2-elf/lib/mno-hw-mul/libc.a(lib_a-callocr.o)
 .data          0x001129cc        0x0 /opt/altera/13.0sp1/nios2eds/bin/gnu/H-i686-pc-linux-gnu/bin/../lib/gcc/nios2-elf/4.1.2/../../../../nios2-elf/lib/mno-hw-mul/libc.a(lib_a-closer.o)
 .data          0x001129cc        0x0 /opt/altera/13.0sp1/nios2eds/bin/gnu/H-i686-pc-linux-gnu/bin/../lib/gcc/nios2-elf/4.1.2/../../../../nios2-elf/lib/mno-hw-mul/libc.a(lib_a-fclose.o)
 .data          0x001129cc        0x0 /opt/altera/13.0sp1/nios2eds/bin/gnu/H-i686-pc-linux-gnu/bin/../lib/gcc/nios2-elf/4.1.2/../../../../nios2-elf/lib/mno-hw-mul/libc.a(lib_a-fstatr.o)
 .data          0x001129cc        0x0 /opt/altera/13.0sp1/nios2eds/bin/gnu/H-i686-pc-linux-gnu/bin/../lib/gcc/nios2-elf/4.1.2/../../../../nios2-elf/lib/mno-hw-mul/libc.a(lib_a-int_errno.o)
 .data          0x001129cc        0x0 /opt/altera/13.0sp1/nios2eds/bin/gnu/H-i686-pc-linux-gnu/bin/../lib/gcc/nios2-elf/4.1.2/../../../../nios2-elf/lib/mno-hw-mul/libc.a(lib_a-isattyr.o)
 .data          0x001129cc        0x0 /opt/altera/13.0sp1/nios2eds/bin/gnu/H-i686-pc-linux-gnu/bin/../lib/gcc/nios2-elf/4.1.2/../../../../nios2-elf/lib/mno-hw-mul/libc.a(lib_a-lseekr.o)
 .data          0x001129cc        0x0 /opt/altera/13.0sp1/nios2eds/bin/gnu/H-i686-pc-linux-gnu/bin/../lib/gcc/nios2-elf/4.1.2/../../../../nios2-elf/lib/mno-hw-mul/libc.a(lib_a-readr.o)
 .data          0x001129cc        0x0 /opt/altera/13.0sp1/nios2eds/bin/gnu/H-i686-pc-linux-gnu/bin/../lib/gcc/nios2-elf/4.1.2/mno-hw-mul/libgcc.a(_udivdi3.o)
 .data          0x001129cc        0x0 /opt/altera/13.0sp1/nios2eds/bin/gnu/H-i686-pc-linux-gnu/bin/../lib/gcc/nios2-elf/4.1.2/mno-hw-mul/libgcc.a(_umoddi3.o)
 .data          0x001129cc        0x0 /opt/altera/13.0sp1/nios2eds/bin/gnu/H-i686-pc-linux-gnu/bin/../lib/gcc/nios2-elf/4.1.2/mno-hw-mul/libgcc.a(_mul_df.o)
 .data          0x001129cc        0x0 /opt/altera/13.0sp1/nios2eds/bin/gnu/H-i686-pc-linux-gnu/bin/../lib/gcc/nios2-elf/4.1.2/mno-hw-mul/libgcc.a(_eq_df.o)
 .data          0x001129cc        0x0 /opt/altera/13.0sp1/nios2eds/bin/gnu/H-i686-pc-linux-gnu/bin/../lib/gcc/nios2-elf/4.1.2/mno-hw-mul/libgcc.a(_ne_df.o)
 .data          0x001129cc        0x0 /opt/altera/13.0sp1/nios2eds/bin/gnu/H-i686-pc-linux-gnu/bin/../lib/gcc/nios2-elf/4.1.2/mno-hw-mul/libgcc.a(_gt_df.o)
 .data          0x001129cc        0x0 /opt/altera/13.0sp1/nios2eds/bin/gnu/H-i686-pc-linux-gnu/bin/../lib/gcc/nios2-elf/4.1.2/mno-hw-mul/libgcc.a(_ge_df.o)
 .data          0x001129cc        0x0 /opt/altera/13.0sp1/nios2eds/bin/gnu/H-i686-pc-linux-gnu/bin/../lib/gcc/nios2-elf/4.1.2/mno-hw-mul/libgcc.a(_lt_df.o)
 .data          0x001129cc        0x0 /opt/altera/13.0sp1/nios2eds/bin/gnu/H-i686-pc-linux-gnu/bin/../lib/gcc/nios2-elf/4.1.2/mno-hw-mul/libgcc.a(_usi_to_df.o)
 .data          0x001129cc        0x0 /opt/altera/13.0sp1/nios2eds/bin/gnu/H-i686-pc-linux-gnu/bin/../lib/gcc/nios2-elf/4.1.2/mno-hw-mul/libgcc.a(_muldi3.o)
 .data          0x001129cc        0x0 /opt/altera/13.0sp1/nios2eds/bin/gnu/H-i686-pc-linux-gnu/bin/../lib/gcc/nios2-elf/4.1.2/mno-hw-mul/libgcc.a(_fpcmp_parts_df.o)
 .data          0x001129cc        0x0 ../bsp//libucosii_bsp.a(alt_alarm_start.o)
 .data          0x001129cc        0x0 ../bsp//libucosii_bsp.a(alt_close.o)
 .data          0x001129cc      0x1a8 ../bsp//libucosii_bsp.a(alt_dev.o)
                0x001129cc                alt_dev_null
                0x001129f4                alt_fd_list
 .data          0x00112b74        0x0 ../bsp//libucosii_bsp.a(alt_errno.o)
 .data          0x00112b74        0x0 ../bsp//libucosii_bsp.a(alt_fstat.o)
 .data          0x00112b74        0x0 ../bsp//libucosii_bsp.a(alt_isatty.o)
 .data          0x00112b74        0x0 ../bsp//libucosii_bsp.a(alt_load.o)
 .data          0x00112b74        0x0 ../bsp//libucosii_bsp.a(alt_lseek.o)
 .data          0x00112b74        0x0 ../bsp//libucosii_bsp.a(alt_main.o)
 .data          0x00112b74        0x0 ../bsp//libucosii_bsp.a(alt_read.o)
 .data          0x00112b74        0x0 ../bsp//libucosii_bsp.a(alt_release_fd.o)
 .data          0x00112b74        0x0 ../bsp//libucosii_bsp.a(alt_sbrk.o)
 .data          0x00112b74        0x0 ../bsp//libucosii_bsp.a(alt_tick.o)
 .data          0x00112b74        0x0 ../bsp//libucosii_bsp.a(alt_write.o)
 .data          0x00112b74        0x0 ../bsp//libucosii_bsp.a(alt_env_lock.o)
 .data          0x00112b74        0x0 ../bsp//libucosii_bsp.a(alt_malloc_lock.o)
 .data          0x00112b74        0x0 ../bsp//libucosii_bsp.a(os_core.o)
 .data          0x00112b74        0x0 ../bsp//libucosii_bsp.a(os_dbg.o)
 .data          0x00112b74        0x0 ../bsp//libucosii_bsp.a(os_flag.o)
 .data          0x00112b74        0x0 ../bsp//libucosii_bsp.a(os_mbox.o)
 .data          0x00112b74        0x0 ../bsp//libucosii_bsp.a(os_mem.o)
 .data          0x00112b74        0x0 ../bsp//libucosii_bsp.a(os_q.o)
 .data          0x00112b74        0x0 ../bsp//libucosii_bsp.a(os_sem.o)
 .data          0x00112b74        0x0 ../bsp//libucosii_bsp.a(os_task.o)
 .data          0x00112b74        0x0 ../bsp//libucosii_bsp.a(os_time.o)
 .data          0x00112b74        0x0 ../bsp//libucosii_bsp.a(os_tmr.o)
 .data          0x00112b74     0x1098 ../bsp//libucosii_bsp.a(alt_sys_init.o)
 .data          0x00113c0c        0x0 ../bsp//libucosii_bsp.a(altera_avalon_jtag_uart_fd.o)
 .data          0x00113c0c        0x0 ../bsp//libucosii_bsp.a(altera_avalon_jtag_uart_init.o)
 .data          0x00113c0c        0x0 ../bsp//libucosii_bsp.a(altera_avalon_jtag_uart_ioctl.o)
 .data          0x00113c0c        0x0 ../bsp//libucosii_bsp.a(altera_avalon_jtag_uart_read.o)
 .data          0x00113c0c        0x0 ../bsp//libucosii_bsp.a(altera_avalon_jtag_uart_write.o)
 .data          0x00113c0c        0x0 ../bsp//libucosii_bsp.a(altera_avalon_timer_sc.o)
 .data          0x00113c0c        0x0 ../bsp//libucosii_bsp.a(altera_up_avalon_character_lcd.o)
 .data          0x00113c0c        0x0 ../bsp//libucosii_bsp.a(alt_dcache_flush_all.o)
 .data          0x00113c0c        0x0 ../bsp//libucosii_bsp.a(alt_dev_llist_insert.o)
 .data          0x00113c0c        0x0 ../bsp//libucosii_bsp.a(alt_do_ctors.o)
 .data          0x00113c0c        0x0 ../bsp//libucosii_bsp.a(alt_do_dtors.o)
 .data          0x00113c0c        0x0 ../bsp//libucosii_bsp.a(alt_find_dev.o)
 .data          0x00113c0c        0x0 ../bsp//libucosii_bsp.a(alt_icache_flush_all.o)
 .data          0x00113c0c        0x0 ../bsp//libucosii_bsp.a(alt_iic.o)
 .data          0x00113c0c        0x0 ../bsp//libucosii_bsp.a(alt_iic_isr_register.o)
 .data          0x00113c0c        0x0 ../bsp//libucosii_bsp.a(alt_io_redirect.o)
 .data          0x00113c0c        0x0 ../bsp//libucosii_bsp.a(alt_irq_entry.o)
 .data          0x00113c0c        0x0 ../bsp//libucosii_bsp.a(alt_irq_handler.o)
 .data          0x00113c0c        0x0 ../bsp//libucosii_bsp.a(alt_irq_vars.o)
 .data          0x00113c0c        0x0 ../bsp//libucosii_bsp.a(alt_open.o)
 .data          0x00113c0c        0x0 ../bsp//libucosii_bsp.a(altera_nios2_qsys_irq.o)
 .data          0x00113c0c        0x0 ../bsp//libucosii_bsp.a(os_cpu_a.o)
 .data          0x00113c0c        0x0 ../bsp//libucosii_bsp.a(os_cpu_c.o)
 .data          0x00113c0c        0x0 ../bsp//libucosii_bsp.a(alt_exception_entry.o)
 .data          0x00113c0c        0x0 ../bsp//libucosii_bsp.a(alt_find_file.o)
 .data          0x00113c0c        0x0 ../bsp//libucosii_bsp.a(alt_get_fd.o)
 .data          0x00113c0c        0x0 /opt/altera/13.0sp1/nios2eds/bin/gnu/H-i686-pc-linux-gnu/bin/../lib/gcc/nios2-elf/4.1.2/../../../../nios2-elf/lib/mno-hw-mul/libc.a(lib_a-atexit.o)
 .data          0x00113c0c        0x0 /opt/altera/13.0sp1/nios2eds/bin/gnu/H-i686-pc-linux-gnu/bin/../lib/gcc/nios2-elf/4.1.2/../../../../nios2-elf/lib/mno-hw-mul/libc.a(lib_a-exit.o)
 .data          0x00113c0c        0x0 /opt/altera/13.0sp1/nios2eds/bin/gnu/H-i686-pc-linux-gnu/bin/../lib/gcc/nios2-elf/4.1.2/../../../../nios2-elf/lib/mno-hw-mul/libc.a(lib_a-memcmp.o)
 .data          0x00113c0c        0x0 /opt/altera/13.0sp1/nios2eds/bin/gnu/H-i686-pc-linux-gnu/bin/../lib/gcc/nios2-elf/4.1.2/../../../../nios2-elf/lib/mno-hw-mul/libc.a(lib_a-__atexit.o)
 .data          0x00113c0c        0x0 /opt/altera/13.0sp1/nios2eds/bin/gnu/H-i686-pc-linux-gnu/bin/../lib/gcc/nios2-elf/4.1.2/../../../../nios2-elf/lib/mno-hw-mul/libc.a(lib_a-__call_atexit.o)
 .data          0x00113c0c        0x0 /opt/altera/13.0sp1/nios2eds/bin/gnu/H-i686-pc-linux-gnu/bin/../lib/gcc/nios2-elf/4.1.2/mno-hw-mul/libgcc.a(_fixunsdfsi.o)
 .data          0x00113c0c        0x0 ../bsp//libucosii_bsp.a(alt_exit.o)
                0x0011bc0c                _gp = ABSOLUTE ((. + 0x8000))
                0x0011bc0c                PROVIDE (gp, _gp)
 *(.rwdata .rwdata.*)
 *(.sdata .sdata.* .gnu.linkonce.s.*)
 .sdata         0x00113c0c        0x8 /opt/altera/13.0sp1/nios2eds/bin/gnu/H-i686-pc-linux-gnu/bin/../lib/gcc/nios2-elf/4.1.2/../../../../nios2-elf/lib/mno-hw-mul/libc.a(lib_a-impure.o)
                0x00113c0c                _impure_ptr
                0x00113c10                _global_impure_ptr
 .sdata         0x00113c14        0x8 /opt/altera/13.0sp1/nios2eds/bin/gnu/H-i686-pc-linux-gnu/bin/../lib/gcc/nios2-elf/4.1.2/../../../../nios2-elf/lib/mno-hw-mul/libc.a(lib_a-locale.o)
                0x00113c14                __mb_cur_max
 .sdata         0x00113c1c        0x8 /opt/altera/13.0sp1/nios2eds/bin/gnu/H-i686-pc-linux-gnu/bin/../lib/gcc/nios2-elf/4.1.2/../../../../nios2-elf/lib/mno-hw-mul/libc.a(lib_a-mallocr.o)
                0x00113c1c                __malloc_trim_threshold
                0x00113c20                __malloc_sbrk_base
 .sdata         0x00113c24       0x14 ../bsp//libucosii_bsp.a(alt_dev.o)
                0x00113c24                alt_fs_list
                0x00113c2c                alt_dev_list
                0x00113c34                alt_max_fd
 .sdata         0x00113c38        0x4 ../bsp//libucosii_bsp.a(alt_errno.o)
                0x00113c38                alt_errno
 .sdata         0x00113c3c        0x4 ../bsp//libucosii_bsp.a(alt_sbrk.o)
 .sdata         0x00113c40        0x8 ../bsp//libucosii_bsp.a(alt_tick.o)
                0x00113c40                alt_alarm_list
 .sdata         0x00113c48        0x4 ../bsp//libucosii_bsp.a(alt_env_lock.o)
 .sdata         0x00113c4c        0x4 ../bsp//libucosii_bsp.a(alt_malloc_lock.o)
 .sdata         0x00113c50       0x74 ../bsp//libucosii_bsp.a(os_dbg.o)
                0x00113c50                OSDebugEn
                0x00113c54                OSEndiannessTest
                0x00113c58                OSEventEn
                0x00113c5a                OSEventMax
                0x00113c5c                OSEventNameSize
                0x00113c5e                OSEventSize
                0x00113c60                OSEventTblSize
                0x00113c62                OSEventMultiEn
                0x00113c64                OSFlagEn
                0x00113c66                OSFlagGrpSize
                0x00113c68                OSFlagNodeSize
                0x00113c6a                OSFlagWidth
                0x00113c6c                OSFlagMax
                0x00113c6e                OSFlagNameSize
                0x00113c70                OSLowestPrio
                0x00113c72                OSMboxEn
                0x00113c74                OSMemEn
                0x00113c76                OSMemMax
                0x00113c78                OSMemNameSize
                0x00113c7a                OSMemSize
                0x00113c7c                OSMemTblSize
                0x00113c7e                OSMutexEn
                0x00113c80                OSPtrSize
                0x00113c82                OSQEn
                0x00113c84                OSQMax
                0x00113c86                OSQSize
                0x00113c88                OSRdyTblSize
                0x00113c8a                OSSemEn
                0x00113c8c                OSStkWidth
                0x00113c8e                OSTaskCreateEn
                0x00113c90                OSTaskCreateExtEn
                0x00113c92                OSTaskDelEn
                0x00113c94                OSTaskIdleStkSize
                0x00113c96                OSTaskProfileEn
                0x00113c98                OSTaskMax
                0x00113c9a                OSTaskNameSize
                0x00113c9c                OSTaskStatEn
                0x00113c9e                OSTaskStatStkSize
                0x00113ca0                OSTaskStatStkChkEn
                0x00113ca2                OSTaskSwHookEn
                0x00113ca4                OSTCBPrioTblMax
                0x00113ca6                OSTCBSize
                0x00113ca8                OSTicksPerSec
                0x00113caa                OSTimeTickHookEn
                0x00113cac                OSVersionNbr
                0x00113cae                OSTmrEn
                0x00113cb0                OSTmrCfgMax
                0x00113cb2                OSTmrCfgNameSize
                0x00113cb4                OSTmrCfgWheelSize
                0x00113cb6                OSTmrCfgTicksPerSec
                0x00113cb8                OSTmrSize
                0x00113cba                OSTmrTblSize
                0x00113cbc                OSTmrWheelSize
                0x00113cbe                OSTmrWheelTblSize
                0x00113cc0                OSDataSize
 .sdata         0x00113cc4        0x4 ../bsp//libucosii_bsp.a(alt_irq_vars.o)
                0x00113cc4                alt_priority_mask
 *(.sdata2 .sdata2.* .gnu.linkonce.s2.*)
                0x00113cc8                . = ALIGN (0x4)
                0x00113cc8                _edata = ABSOLUTE (.)
                0x00113cc8                PROVIDE (edata, ABSOLUTE (.))
                0x00113cc8                PROVIDE (__ram_rwdata_end, ABSOLUTE (.))
                0x00113cc8                PROVIDE (__flash_rwdata_start, LOADADDR (.rwdata))

.bss            0x00115804     0xa124
                0x00115804                __bss_start = ABSOLUTE (.)
                0x00115804                PROVIDE (__sbss_start, ABSOLUTE (.))
                0x00115804                PROVIDE (___sbss_start, ABSOLUTE (.))
 *(.dynsbss)
 *(.sbss .sbss.* .gnu.linkonce.sb.*)
 .sbss          0x00115804        0x8 obj/default/SoftTimer.o
                0x00115804                led_green
                0x00115808                led_red
 .sbss          0x0011580c       0x24 obj/default/SoftTimer.o
                0x0011580c                Mbox_Throttle
                0x00115810                Mbox_Velocity
                0x00115814                ControlSem
                0x00115818                ControlTmr
                0x0011581c                VehicleTmr
                0x00115820                Mbox_Engine
                0x00115824                delay
                0x00115828                VehicleSem
                0x0011582c                Mbox_Brake
 .sbss          0x00115830        0xc /opt/altera/13.0sp1/nios2eds/bin/gnu/H-i686-pc-linux-gnu/bin/../lib/gcc/nios2-elf/4.1.2/../../../../nios2-elf/lib/mno-hw-mul/libc.a(lib_a-locale.o)
                0x00115830                __nlocale_changed
                0x00115834                __mlocale_changed
                0x00115838                _PathLocale
 .sbss          0x0011583c        0xc /opt/altera/13.0sp1/nios2eds/bin/gnu/H-i686-pc-linux-gnu/bin/../lib/gcc/nios2-elf/4.1.2/../../../../nios2-elf/lib/mno-hw-mul/libc.a(lib_a-mallocr.o)
                0x0011583c                __malloc_top_pad
                0x00115840                __malloc_max_sbrked_mem
                0x00115844                __malloc_max_total_mem
 .sbss          0x00115848        0x4 /opt/altera/13.0sp1/nios2eds/bin/gnu/H-i686-pc-linux-gnu/bin/../lib/gcc/nios2-elf/4.1.2/../../../../nios2-elf/lib/mno-hw-mul/libc.a(lib_a-int_errno.o)
                0x00115848                errno
 .sbss          0x0011584c        0x4 ../bsp//libucosii_bsp.a(alt_dev.o)
                0x0011584c                alt_fd_list_lock
 .sbss          0x00115850        0xc ../bsp//libucosii_bsp.a(alt_main.o)
                0x00115850                alt_argc
                0x00115854                alt_argv
                0x00115858                alt_envp
 .sbss          0x0011585c        0x8 ../bsp//libucosii_bsp.a(alt_tick.o)
                0x0011585c                _alt_tick_rate
                0x00115860                _alt_nticks
 .sbss          0x00115864        0x8 ../bsp//libucosii_bsp.a(alt_env_lock.o)
                0x00115868                alt_envsem
 .sbss          0x0011586c        0x8 ../bsp//libucosii_bsp.a(alt_malloc_lock.o)
                0x00115870                alt_heapsem
 .sbss          0x00115874       0x68 ../bsp//libucosii_bsp.a(os_core.o)
                0x00115874                OSTmrFreeList
                0x00115878                OSLockNesting
                0x0011587c                OSTmrSemSignal
                0x00115880                OSRunning
                0x00115884                OSIdleCtr
                0x00115888                OSTmrUsed
                0x0011588a                OSPrioHighRdy
                0x0011588b                OSPrioCur
                0x0011588c                OSTCBList
                0x00115890                OSTickStepState
                0x00115894                OSCtxSwCtr
                0x00115898                OSTmrFree
                0x0011589c                OSIdleCtrMax
                0x001158a0                OSTCBFreeList
                0x001158a4                OSCPUUsage
                0x001158a5                OSTaskCtr
                0x001158a8                OSMemFreeList
                0x001158ac                OSTCBHighRdy
                0x001158b0                OSQFreeList
                0x001158b4                OSRdyGrp
                0x001158b5                OSRdyTbl
                0x001158b8                OSEventFreeList
                0x001158bc                OSIntNesting
                0x001158c0                OSTCBCur
                0x001158c4                OSTmrTime
                0x001158c8                OSTime
                0x001158cc                OSTmrSem
                0x001158d0                OSFlagFreeList
                0x001158d4                OSStatRdy
                0x001158d8                OSIdleCtrRun
 .sbss          0x001158dc        0x4 ../bsp//libucosii_bsp.a(alt_irq_vars.o)
                0x001158dc                alt_irq_active
 .sbss          0x001158e0        0x2 ../bsp//libucosii_bsp.a(os_cpu_c.o)
 *(.sbss2 .sbss2.* .gnu.linkonce.sb2.*)
 *(.scommon)
                0x001158e2                PROVIDE (__sbss_end, ABSOLUTE (.))
                0x001158e2                PROVIDE (___sbss_end, ABSOLUTE (.))
 *(.dynbss)
 *(.bss .bss.* .gnu.linkonce.b.*)
 .bss           0x001158e2        0x0 ../bsp//obj/HAL/src/crt0.o
 *fill*         0x001158e2        0x2 00
 .bss           0x001158e4       0x18 obj/default/SoftTimer.o
 .bss           0x001158fc        0x0 /opt/altera/13.0sp1/nios2eds/bin/gnu/H-i686-pc-linux-gnu/bin/../lib/gcc/nios2-elf/4.1.2/mno-hw-mul/libgcc.a(_addsub_df.o)
 .bss           0x001158fc        0x0 /opt/altera/13.0sp1/nios2eds/bin/gnu/H-i686-pc-linux-gnu/bin/../lib/gcc/nios2-elf/4.1.2/mno-hw-mul/libgcc.a(_div_df.o)
 .bss           0x001158fc        0x0 /opt/altera/13.0sp1/nios2eds/bin/gnu/H-i686-pc-linux-gnu/bin/../lib/gcc/nios2-elf/4.1.2/mno-hw-mul/libgcc.a(_si_to_df.o)
 .bss           0x001158fc        0x0 /opt/altera/13.0sp1/nios2eds/bin/gnu/H-i686-pc-linux-gnu/bin/../lib/gcc/nios2-elf/4.1.2/mno-hw-mul/libgcc.a(_df_to_si.o)
 .bss           0x001158fc        0x0 /opt/altera/13.0sp1/nios2eds/bin/gnu/H-i686-pc-linux-gnu/bin/../lib/gcc/nios2-elf/4.1.2/mno-hw-mul/libgcc.a(_thenan_df.o)
 .bss           0x001158fc        0x0 /opt/altera/13.0sp1/nios2eds/bin/gnu/H-i686-pc-linux-gnu/bin/../lib/gcc/nios2-elf/4.1.2/mno-hw-mul/libgcc.a(lib2-divmod.o)
 .bss           0x001158fc        0x0 /opt/altera/13.0sp1/nios2eds/bin/gnu/H-i686-pc-linux-gnu/bin/../lib/gcc/nios2-elf/4.1.2/mno-hw-mul/libgcc.a(lib2-mul.o)
 .bss           0x001158fc        0x0 /opt/altera/13.0sp1/nios2eds/bin/gnu/H-i686-pc-linux-gnu/bin/../lib/gcc/nios2-elf/4.1.2/mno-hw-mul/libgcc.a(_clzsi2.o)
 .bss           0x001158fc        0x0 /opt/altera/13.0sp1/nios2eds/bin/gnu/H-i686-pc-linux-gnu/bin/../lib/gcc/nios2-elf/4.1.2/mno-hw-mul/libgcc.a(_pack_df.o)
 .bss           0x001158fc        0x0 /opt/altera/13.0sp1/nios2eds/bin/gnu/H-i686-pc-linux-gnu/bin/../lib/gcc/nios2-elf/4.1.2/mno-hw-mul/libgcc.a(_unpack_df.o)
 .bss           0x001158fc        0x0 /opt/altera/13.0sp1/nios2eds/bin/gnu/H-i686-pc-linux-gnu/bin/../lib/gcc/nios2-elf/4.1.2/mno-hw-mul/libgcc.a(_clz.o)
 .bss           0x001158fc        0x0 /opt/altera/13.0sp1/nios2eds/bin/gnu/H-i686-pc-linux-gnu/bin/../lib/gcc/nios2-elf/4.1.2/../../../../nios2-elf/lib/mno-hw-mul/libc.a(lib_a-printf.o)
 .bss           0x001158fc        0x0 /opt/altera/13.0sp1/nios2eds/bin/gnu/H-i686-pc-linux-gnu/bin/../lib/gcc/nios2-elf/4.1.2/../../../../nios2-elf/lib/mno-hw-mul/libc.a(lib_a-puts.o)
 .bss           0x001158fc        0x0 /opt/altera/13.0sp1/nios2eds/bin/gnu/H-i686-pc-linux-gnu/bin/../lib/gcc/nios2-elf/4.1.2/../../../../nios2-elf/lib/mno-hw-mul/libc.a(lib_a-strlen.o)
 .bss           0x001158fc        0x0 /opt/altera/13.0sp1/nios2eds/bin/gnu/H-i686-pc-linux-gnu/bin/../lib/gcc/nios2-elf/4.1.2/../../../../nios2-elf/lib/mno-hw-mul/libc.a(lib_a-vfprintf.o)
 .bss           0x001158fc        0x0 /opt/altera/13.0sp1/nios2eds/bin/gnu/H-i686-pc-linux-gnu/bin/../lib/gcc/nios2-elf/4.1.2/../../../../nios2-elf/lib/mno-hw-mul/libc.a(lib_a-wsetup.o)
 .bss           0x001158fc        0x0 /opt/altera/13.0sp1/nios2eds/bin/gnu/H-i686-pc-linux-gnu/bin/../lib/gcc/nios2-elf/4.1.2/../../../../nios2-elf/lib/mno-hw-mul/libc.a(lib_a-dtoa.o)
 .bss           0x001158fc        0x0 /opt/altera/13.0sp1/nios2eds/bin/gnu/H-i686-pc-linux-gnu/bin/../lib/gcc/nios2-elf/4.1.2/../../../../nios2-elf/lib/mno-hw-mul/libc.a(lib_a-fflush.o)
 .bss           0x001158fc        0x0 /opt/altera/13.0sp1/nios2eds/bin/gnu/H-i686-pc-linux-gnu/bin/../lib/gcc/nios2-elf/4.1.2/../../../../nios2-elf/lib/mno-hw-mul/libc.a(lib_a-findfp.o)
 .bss           0x001158fc        0x0 /opt/altera/13.0sp1/nios2eds/bin/gnu/H-i686-pc-linux-gnu/bin/../lib/gcc/nios2-elf/4.1.2/../../../../nios2-elf/lib/mno-hw-mul/libc.a(lib_a-freer.o)
 .bss           0x001158fc        0x0 /opt/altera/13.0sp1/nios2eds/bin/gnu/H-i686-pc-linux-gnu/bin/../lib/gcc/nios2-elf/4.1.2/../../../../nios2-elf/lib/mno-hw-mul/libc.a(lib_a-fvwrite.o)
 .bss           0x001158fc        0x0 /opt/altera/13.0sp1/nios2eds/bin/gnu/H-i686-pc-linux-gnu/bin/../lib/gcc/nios2-elf/4.1.2/../../../../nios2-elf/lib/mno-hw-mul/libc.a(lib_a-fwalk.o)
 .bss           0x001158fc        0x0 /opt/altera/13.0sp1/nios2eds/bin/gnu/H-i686-pc-linux-gnu/bin/../lib/gcc/nios2-elf/4.1.2/../../../../nios2-elf/lib/mno-hw-mul/libc.a(lib_a-impure.o)
 .bss           0x001158fc        0x0 /opt/altera/13.0sp1/nios2eds/bin/gnu/H-i686-pc-linux-gnu/bin/../lib/gcc/nios2-elf/4.1.2/../../../../nios2-elf/lib/mno-hw-mul/libc.a(lib_a-locale.o)
 .bss           0x001158fc        0x0 /opt/altera/13.0sp1/nios2eds/bin/gnu/H-i686-pc-linux-gnu/bin/../lib/gcc/nios2-elf/4.1.2/../../../../nios2-elf/lib/mno-hw-mul/libc.a(lib_a-makebuf.o)
 .bss           0x001158fc       0x28 /opt/altera/13.0sp1/nios2eds/bin/gnu/H-i686-pc-linux-gnu/bin/../lib/gcc/nios2-elf/4.1.2/../../../../nios2-elf/lib/mno-hw-mul/libc.a(lib_a-mallocr.o)
                0x001158fc                __malloc_current_mallinfo
 .bss           0x00115924        0x0 /opt/altera/13.0sp1/nios2eds/bin/gnu/H-i686-pc-linux-gnu/bin/../lib/gcc/nios2-elf/4.1.2/../../../../nios2-elf/lib/mno-hw-mul/libc.a(lib_a-memchr.o)
 .bss           0x00115924        0x0 /opt/altera/13.0sp1/nios2eds/bin/gnu/H-i686-pc-linux-gnu/bin/../lib/gcc/nios2-elf/4.1.2/../../../../nios2-elf/lib/mno-hw-mul/libc.a(lib_a-memcpy.o)
 .bss           0x00115924        0x0 /opt/altera/13.0sp1/nios2eds/bin/gnu/H-i686-pc-linux-gnu/bin/../lib/gcc/nios2-elf/4.1.2/../../../../nios2-elf/lib/mno-hw-mul/libc.a(lib_a-memmove.o)
 .bss           0x00115924        0x0 /opt/altera/13.0sp1/nios2eds/bin/gnu/H-i686-pc-linux-gnu/bin/../lib/gcc/nios2-elf/4.1.2/../../../../nios2-elf/lib/mno-hw-mul/libc.a(lib_a-memset.o)
 .bss           0x00115924        0x0 /opt/altera/13.0sp1/nios2eds/bin/gnu/H-i686-pc-linux-gnu/bin/../lib/gcc/nios2-elf/4.1.2/../../../../nios2-elf/lib/mno-hw-mul/libc.a(lib_a-mprec.o)
 .bss           0x00115924        0x0 /opt/altera/13.0sp1/nios2eds/bin/gnu/H-i686-pc-linux-gnu/bin/../lib/gcc/nios2-elf/4.1.2/../../../../nios2-elf/lib/mno-hw-mul/libc.a(lib_a-reallocr.o)
 .bss           0x00115924        0x0 /opt/altera/13.0sp1/nios2eds/bin/gnu/H-i686-pc-linux-gnu/bin/../lib/gcc/nios2-elf/4.1.2/../../../../nios2-elf/lib/mno-hw-mul/libc.a(lib_a-s_isinfd.o)
 .bss           0x00115924        0x0 /opt/altera/13.0sp1/nios2eds/bin/gnu/H-i686-pc-linux-gnu/bin/../lib/gcc/nios2-elf/4.1.2/../../../../nios2-elf/lib/mno-hw-mul/libc.a(lib_a-s_isnand.o)
 .bss           0x00115924        0x0 /opt/altera/13.0sp1/nios2eds/bin/gnu/H-i686-pc-linux-gnu/bin/../lib/gcc/nios2-elf/4.1.2/../../../../nios2-elf/lib/mno-hw-mul/libc.a(lib_a-sbrkr.o)
 .bss           0x00115924        0x0 /opt/altera/13.0sp1/nios2eds/bin/gnu/H-i686-pc-linux-gnu/bin/../lib/gcc/nios2-elf/4.1.2/../../../../nios2-elf/lib/mno-hw-mul/libc.a(lib_a-stdio.o)
 .bss           0x00115924        0x0 /opt/altera/13.0sp1/nios2eds/bin/gnu/H-i686-pc-linux-gnu/bin/../lib/gcc/nios2-elf/4.1.2/../../../../nios2-elf/lib/mno-hw-mul/libc.a(lib_a-strcmp.o)
 .bss           0x00115924        0x0 /opt/altera/13.0sp1/nios2eds/bin/gnu/H-i686-pc-linux-gnu/bin/../lib/gcc/nios2-elf/4.1.2/../../../../nios2-elf/lib/mno-hw-mul/libc.a(lib_a-writer.o)
 .bss           0x00115924        0x0 /opt/altera/13.0sp1/nios2eds/bin/gnu/H-i686-pc-linux-gnu/bin/../lib/gcc/nios2-elf/4.1.2/../../../../nios2-elf/lib/mno-hw-mul/libc.a(lib_a-callocr.o)
 .bss           0x00115924        0x0 /opt/altera/13.0sp1/nios2eds/bin/gnu/H-i686-pc-linux-gnu/bin/../lib/gcc/nios2-elf/4.1.2/../../../../nios2-elf/lib/mno-hw-mul/libc.a(lib_a-closer.o)
 .bss           0x00115924        0x0 /opt/altera/13.0sp1/nios2eds/bin/gnu/H-i686-pc-linux-gnu/bin/../lib/gcc/nios2-elf/4.1.2/../../../../nios2-elf/lib/mno-hw-mul/libc.a(lib_a-fclose.o)
 .bss           0x00115924        0x0 /opt/altera/13.0sp1/nios2eds/bin/gnu/H-i686-pc-linux-gnu/bin/../lib/gcc/nios2-elf/4.1.2/../../../../nios2-elf/lib/mno-hw-mul/libc.a(lib_a-fstatr.o)
 .bss           0x00115924        0x0 /opt/altera/13.0sp1/nios2eds/bin/gnu/H-i686-pc-linux-gnu/bin/../lib/gcc/nios2-elf/4.1.2/../../../../nios2-elf/lib/mno-hw-mul/libc.a(lib_a-int_errno.o)
 .bss           0x00115924        0x0 /opt/altera/13.0sp1/nios2eds/bin/gnu/H-i686-pc-linux-gnu/bin/../lib/gcc/nios2-elf/4.1.2/../../../../nios2-elf/lib/mno-hw-mul/libc.a(lib_a-isattyr.o)
 .bss           0x00115924        0x0 /opt/altera/13.0sp1/nios2eds/bin/gnu/H-i686-pc-linux-gnu/bin/../lib/gcc/nios2-elf/4.1.2/../../../../nios2-elf/lib/mno-hw-mul/libc.a(lib_a-lseekr.o)
 .bss           0x00115924        0x0 /opt/altera/13.0sp1/nios2eds/bin/gnu/H-i686-pc-linux-gnu/bin/../lib/gcc/nios2-elf/4.1.2/../../../../nios2-elf/lib/mno-hw-mul/libc.a(lib_a-readr.o)
 .bss           0x00115924        0x0 /opt/altera/13.0sp1/nios2eds/bin/gnu/H-i686-pc-linux-gnu/bin/../lib/gcc/nios2-elf/4.1.2/mno-hw-mul/libgcc.a(_udivdi3.o)
 .bss           0x00115924        0x0 /opt/altera/13.0sp1/nios2eds/bin/gnu/H-i686-pc-linux-gnu/bin/../lib/gcc/nios2-elf/4.1.2/mno-hw-mul/libgcc.a(_umoddi3.o)
 .bss           0x00115924        0x0 /opt/altera/13.0sp1/nios2eds/bin/gnu/H-i686-pc-linux-gnu/bin/../lib/gcc/nios2-elf/4.1.2/mno-hw-mul/libgcc.a(_mul_df.o)
 .bss           0x00115924        0x0 /opt/altera/13.0sp1/nios2eds/bin/gnu/H-i686-pc-linux-gnu/bin/../lib/gcc/nios2-elf/4.1.2/mno-hw-mul/libgcc.a(_eq_df.o)
 .bss           0x00115924        0x0 /opt/altera/13.0sp1/nios2eds/bin/gnu/H-i686-pc-linux-gnu/bin/../lib/gcc/nios2-elf/4.1.2/mno-hw-mul/libgcc.a(_ne_df.o)
 .bss           0x00115924        0x0 /opt/altera/13.0sp1/nios2eds/bin/gnu/H-i686-pc-linux-gnu/bin/../lib/gcc/nios2-elf/4.1.2/mno-hw-mul/libgcc.a(_gt_df.o)
 .bss           0x00115924        0x0 /opt/altera/13.0sp1/nios2eds/bin/gnu/H-i686-pc-linux-gnu/bin/../lib/gcc/nios2-elf/4.1.2/mno-hw-mul/libgcc.a(_ge_df.o)
 .bss           0x00115924        0x0 /opt/altera/13.0sp1/nios2eds/bin/gnu/H-i686-pc-linux-gnu/bin/../lib/gcc/nios2-elf/4.1.2/mno-hw-mul/libgcc.a(_lt_df.o)
 .bss           0x00115924        0x0 /opt/altera/13.0sp1/nios2eds/bin/gnu/H-i686-pc-linux-gnu/bin/../lib/gcc/nios2-elf/4.1.2/mno-hw-mul/libgcc.a(_usi_to_df.o)
 .bss           0x00115924        0x0 /opt/altera/13.0sp1/nios2eds/bin/gnu/H-i686-pc-linux-gnu/bin/../lib/gcc/nios2-elf/4.1.2/mno-hw-mul/libgcc.a(_muldi3.o)
 .bss           0x00115924        0x0 /opt/altera/13.0sp1/nios2eds/bin/gnu/H-i686-pc-linux-gnu/bin/../lib/gcc/nios2-elf/4.1.2/mno-hw-mul/libgcc.a(_fpcmp_parts_df.o)
 .bss           0x00115924        0x0 ../bsp//libucosii_bsp.a(alt_alarm_start.o)
 .bss           0x00115924        0x0 ../bsp//libucosii_bsp.a(alt_close.o)
 .bss           0x00115924        0x0 ../bsp//libucosii_bsp.a(alt_dev.o)
 .bss           0x00115924        0x0 ../bsp//libucosii_bsp.a(alt_errno.o)
 .bss           0x00115924        0x0 ../bsp//libucosii_bsp.a(alt_fstat.o)
 .bss           0x00115924        0x0 ../bsp//libucosii_bsp.a(alt_isatty.o)
 .bss           0x00115924        0x0 ../bsp//libucosii_bsp.a(alt_load.o)
 .bss           0x00115924        0x0 ../bsp//libucosii_bsp.a(alt_lseek.o)
 .bss           0x00115924        0x0 ../bsp//libucosii_bsp.a(alt_main.o)
 .bss           0x00115924        0x0 ../bsp//libucosii_bsp.a(alt_read.o)
 .bss           0x00115924        0x0 ../bsp//libucosii_bsp.a(alt_release_fd.o)
 .bss           0x00115924        0x0 ../bsp//libucosii_bsp.a(alt_sbrk.o)
 .bss           0x00115924        0x0 ../bsp//libucosii_bsp.a(alt_tick.o)
 .bss           0x00115924        0x0 ../bsp//libucosii_bsp.a(alt_write.o)
 .bss           0x00115924        0x0 ../bsp//libucosii_bsp.a(alt_env_lock.o)
 .bss           0x00115924        0x0 ../bsp//libucosii_bsp.a(alt_malloc_lock.o)
 .bss           0x00115924        0x0 ../bsp//libucosii_bsp.a(os_core.o)
 .bss           0x00115924        0x0 ../bsp//libucosii_bsp.a(os_dbg.o)
 .bss           0x00115924        0x0 ../bsp//libucosii_bsp.a(os_flag.o)
 .bss           0x00115924        0x0 ../bsp//libucosii_bsp.a(os_mbox.o)
 .bss           0x00115924        0x0 ../bsp//libucosii_bsp.a(os_mem.o)
 .bss           0x00115924        0x0 ../bsp//libucosii_bsp.a(os_q.o)
 .bss           0x00115924        0x0 ../bsp//libucosii_bsp.a(os_sem.o)
 .bss           0x00115924        0x0 ../bsp//libucosii_bsp.a(os_task.o)
 .bss           0x00115924        0x0 ../bsp//libucosii_bsp.a(os_time.o)
 .bss           0x00115924        0x0 ../bsp//libucosii_bsp.a(os_tmr.o)
 .bss           0x00115924        0x0 ../bsp//libucosii_bsp.a(alt_sys_init.o)
 .bss           0x00115924        0x0 ../bsp//libucosii_bsp.a(altera_avalon_jtag_uart_fd.o)
 .bss           0x00115924        0x0 ../bsp//libucosii_bsp.a(altera_avalon_jtag_uart_init.o)
 .bss           0x00115924        0x0 ../bsp//libucosii_bsp.a(altera_avalon_jtag_uart_ioctl.o)
 .bss           0x00115924        0x0 ../bsp//libucosii_bsp.a(altera_avalon_jtag_uart_read.o)
 .bss           0x00115924        0x0 ../bsp//libucosii_bsp.a(altera_avalon_jtag_uart_write.o)
 .bss           0x00115924        0x0 ../bsp//libucosii_bsp.a(altera_avalon_timer_sc.o)
 .bss           0x00115924        0x0 ../bsp//libucosii_bsp.a(altera_up_avalon_character_lcd.o)
 .bss           0x00115924        0x0 ../bsp//libucosii_bsp.a(alt_dcache_flush_all.o)
 .bss           0x00115924        0x0 ../bsp//libucosii_bsp.a(alt_dev_llist_insert.o)
 .bss           0x00115924        0x0 ../bsp//libucosii_bsp.a(alt_do_ctors.o)
 .bss           0x00115924        0x0 ../bsp//libucosii_bsp.a(alt_do_dtors.o)
 .bss           0x00115924        0x0 ../bsp//libucosii_bsp.a(alt_find_dev.o)
 .bss           0x00115924        0x0 ../bsp//libucosii_bsp.a(alt_icache_flush_all.o)
 .bss           0x00115924        0x0 ../bsp//libucosii_bsp.a(alt_iic.o)
 .bss           0x00115924        0x0 ../bsp//libucosii_bsp.a(alt_iic_isr_register.o)
 .bss           0x00115924        0x0 ../bsp//libucosii_bsp.a(alt_io_redirect.o)
 .bss           0x00115924        0x0 ../bsp//libucosii_bsp.a(alt_irq_entry.o)
 .bss           0x00115924        0x0 ../bsp//libucosii_bsp.a(alt_irq_handler.o)
 .bss           0x00115924        0x0 ../bsp//libucosii_bsp.a(alt_irq_vars.o)
 .bss           0x00115924        0x0 ../bsp//libucosii_bsp.a(alt_open.o)
 .bss           0x00115924        0x0 ../bsp//libucosii_bsp.a(altera_nios2_qsys_irq.o)
 .bss           0x00115924        0x0 ../bsp//libucosii_bsp.a(os_cpu_a.o)
 .bss           0x00115924        0x0 ../bsp//libucosii_bsp.a(os_cpu_c.o)
 .bss           0x00115924        0x0 ../bsp//libucosii_bsp.a(alt_exception_entry.o)
 .bss           0x00115924        0x0 ../bsp//libucosii_bsp.a(alt_find_file.o)
 .bss           0x00115924        0x0 ../bsp//libucosii_bsp.a(alt_get_fd.o)
 .bss           0x00115924        0x0 /opt/altera/13.0sp1/nios2eds/bin/gnu/H-i686-pc-linux-gnu/bin/../lib/gcc/nios2-elf/4.1.2/../../../../nios2-elf/lib/mno-hw-mul/libc.a(lib_a-atexit.o)
 .bss           0x00115924        0x0 /opt/altera/13.0sp1/nios2eds/bin/gnu/H-i686-pc-linux-gnu/bin/../lib/gcc/nios2-elf/4.1.2/../../../../nios2-elf/lib/mno-hw-mul/libc.a(lib_a-exit.o)
 .bss           0x00115924        0x0 /opt/altera/13.0sp1/nios2eds/bin/gnu/H-i686-pc-linux-gnu/bin/../lib/gcc/nios2-elf/4.1.2/../../../../nios2-elf/lib/mno-hw-mul/libc.a(lib_a-memcmp.o)
 .bss           0x00115924        0x0 /opt/altera/13.0sp1/nios2eds/bin/gnu/H-i686-pc-linux-gnu/bin/../lib/gcc/nios2-elf/4.1.2/../../../../nios2-elf/lib/mno-hw-mul/libc.a(lib_a-__atexit.o)
 .bss           0x00115924        0x0 /opt/altera/13.0sp1/nios2eds/bin/gnu/H-i686-pc-linux-gnu/bin/../lib/gcc/nios2-elf/4.1.2/../../../../nios2-elf/lib/mno-hw-mul/libc.a(lib_a-__call_atexit.o)
 .bss           0x00115924        0x0 /opt/altera/13.0sp1/nios2eds/bin/gnu/H-i686-pc-linux-gnu/bin/../lib/gcc/nios2-elf/4.1.2/mno-hw-mul/libgcc.a(_fixunsdfsi.o)
 .bss           0x00115924        0x0 ../bsp//libucosii_bsp.a(alt_exit.o)
 *(COMMON)
 COMMON         0x00115924     0x6000 obj/default/SoftTimer.o
                0x00115924                ControlTask_Stack
                0x00117924                VehicleTask_Stack
                0x00119924                StartTask_Stack
 COMMON         0x0011b924     0x3d74 ../bsp//libucosii_bsp.a(os_core.o)
                0x0011b924                OSTmrWheelTbl
                0x0011b934                OSFlagTbl
                0x0011bca4                OSTmrTbl
                0x0011bfe4                OSMemTbl
                0x0011cc14                OSTaskStatStk
                0x0011d414                OSQTbl
                0x0011d5f4                OSTmrTaskStk
                0x0011ddf4                OSTaskIdleStk
                0x0011e5f4                OSEventTbl
                0x0011f134                OSTCBTbl
                0x0011f644                OSTCBPrioTbl
 COMMON         0x0011f698      0x100 ../bsp//libucosii_bsp.a(alt_irq_handler.o)
                0x0011f698                alt_irq
 COMMON         0x0011f798      0x190 /opt/altera/13.0sp1/nios2eds/bin/gnu/H-i686-pc-linux-gnu/bin/../lib/gcc/nios2-elf/4.1.2/../../../../nios2-elf/lib/mno-hw-mul/libc.a(lib_a-atexit.o)
                0x0011f798                _atexit0
                0x0011f928                . = ALIGN (0x4)
                0x0011f928                __bss_end = ABSOLUTE (.)

.onchip_memory  0x00000000        0x0 load address 0x0011f928
                0x00000000                PROVIDE (_alt_partition_onchip_memory_start, ABSOLUTE (.))
 *(.onchip_memory. onchip_memory.*)
                0x00000000                . = ALIGN (0x4)
                0x00000000                PROVIDE (_alt_partition_onchip_memory_end, ABSOLUTE (.))
                0x0011f928                PROVIDE (_alt_partition_onchip_memory_load_addr, LOADADDR (.onchip_memory))

.sram           0x0011f928        0x0
                0x0011f928                PROVIDE (_alt_partition_sram_start, ABSOLUTE (.))
 *(.sram. sram.*)
                0x0011f928                . = ALIGN (0x4)
                0x0011f928                PROVIDE (_alt_partition_sram_end, ABSOLUTE (.))
                0x0011f928                _end = ABSOLUTE (.)
                0x0011f928                end = ABSOLUTE (.)
                0x0011f928                __alt_stack_base = ABSOLUTE (.)
                0x0011f928                PROVIDE (_alt_partition_sram_load_addr, LOADADDR (.sram))

.sdram          0x01000144        0x0 load address 0x0011f928
                0x01000144                PROVIDE (_alt_partition_sdram_start, ABSOLUTE (.))
 *(.sdram. sdram.*)
                0x01000144                . = ALIGN (0x4)
                0x01000144                PROVIDE (_alt_partition_sdram_end, ABSOLUTE (.))
                0x0011f928                PROVIDE (_alt_partition_sdram_load_addr, LOADADDR (.sdram))

.stab
 *(.stab)

.stabstr
 *(.stabstr)

.stab.excl
 *(.stab.excl)

.stab.exclstr
 *(.stab.exclstr)

.stab.index
 *(.stab.index)

.stab.indexstr
 *(.stab.indexstr)

.comment        0x00000000       0x26
 *(.comment)
 .comment       0x00000000       0x26 obj/default/SoftTimer.o
                                 0x27 (size before relaxing)
 .comment       0x00000000       0x27 /opt/altera/13.0sp1/nios2eds/bin/gnu/H-i686-pc-linux-gnu/bin/../lib/gcc/nios2-elf/4.1.2/mno-hw-mul/libgcc.a(_addsub_df.o)
 .comment       0x00000000       0x27 /opt/altera/13.0sp1/nios2eds/bin/gnu/H-i686-pc-linux-gnu/bin/../lib/gcc/nios2-elf/4.1.2/mno-hw-mul/libgcc.a(_div_df.o)
 .comment       0x00000000       0x27 /opt/altera/13.0sp1/nios2eds/bin/gnu/H-i686-pc-linux-gnu/bin/../lib/gcc/nios2-elf/4.1.2/mno-hw-mul/libgcc.a(_si_to_df.o)
 .comment       0x00000000       0x27 /opt/altera/13.0sp1/nios2eds/bin/gnu/H-i686-pc-linux-gnu/bin/../lib/gcc/nios2-elf/4.1.2/mno-hw-mul/libgcc.a(_df_to_si.o)
 .comment       0x00000000       0x27 /opt/altera/13.0sp1/nios2eds/bin/gnu/H-i686-pc-linux-gnu/bin/../lib/gcc/nios2-elf/4.1.2/mno-hw-mul/libgcc.a(_thenan_df.o)
 .comment       0x00000000       0x27 /opt/altera/13.0sp1/nios2eds/bin/gnu/H-i686-pc-linux-gnu/bin/../lib/gcc/nios2-elf/4.1.2/mno-hw-mul/libgcc.a(lib2-divmod.o)
 .comment       0x00000000       0x27 /opt/altera/13.0sp1/nios2eds/bin/gnu/H-i686-pc-linux-gnu/bin/../lib/gcc/nios2-elf/4.1.2/mno-hw-mul/libgcc.a(lib2-mul.o)
 .comment       0x00000000       0x27 /opt/altera/13.0sp1/nios2eds/bin/gnu/H-i686-pc-linux-gnu/bin/../lib/gcc/nios2-elf/4.1.2/mno-hw-mul/libgcc.a(_clzsi2.o)
 .comment       0x00000000       0x27 /opt/altera/13.0sp1/nios2eds/bin/gnu/H-i686-pc-linux-gnu/bin/../lib/gcc/nios2-elf/4.1.2/mno-hw-mul/libgcc.a(_pack_df.o)
 .comment       0x00000000       0x27 /opt/altera/13.0sp1/nios2eds/bin/gnu/H-i686-pc-linux-gnu/bin/../lib/gcc/nios2-elf/4.1.2/mno-hw-mul/libgcc.a(_unpack_df.o)
 .comment       0x00000000       0x27 /opt/altera/13.0sp1/nios2eds/bin/gnu/H-i686-pc-linux-gnu/bin/../lib/gcc/nios2-elf/4.1.2/mno-hw-mul/libgcc.a(_clz.o)
 .comment       0x00000000       0x27 /opt/altera/13.0sp1/nios2eds/bin/gnu/H-i686-pc-linux-gnu/bin/../lib/gcc/nios2-elf/4.1.2/../../../../nios2-elf/lib/mno-hw-mul/libc.a(lib_a-printf.o)
 .comment       0x00000000       0x27 /opt/altera/13.0sp1/nios2eds/bin/gnu/H-i686-pc-linux-gnu/bin/../lib/gcc/nios2-elf/4.1.2/../../../../nios2-elf/lib/mno-hw-mul/libc.a(lib_a-puts.o)
 .comment       0x00000000       0x27 /opt/altera/13.0sp1/nios2eds/bin/gnu/H-i686-pc-linux-gnu/bin/../lib/gcc/nios2-elf/4.1.2/../../../../nios2-elf/lib/mno-hw-mul/libc.a(lib_a-strlen.o)
 .comment       0x00000000       0x27 /opt/altera/13.0sp1/nios2eds/bin/gnu/H-i686-pc-linux-gnu/bin/../lib/gcc/nios2-elf/4.1.2/../../../../nios2-elf/lib/mno-hw-mul/libc.a(lib_a-vfprintf.o)
 .comment       0x00000000       0x27 /opt/altera/13.0sp1/nios2eds/bin/gnu/H-i686-pc-linux-gnu/bin/../lib/gcc/nios2-elf/4.1.2/../../../../nios2-elf/lib/mno-hw-mul/libc.a(lib_a-wsetup.o)
 .comment       0x00000000       0x27 /opt/altera/13.0sp1/nios2eds/bin/gnu/H-i686-pc-linux-gnu/bin/../lib/gcc/nios2-elf/4.1.2/../../../../nios2-elf/lib/mno-hw-mul/libc.a(lib_a-dtoa.o)
 .comment       0x00000000       0x27 /opt/altera/13.0sp1/nios2eds/bin/gnu/H-i686-pc-linux-gnu/bin/../lib/gcc/nios2-elf/4.1.2/../../../../nios2-elf/lib/mno-hw-mul/libc.a(lib_a-fflush.o)
 .comment       0x00000000       0x27 /opt/altera/13.0sp1/nios2eds/bin/gnu/H-i686-pc-linux-gnu/bin/../lib/gcc/nios2-elf/4.1.2/../../../../nios2-elf/lib/mno-hw-mul/libc.a(lib_a-findfp.o)
 .comment       0x00000000       0x27 /opt/altera/13.0sp1/nios2eds/bin/gnu/H-i686-pc-linux-gnu/bin/../lib/gcc/nios2-elf/4.1.2/../../../../nios2-elf/lib/mno-hw-mul/libc.a(lib_a-freer.o)
 .comment       0x00000000       0x27 /opt/altera/13.0sp1/nios2eds/bin/gnu/H-i686-pc-linux-gnu/bin/../lib/gcc/nios2-elf/4.1.2/../../../../nios2-elf/lib/mno-hw-mul/libc.a(lib_a-fvwrite.o)
 .comment       0x00000000       0x27 /opt/altera/13.0sp1/nios2eds/bin/gnu/H-i686-pc-linux-gnu/bin/../lib/gcc/nios2-elf/4.1.2/../../../../nios2-elf/lib/mno-hw-mul/libc.a(lib_a-fwalk.o)
 .comment       0x00000000       0x27 /opt/altera/13.0sp1/nios2eds/bin/gnu/H-i686-pc-linux-gnu/bin/../lib/gcc/nios2-elf/4.1.2/../../../../nios2-elf/lib/mno-hw-mul/libc.a(lib_a-impure.o)
 .comment       0x00000000       0x27 /opt/altera/13.0sp1/nios2eds/bin/gnu/H-i686-pc-linux-gnu/bin/../lib/gcc/nios2-elf/4.1.2/../../../../nios2-elf/lib/mno-hw-mul/libc.a(lib_a-locale.o)
 .comment       0x00000000       0x27 /opt/altera/13.0sp1/nios2eds/bin/gnu/H-i686-pc-linux-gnu/bin/../lib/gcc/nios2-elf/4.1.2/../../../../nios2-elf/lib/mno-hw-mul/libc.a(lib_a-makebuf.o)
 .comment       0x00000000       0x27 /opt/altera/13.0sp1/nios2eds/bin/gnu/H-i686-pc-linux-gnu/bin/../lib/gcc/nios2-elf/4.1.2/../../../../nios2-elf/lib/mno-hw-mul/libc.a(lib_a-mallocr.o)
 .comment       0x00000000       0x27 /opt/altera/13.0sp1/nios2eds/bin/gnu/H-i686-pc-linux-gnu/bin/../lib/gcc/nios2-elf/4.1.2/../../../../nios2-elf/lib/mno-hw-mul/libc.a(lib_a-memchr.o)
 .comment       0x00000000       0x27 /opt/altera/13.0sp1/nios2eds/bin/gnu/H-i686-pc-linux-gnu/bin/../lib/gcc/nios2-elf/4.1.2/../../../../nios2-elf/lib/mno-hw-mul/libc.a(lib_a-memcpy.o)
 .comment       0x00000000       0x27 /opt/altera/13.0sp1/nios2eds/bin/gnu/H-i686-pc-linux-gnu/bin/../lib/gcc/nios2-elf/4.1.2/../../../../nios2-elf/lib/mno-hw-mul/libc.a(lib_a-memmove.o)
 .comment       0x00000000       0x27 /opt/altera/13.0sp1/nios2eds/bin/gnu/H-i686-pc-linux-gnu/bin/../lib/gcc/nios2-elf/4.1.2/../../../../nios2-elf/lib/mno-hw-mul/libc.a(lib_a-memset.o)
 .comment       0x00000000       0x27 /opt/altera/13.0sp1/nios2eds/bin/gnu/H-i686-pc-linux-gnu/bin/../lib/gcc/nios2-elf/4.1.2/../../../../nios2-elf/lib/mno-hw-mul/libc.a(lib_a-mprec.o)
 .comment       0x00000000       0x27 /opt/altera/13.0sp1/nios2eds/bin/gnu/H-i686-pc-linux-gnu/bin/../lib/gcc/nios2-elf/4.1.2/../../../../nios2-elf/lib/mno-hw-mul/libc.a(lib_a-reallocr.o)
 .comment       0x00000000       0x27 /opt/altera/13.0sp1/nios2eds/bin/gnu/H-i686-pc-linux-gnu/bin/../lib/gcc/nios2-elf/4.1.2/../../../../nios2-elf/lib/mno-hw-mul/libc.a(lib_a-s_isinfd.o)
 .comment       0x00000000       0x27 /opt/altera/13.0sp1/nios2eds/bin/gnu/H-i686-pc-linux-gnu/bin/../lib/gcc/nios2-elf/4.1.2/../../../../nios2-elf/lib/mno-hw-mul/libc.a(lib_a-s_isnand.o)
 .comment       0x00000000       0x27 /opt/altera/13.0sp1/nios2eds/bin/gnu/H-i686-pc-linux-gnu/bin/../lib/gcc/nios2-elf/4.1.2/../../../../nios2-elf/lib/mno-hw-mul/libc.a(lib_a-sbrkr.o)
 .comment       0x00000000       0x27 /opt/altera/13.0sp1/nios2eds/bin/gnu/H-i686-pc-linux-gnu/bin/../lib/gcc/nios2-elf/4.1.2/../../../../nios2-elf/lib/mno-hw-mul/libc.a(lib_a-stdio.o)
 .comment       0x00000000       0x27 /opt/altera/13.0sp1/nios2eds/bin/gnu/H-i686-pc-linux-gnu/bin/../lib/gcc/nios2-elf/4.1.2/../../../../nios2-elf/lib/mno-hw-mul/libc.a(lib_a-strcmp.o)
 .comment       0x00000000       0x27 /opt/altera/13.0sp1/nios2eds/bin/gnu/H-i686-pc-linux-gnu/bin/../lib/gcc/nios2-elf/4.1.2/../../../../nios2-elf/lib/mno-hw-mul/libc.a(lib_a-writer.o)